2026-09-24 17:54:14 | INFO | 1 | MacroEnergy | run_tools.jl:125 | Running case at /home/al3792/NZC_MGA/NZC_Workshop_Example_Systems_June_2026/NZC_Workshop_All Sector_12day_MultiPeriods_WIP/case
2026-09-24 17:54:14 | INFO | 1 | MacroEnergy | user_additions.jl:78 |  ++ Loading user additions from NZC_Workshop_Example_Systems_June_2026/NZC_Workshop_All Sector_12day_MultiPeriods_WIP/case/user_additions
2026-09-24 17:54:14 | INFO | 1 | MacroEnergy | user_additions.jl:114 |  ++ Successfully loaded user additions.
2026-09-24 17:54:14 | INFO | 1 | MacroEnergy | user_additions.jl:122 |  ++ Added user assets: 0
2026-09-24 17:54:38 | INFO | 1 | MacroEnergy | load_stages_data.jl:37 | Loading case from /home/al3792/NZC_MGA/NZC_Workshop_Example_Systems_June_2026/NZC_Workshop_All Sector_12day_MultiPeriods_WIP/case/system_data.json
2026-09-24 17:54:38 | INFO | 1 | MacroEnergy | load_system_data.jl:17 | Loading system data
2026-09-24 17:54:39 | INFO | 1 | MacroEnergy | load_system_data.jl:25 | Done loading system data. It took 0.88 seconds
2026-09-24 17:54:39 | INFO | 1 | MacroEnergy | load_stages_data.jl:20 | Done loading case data. It took 0.88 seconds
2026-09-24 17:54:39 | INFO | 1 | MacroEnergy | case.jl:16 | *** Generating case ***
2026-09-24 17:54:39 | INFO | 1 | MacroEnergy | case_settings.jl:123 | Configuring case from settings/case_settings.json
2026-09-24 17:54:39 | INFO | 1 | MacroEnergy | case_settings.jl:141 | Configuring case
2026-09-24 17:54:40 | INFO | 1 | MacroEnergy | case_settings.jl:173 |  -- Setting solution algorithm
2026-09-24 17:54:40 | INFO | 1 | MacroEnergy | case_settings.jl:190 |  -- Solution algorithm set to MacroEnergy.Monolithic()
2026-09-24 17:54:40 | INFO | 1 | MacroEnergy | case_settings.jl:195 |  -- Setting expansion horizon
2026-09-24 17:54:40 | INFO | 1 | MacroEnergy | case_settings.jl:204 |  -- Expansion horizon set to MacroEnergy.PerfectForesight()
2026-09-24 17:54:40 | INFO | 1 | MacroEnergy | case.jl:31 | Generating systems
2026-09-24 17:54:40 | INFO | 1 | MacroEnergy | generate_system.jl:18 | Generating system
2026-09-24 17:54:41 | INFO | 1 | MacroEnergy | load_commodities.jl:299 |  ++ Added user commodities: 0 top-level, 0 subcommodities
2026-09-24 17:55:14 | INFO | 1 | MacroEnergy | node.jl:295 |  ++ Creating new location: Region21Hainan
2026-09-24 17:55:14 | INFO | 1 | MacroEnergy | node.jl:295 |  ++ Creating new location: Region26Tibet
2026-09-24 17:55:17 | INFO | 1 | MacroEnergy | supply_inputs.jl:9 | Using legacy parser for supply inputs of cog_Region1Beijing.
2026-09-24 17:55:17 | INFO | 1 | MacroEnergy | supply_inputs.jl:9 | Using legacy parser for supply inputs of cog_Region2Tianjin.
2026-09-24 17:55:17 | INFO | 1 | MacroEnergy | supply_inputs.jl:9 | Using legacy parser for supply inputs of cog_Region3Hebei.
2026-09-24 17:55:17 | INFO | 1 | MacroEnergy | supply_inputs.jl:9 | Using legacy parser for supply inputs of cog_Region4Shanxi.
2026-09-24 17:55:17 | INFO | 1 | MacroEnergy | supply_inputs.jl:9 | Using legacy parser for supply inputs of cog_Region5Innermongolia.
2026-09-24 17:55:17 | INFO | 1 | MacroEnergy | supply_inputs.jl:9 | Using legacy parser for supply inputs of cog_Region6Liaoning.
2026-09-24 17:55:17 | INFO | 1 | MacroEnergy | supply_inputs.jl:9 | Using legacy parser for supply inputs of cog_Region7Jilin.
2026-09-24 17:55:17 | INFO | 1 | MacroEnergy | supply_inputs.jl:9 | Using legacy parser for supply inputs of cog_Region8Heilongjiang.
2026-09-24 17:55:17 | INFO | 1 | MacroEnergy | supply_inputs.jl:9 | Using legacy parser for supply inputs of cog_Region9Shanghai.
2026-09-24 17:55:17 | INFO | 1 | MacroEnergy | supply_inputs.jl:9 | Using legacy parser for supply inputs of cog_Region10Jiangsu.
2026-09-24 17:55:17 | INFO | 1 | MacroEnergy | supply_inputs.jl:9 | Using legacy parser for supply inputs of cog_Region11Zhejiang.
2026-09-24 17:55:17 | INFO | 1 | MacroEnergy | supply_inputs.jl:9 | Using legacy parser for supply inputs of cog_Region12Anhui.
2026-09-24 17:55:17 | INFO | 1 | MacroEnergy | supply_inputs.jl:9 | Using legacy parser for supply inputs of cog_Region13Fujian.
2026-09-24 17:55:17 | INFO | 1 | MacroEnergy | supply_inputs.jl:9 | Using legacy parser for supply inputs of cog_Region14Jiangxi.
2026-09-24 17:55:17 | INFO | 1 | MacroEnergy | supply_inputs.jl:9 | Using legacy parser for supply inputs of cog_Region15Shandong.
2026-09-24 17:55:17 | INFO | 1 | MacroEnergy | supply_inputs.jl:9 | Using legacy parser for supply inputs of cog_Region16Henan.
2026-09-24 17:55:17 | INFO | 1 | MacroEnergy | supply_inputs.jl:9 | Using legacy parser for supply inputs of cog_Region17Hubei.
2026-09-24 17:55:17 | INFO | 1 | MacroEnergy | supply_inputs.jl:9 | Using legacy parser for supply inputs of cog_Region18Hunan.
2026-09-24 17:55:17 | INFO | 1 | MacroEnergy | supply_inputs.jl:9 | Using legacy parser for supply inputs of cog_Region19Guangdong.
2026-09-24 17:55:17 | INFO | 1 | MacroEnergy | supply_inputs.jl:9 | Using legacy parser for supply inputs of cog_Region20Guangxi.
2026-09-24 17:55:17 | INFO | 1 | MacroEnergy | supply_inputs.jl:9 | Using legacy parser for supply inputs of cog_Region21Hainan.
2026-09-24 17:55:17 | INFO | 1 | MacroEnergy | supply_inputs.jl:9 | Using legacy parser for supply inputs of cog_Region22Chongqing.
2026-09-24 17:55:17 | INFO | 1 | MacroEnergy | supply_inputs.jl:9 | Using legacy parser for supply inputs of cog_Region23Sichuan.
2026-09-24 17:55:17 | INFO | 1 | MacroEnergy | supply_inputs.jl:9 | Using legacy parser for supply inputs of cog_Region24Guizhou.
2026-09-24 17:55:17 | INFO | 1 | MacroEnergy | supply_inputs.jl:9 | Using legacy parser for supply inputs of cog_Region25Yunnan.
2026-09-24 17:55:17 | INFO | 1 | MacroEnergy | supply_inputs.jl:9 | Using legacy parser for supply inputs of cog_Region26Tibet.
2026-09-24 17:55:17 | INFO | 1 | MacroEnergy | supply_inputs.jl:9 | Using legacy parser for supply inputs of cog_Region27Shaanxi.
2026-09-24 17:55:17 | INFO | 1 | MacroEnergy | supply_inputs.jl:9 | Using legacy parser for supply inputs of cog_Region28Gansu.
2026-09-24 17:55:17 | INFO | 1 | MacroEnergy | supply_inputs.jl:9 | Using legacy parser for supply inputs of cog_Region29Qinghai.
2026-09-24 17:55:17 | INFO | 1 | MacroEnergy | supply_inputs.jl:9 | Using legacy parser for supply inputs of cog_Region30Ningxia.
2026-09-24 17:55:17 | INFO | 1 | MacroEnergy | supply_inputs.jl:9 | Using legacy parser for supply inputs of cog_Region31Xinjiang.
2026-09-24 17:56:30 | INFO | 1 | MacroEnergy | generate_system.jl:51 | Done generating system. It took 109.73 seconds
2026-09-24 17:56:30 | INFO | 1 | MacroEnergy | generate_system.jl:18 | Generating system
2026-09-24 17:56:30 | INFO | 1 | MacroEnergy | load_commodities.jl:299 |  ++ Added user commodities: 0 top-level, 0 subcommodities
2026-09-24 17:56:54 | INFO | 1 | MacroEnergy | node.jl:295 |  ++ Creating new location: Region21Hainan
2026-09-24 17:56:54 | INFO | 1 | MacroEnergy | node.jl:295 |  ++ Creating new location: Region26Tibet
2026-09-24 17:56:54 | INFO | 1 | MacroEnergy | supply_inputs.jl:9 | Using legacy parser for supply inputs of cog_Region1Beijing.
2026-09-24 17:56:54 | INFO | 1 | MacroEnergy | supply_inputs.jl:9 | Using legacy parser for supply inputs of cog_Region2Tianjin.
2026-09-24 17:56:54 | INFO | 1 | MacroEnergy | supply_inputs.jl:9 | Using legacy parser for supply inputs of cog_Region3Hebei.
2026-09-24 17:56:54 | INFO | 1 | MacroEnergy | supply_inputs.jl:9 | Using legacy parser for supply inputs of cog_Region4Shanxi.
2026-09-24 17:56:54 | INFO | 1 | MacroEnergy | supply_inputs.jl:9 | Using legacy parser for supply inputs of cog_Region5Innermongolia.
2026-09-24 17:56:54 | INFO | 1 | MacroEnergy | supply_inputs.jl:9 | Using legacy parser for supply inputs of cog_Region6Liaoning.
2026-09-24 17:56:54 | INFO | 1 | MacroEnergy | supply_inputs.jl:9 | Using legacy parser for supply inputs of cog_Region7Jilin.
2026-09-24 17:56:54 | INFO | 1 | MacroEnergy | supply_inputs.jl:9 | Using legacy parser for supply inputs of cog_Region8Heilongjiang.
2026-09-24 17:56:54 | INFO | 1 | MacroEnergy | supply_inputs.jl:9 | Using legacy parser for supply inputs of cog_Region9Shanghai.
2026-09-24 17:56:54 | INFO | 1 | MacroEnergy | supply_inputs.jl:9 | Using legacy parser for supply inputs of cog_Region10Jiangsu.
2026-09-24 17:56:54 | INFO | 1 | MacroEnergy | supply_inputs.jl:9 | Using legacy parser for supply inputs of cog_Region11Zhejiang.
2026-09-24 17:56:54 | INFO | 1 | MacroEnergy | supply_inputs.jl:9 | Using legacy parser for supply inputs of cog_Region12Anhui.
2026-09-24 17:56:54 | INFO | 1 | MacroEnergy | supply_inputs.jl:9 | Using legacy parser for supply inputs of cog_Region13Fujian.
2026-09-24 17:56:54 | INFO | 1 | MacroEnergy | supply_inputs.jl:9 | Using legacy parser for supply inputs of cog_Region14Jiangxi.
2026-09-24 17:56:54 | INFO | 1 | MacroEnergy | supply_inputs.jl:9 | Using legacy parser for supply inputs of cog_Region15Shandong.
2026-09-24 17:56:54 | INFO | 1 | MacroEnergy | supply_inputs.jl:9 | Using legacy parser for supply inputs of cog_Region16Henan.
2026-09-24 17:56:54 | INFO | 1 | MacroEnergy | supply_inputs.jl:9 | Using legacy parser for supply inputs of cog_Region17Hubei.
2026-09-24 17:56:54 | INFO | 1 | MacroEnergy | supply_inputs.jl:9 | Using legacy parser for supply inputs of cog_Region18Hunan.
2026-09-24 17:56:54 | INFO | 1 | MacroEnergy | supply_inputs.jl:9 | Using legacy parser for supply inputs of cog_Region19Guangdong.
2026-09-24 17:56:54 | INFO | 1 | MacroEnergy | supply_inputs.jl:9 | Using legacy parser for supply inputs of cog_Region20Guangxi.
2026-09-24 17:56:54 | INFO | 1 | MacroEnergy | supply_inputs.jl:9 | Using legacy parser for supply inputs of cog_Region21Hainan.
2026-09-24 17:56:54 | INFO | 1 | MacroEnergy | supply_inputs.jl:9 | Using legacy parser for supply inputs of cog_Region22Chongqing.
2026-09-24 17:56:54 | INFO | 1 | MacroEnergy | supply_inputs.jl:9 | Using legacy parser for supply inputs of cog_Region23Sichuan.
2026-09-24 17:56:54 | INFO | 1 | MacroEnergy | supply_inputs.jl:9 | Using legacy parser for supply inputs of cog_Region24Guizhou.
2026-09-24 17:56:54 | INFO | 1 | MacroEnergy | supply_inputs.jl:9 | Using legacy parser for supply inputs of cog_Region25Yunnan.
2026-09-24 17:56:54 | INFO | 1 | MacroEnergy | supply_inputs.jl:9 | Using legacy parser for supply inputs of cog_Region26Tibet.
2026-09-24 17:56:54 | INFO | 1 | MacroEnergy | supply_inputs.jl:9 | Using legacy parser for supply inputs of cog_Region27Shaanxi.
2026-09-24 17:56:54 | INFO | 1 | MacroEnergy | supply_inputs.jl:9 | Using legacy parser for supply inputs of cog_Region28Gansu.
2026-09-24 17:56:54 | INFO | 1 | MacroEnergy | supply_inputs.jl:9 | Using legacy parser for supply inputs of cog_Region29Qinghai.
2026-09-24 17:56:54 | INFO | 1 | MacroEnergy | supply_inputs.jl:9 | Using legacy parser for supply inputs of cog_Region30Ningxia.
2026-09-24 17:56:54 | INFO | 1 | MacroEnergy | supply_inputs.jl:9 | Using legacy parser for supply inputs of cog_Region31Xinjiang.
2026-09-24 17:57:33 | INFO | 1 | MacroEnergy | generate_system.jl:51 | Done generating system. It took 63.53 seconds
2026-09-24 17:57:33 | INFO | 1 | MacroEnergy | generate_system.jl:18 | Generating system
2026-09-24 17:57:34 | INFO | 1 | MacroEnergy | load_commodities.jl:299 |  ++ Added user commodities: 0 top-level, 0 subcommodities
2026-09-24 17:57:59 | INFO | 1 | MacroEnergy | node.jl:295 |  ++ Creating new location: Region21Hainan
2026-09-24 17:57:59 | INFO | 1 | MacroEnergy | node.jl:295 |  ++ Creating new location: Region26Tibet
2026-09-24 17:57:59 | INFO | 1 | MacroEnergy | supply_inputs.jl:9 | Using legacy parser for supply inputs of cog_Region1Beijing.
2026-09-24 17:57:59 | INFO | 1 | MacroEnergy | supply_inputs.jl:9 | Using legacy parser for supply inputs of cog_Region2Tianjin.
2026-09-24 17:57:59 | INFO | 1 | MacroEnergy | supply_inputs.jl:9 | Using legacy parser for supply inputs of cog_Region3Hebei.
2026-09-24 17:57:59 | INFO | 1 | MacroEnergy | supply_inputs.jl:9 | Using legacy parser for supply inputs of cog_Region4Shanxi.
2026-09-24 17:57:59 | INFO | 1 | MacroEnergy | supply_inputs.jl:9 | Using legacy parser for supply inputs of cog_Region5Innermongolia.
2026-09-24 17:57:59 | INFO | 1 | MacroEnergy | supply_inputs.jl:9 | Using legacy parser for supply inputs of cog_Region6Liaoning.
2026-09-24 17:57:59 | INFO | 1 | MacroEnergy | supply_inputs.jl:9 | Using legacy parser for supply inputs of cog_Region7Jilin.
2026-09-24 17:57:59 | INFO | 1 | MacroEnergy | supply_inputs.jl:9 | Using legacy parser for supply inputs of cog_Region8Heilongjiang.
2026-09-24 17:57:59 | INFO | 1 | MacroEnergy | supply_inputs.jl:9 | Using legacy parser for supply inputs of cog_Region9Shanghai.
2026-09-24 17:57:59 | INFO | 1 | MacroEnergy | supply_inputs.jl:9 | Using legacy parser for supply inputs of cog_Region10Jiangsu.
2026-09-24 17:57:59 | INFO | 1 | MacroEnergy | supply_inputs.jl:9 | Using legacy parser for supply inputs of cog_Region11Zhejiang.
2026-09-24 17:57:59 | INFO | 1 | MacroEnergy | supply_inputs.jl:9 | Using legacy parser for supply inputs of cog_Region12Anhui.
2026-09-24 17:57:59 | INFO | 1 | MacroEnergy | supply_inputs.jl:9 | Using legacy parser for supply inputs of cog_Region13Fujian.
2026-09-24 17:57:59 | INFO | 1 | MacroEnergy | supply_inputs.jl:9 | Using legacy parser for supply inputs of cog_Region14Jiangxi.
2026-09-24 17:57:59 | INFO | 1 | MacroEnergy | supply_inputs.jl:9 | Using legacy parser for supply inputs of cog_Region15Shandong.
2026-09-24 17:57:59 | INFO | 1 | MacroEnergy | supply_inputs.jl:9 | Using legacy parser for supply inputs of cog_Region16Henan.
2026-09-24 17:57:59 | INFO | 1 | MacroEnergy | supply_inputs.jl:9 | Using legacy parser for supply inputs of cog_Region17Hubei.
2026-09-24 17:57:59 | INFO | 1 | MacroEnergy | supply_inputs.jl:9 | Using legacy parser for supply inputs of cog_Region18Hunan.
2026-09-24 17:57:59 | INFO | 1 | MacroEnergy | supply_inputs.jl:9 | Using legacy parser for supply inputs of cog_Region19Guangdong.
2026-09-24 17:57:59 | INFO | 1 | MacroEnergy | supply_inputs.jl:9 | Using legacy parser for supply inputs of cog_Region20Guangxi.
2026-09-24 17:57:59 | INFO | 1 | MacroEnergy | supply_inputs.jl:9 | Using legacy parser for supply inputs of cog_Region21Hainan.
2026-09-24 17:57:59 | INFO | 1 | MacroEnergy | supply_inputs.jl:9 | Using legacy parser for supply inputs of cog_Region22Chongqing.
2026-09-24 17:57:59 | INFO | 1 | MacroEnergy | supply_inputs.jl:9 | Using legacy parser for supply inputs of cog_Region23Sichuan.
2026-09-24 17:57:59 | INFO | 1 | MacroEnergy | supply_inputs.jl:9 | Using legacy parser for supply inputs of cog_Region24Guizhou.
2026-09-24 17:57:59 | INFO | 1 | MacroEnergy | supply_inputs.jl:9 | Using legacy parser for supply inputs of cog_Region25Yunnan.
2026-09-24 17:57:59 | INFO | 1 | MacroEnergy | supply_inputs.jl:9 | Using legacy parser for supply inputs of cog_Region26Tibet.
2026-09-24 17:57:59 | INFO | 1 | MacroEnergy | supply_inputs.jl:9 | Using legacy parser for supply inputs of cog_Region27Shaanxi.
2026-09-24 17:57:59 | INFO | 1 | MacroEnergy | supply_inputs.jl:9 | Using legacy parser for supply inputs of cog_Region28Gansu.
2026-09-24 17:57:59 | INFO | 1 | MacroEnergy | supply_inputs.jl:9 | Using legacy parser for supply inputs of cog_Region29Qinghai.
2026-09-24 17:57:59 | INFO | 1 | MacroEnergy | supply_inputs.jl:9 | Using legacy parser for supply inputs of cog_Region30Ningxia.
2026-09-24 17:57:59 | INFO | 1 | MacroEnergy | supply_inputs.jl:9 | Using legacy parser for supply inputs of cog_Region31Xinjiang.
2026-09-24 17:58:37 | INFO | 1 | MacroEnergy | generate_system.jl:51 | Done generating system. It took 64.12 seconds
2026-09-24 17:58:37 | INFO | 1 | MacroEnergy | generate_system.jl:18 | Generating system
2026-09-24 17:58:38 | INFO | 1 | MacroEnergy | load_commodities.jl:299 |  ++ Added user commodities: 0 top-level, 0 subcommodities
2026-09-24 17:59:02 | INFO | 1 | MacroEnergy | node.jl:295 |  ++ Creating new location: Region21Hainan
2026-09-24 17:59:02 | INFO | 1 | MacroEnergy | node.jl:295 |  ++ Creating new location: Region26Tibet
2026-09-24 17:59:02 | INFO | 1 | MacroEnergy | supply_inputs.jl:9 | Using legacy parser for supply inputs of cog_Region1Beijing.
2026-09-24 17:59:02 | INFO | 1 | MacroEnergy | supply_inputs.jl:9 | Using legacy parser for supply inputs of cog_Region2Tianjin.
2026-09-24 17:59:02 | INFO | 1 | MacroEnergy | supply_inputs.jl:9 | Using legacy parser for supply inputs of cog_Region3Hebei.
2026-09-24 17:59:02 | INFO | 1 | MacroEnergy | supply_inputs.jl:9 | Using legacy parser for supply inputs of cog_Region4Shanxi.
2026-09-24 17:59:02 | INFO | 1 | MacroEnergy | supply_inputs.jl:9 | Using legacy parser for supply inputs of cog_Region5Innermongolia.
2026-09-24 17:59:02 | INFO | 1 | MacroEnergy | supply_inputs.jl:9 | Using legacy parser for supply inputs of cog_Region6Liaoning.
2026-09-24 17:59:02 | INFO | 1 | MacroEnergy | supply_inputs.jl:9 | Using legacy parser for supply inputs of cog_Region7Jilin.
2026-09-24 17:59:02 | INFO | 1 | MacroEnergy | supply_inputs.jl:9 | Using legacy parser for supply inputs of cog_Region8Heilongjiang.
2026-09-24 17:59:02 | INFO | 1 | MacroEnergy | supply_inputs.jl:9 | Using legacy parser for supply inputs of cog_Region9Shanghai.
2026-09-24 17:59:02 | INFO | 1 | MacroEnergy | supply_inputs.jl:9 | Using legacy parser for supply inputs of cog_Region10Jiangsu.
2026-09-24 17:59:02 | INFO | 1 | MacroEnergy | supply_inputs.jl:9 | Using legacy parser for supply inputs of cog_Region11Zhejiang.
2026-09-24 17:59:02 | INFO | 1 | MacroEnergy | supply_inputs.jl:9 | Using legacy parser for supply inputs of cog_Region12Anhui.
2026-09-24 17:59:02 | INFO | 1 | MacroEnergy | supply_inputs.jl:9 | Using legacy parser for supply inputs of cog_Region13Fujian.
2026-09-24 17:59:02 | INFO | 1 | MacroEnergy | supply_inputs.jl:9 | Using legacy parser for supply inputs of cog_Region14Jiangxi.
2026-09-24 17:59:02 | INFO | 1 | MacroEnergy | supply_inputs.jl:9 | Using legacy parser for supply inputs of cog_Region15Shandong.
2026-09-24 17:59:02 | INFO | 1 | MacroEnergy | supply_inputs.jl:9 | Using legacy parser for supply inputs of cog_Region16Henan.
2026-09-24 17:59:02 | INFO | 1 | MacroEnergy | supply_inputs.jl:9 | Using legacy parser for supply inputs of cog_Region17Hubei.
2026-09-24 17:59:02 | INFO | 1 | MacroEnergy | supply_inputs.jl:9 | Using legacy parser for supply inputs of cog_Region18Hunan.
2026-09-24 17:59:02 | INFO | 1 | MacroEnergy | supply_inputs.jl:9 | Using legacy parser for supply inputs of cog_Region19Guangdong.
2026-09-24 17:59:02 | INFO | 1 | MacroEnergy | supply_inputs.jl:9 | Using legacy parser for supply inputs of cog_Region20Guangxi.
2026-09-24 17:59:02 | INFO | 1 | MacroEnergy | supply_inputs.jl:9 | Using legacy parser for supply inputs of cog_Region21Hainan.
2026-09-24 17:59:02 | INFO | 1 | MacroEnergy | supply_inputs.jl:9 | Using legacy parser for supply inputs of cog_Region22Chongqing.
2026-09-24 17:59:02 | INFO | 1 | MacroEnergy | supply_inputs.jl:9 | Using legacy parser for supply inputs of cog_Region23Sichuan.
2026-09-24 17:59:02 | INFO | 1 | MacroEnergy | supply_inputs.jl:9 | Using legacy parser for supply inputs of cog_Region24Guizhou.
2026-09-24 17:59:02 | INFO | 1 | MacroEnergy | supply_inputs.jl:9 | Using legacy parser for supply inputs of cog_Region25Yunnan.
2026-09-24 17:59:02 | INFO | 1 | MacroEnergy | supply_inputs.jl:9 | Using legacy parser for supply inputs of cog_Region26Tibet.
2026-09-24 17:59:02 | INFO | 1 | MacroEnergy | supply_inputs.jl:9 | Using legacy parser for supply inputs of cog_Region27Shaanxi.
2026-09-24 17:59:02 | INFO | 1 | MacroEnergy | supply_inputs.jl:9 | Using legacy parser for supply inputs of cog_Region28Gansu.
2026-09-24 17:59:02 | INFO | 1 | MacroEnergy | supply_inputs.jl:9 | Using legacy parser for supply inputs of cog_Region29Qinghai.
2026-09-24 17:59:02 | INFO | 1 | MacroEnergy | supply_inputs.jl:9 | Using legacy parser for supply inputs of cog_Region30Ningxia.
2026-09-24 17:59:02 | INFO | 1 | MacroEnergy | supply_inputs.jl:9 | Using legacy parser for supply inputs of cog_Region31Xinjiang.
2026-09-24 17:59:41 | INFO | 1 | MacroEnergy | generate_system.jl:51 | Done generating system. It took 64.11 seconds
2026-09-24 17:59:46 | INFO | 1 | MacroEnergy | case.jl:61 |  -- Discounting fixed costs for period 1
2026-09-24 17:59:47 | INFO | 1 | MacroEnergy | case.jl:64 |  -- Computing retirement case for period 1
2026-09-24 17:59:48 | INFO | 1 | MacroEnergy | case.jl:61 |  -- Discounting fixed costs for period 2
2026-09-24 17:59:48 | INFO | 1 | MacroEnergy | case.jl:64 |  -- Computing retirement case for period 2
2026-09-24 17:59:51 | INFO | 1 | MacroEnergy | case.jl:61 |  -- Discounting fixed costs for period 3
2026-09-24 17:59:51 | INFO | 1 | MacroEnergy | case.jl:64 |  -- Computing retirement case for period 3
2026-09-24 17:59:53 | INFO | 1 | MacroEnergy | case.jl:61 |  -- Discounting fixed costs for period 4
2026-09-24 17:59:53 | INFO | 1 | MacroEnergy | case.jl:64 |  -- Computing retirement case for period 4
2026-09-24 17:59:55 | INFO | 1 | MacroEnergy | case.jl:46 | *** Done generating case. It took 314.86 seconds ***
2026-09-24 17:59:55 | INFO | 1 | MacroEnergy | solver.jl:10 | *** Running simulation with Perfect Foresight expansion horizon and Monolithic solution algorithm ***
2026-09-24 17:59:55 | INFO | 1 | MacroEnergy | generate_model.jl:2 | *** Generating monolithic model ***
2026-09-24 17:59:55 | INFO | 1 | MacroEnergy | generate_model.jl:13 | Generating model
2026-09-24 17:59:55 | INFO | 1 | MacroEnergy | generate_model.jl:179 |  -- Period 1
2026-09-24 17:59:55 | INFO | 1 | MacroEnergy | generate_model.jl:185 |  -- Adding linking variables
2026-09-24 17:59:58 | INFO | 1 | MacroEnergy | generate_model.jl:188 |  -- Defining available capacity
2026-09-24 18:00:02 | INFO | 1 | MacroEnergy | generate_model.jl:191 |  -- Generating planning model
2026-09-24 18:00:09 | INFO | 1 | MacroEnergy | generate_model.jl:195 |  -- Adding retrofit constraints
2026-09-24 18:00:09 | INFO | 1 | MacroEnergy | generate_model.jl:199 |  -- Including age-based retirements
2026-09-24 18:00:10 | INFO | 1 | MacroEnergy | generate_model.jl:203 |  -- Available capacity in period 1 is being carried over to period 2
2026-09-24 18:00:15 | INFO | 1 | MacroEnergy | generate_model.jl:162 |  -- Generating operational model
2026-09-24 18:01:30 | INFO | 1 | MacroEnergy | generate_model.jl:179 |  -- Period 2
2026-09-24 18:01:30 | INFO | 1 | MacroEnergy | generate_model.jl:185 |  -- Adding linking variables
2026-09-24 18:01:30 | INFO | 1 | MacroEnergy | generate_model.jl:188 |  -- Defining available capacity
2026-09-24 18:01:30 | INFO | 1 | MacroEnergy | generate_model.jl:191 |  -- Generating planning model
2026-09-24 18:01:30 | INFO | 1 | MacroEnergy | generate_model.jl:195 |  -- Adding retrofit constraints
2026-09-24 18:01:30 | INFO | 1 | MacroEnergy | generate_model.jl:199 |  -- Including age-based retirements
2026-09-24 18:01:30 | INFO | 1 | MacroEnergy | generate_model.jl:203 |  -- Available capacity in period 2 is being carried over to period 3
2026-09-24 18:01:32 | INFO | 1 | MacroEnergy | generate_model.jl:162 |  -- Generating operational model
2026-09-24 18:02:08 | INFO | 1 | MacroEnergy | generate_model.jl:179 |  -- Period 3
2026-09-24 18:02:08 | INFO | 1 | MacroEnergy | generate_model.jl:185 |  -- Adding linking variables
2026-09-24 18:02:08 | INFO | 1 | MacroEnergy | generate_model.jl:188 |  -- Defining available capacity
2026-09-24 18:02:08 | INFO | 1 | MacroEnergy | generate_model.jl:191 |  -- Generating planning model
2026-09-24 18:02:08 | INFO | 1 | MacroEnergy | generate_model.jl:195 |  -- Adding retrofit constraints
2026-09-24 18:02:09 | INFO | 1 | MacroEnergy | generate_model.jl:199 |  -- Including age-based retirements
2026-09-24 18:02:09 | INFO | 1 | MacroEnergy | generate_model.jl:203 |  -- Available capacity in period 3 is being carried over to period 4
2026-09-24 18:02:10 | INFO | 1 | MacroEnergy | generate_model.jl:162 |  -- Generating operational model
2026-09-24 18:02:52 | INFO | 1 | MacroEnergy | generate_model.jl:179 |  -- Period 4
2026-09-24 18:02:52 | INFO | 1 | MacroEnergy | generate_model.jl:185 |  -- Adding linking variables
2026-09-24 18:02:52 | INFO | 1 | MacroEnergy | generate_model.jl:188 |  -- Defining available capacity
2026-09-24 18:02:52 | INFO | 1 | MacroEnergy | generate_model.jl:191 |  -- Generating planning model
2026-09-24 18:02:52 | INFO | 1 | MacroEnergy | generate_model.jl:195 |  -- Adding retrofit constraints
2026-09-24 18:02:53 | INFO | 1 | MacroEnergy | generate_model.jl:199 |  -- Including age-based retirements
2026-09-24 18:02:53 | INFO | 1 | MacroEnergy | generate_model.jl:162 |  -- Generating operational model
2026-09-24 18:03:34 | INFO | 1 | MacroEnergy | generate_model.jl:28 |  -- Adding MGA variables
2026-09-24 18:03:54 | INFO | 1 | MacroEnergy | scaling.jl:191 | Scaling constraints and RHS
2026-09-24 18:04:49 | INFO | 1 | MacroEnergy | generate_model.jl:43 |  -- Model generation complete, it took 294.50451707839966 seconds
2026-09-24 19:07:04 | INFO | 1 | MacroEnergy | write_outputs.jl:13 | Writing results for period 1
2026-09-24 19:07:09 | INFO | 1 | MacroEnergy | write_capacity.jl:68 | Writing capacity results to /home/al3792/NZC_MGA/NZC_Workshop_Example_Systems_June_2026/NZC_Workshop_All Sector_12day_MultiPeriods_WIP/case/results_tdr12days_062026/results_period_1/capacity.csv
2026-09-24 19:07:47 | INFO | 1 | MacroEnergy | write_cost.jl:36 | Writing total discounted costs to /home/al3792/NZC_MGA/NZC_Workshop_Example_Systems_June_2026/NZC_Workshop_All Sector_12day_MultiPeriods_WIP/case/results_tdr12days_062026/results_period_1/costs.csv
2026-09-24 19:07:50 | INFO | 1 | MacroEnergy | write_cost.jl:79 | Writing total undiscounted costs to /home/al3792/NZC_MGA/NZC_Workshop_Example_Systems_June_2026/NZC_Workshop_All Sector_12day_MultiPeriods_WIP/case/results_tdr12days_062026/results_period_1/undiscounted_costs.csv
2026-09-24 19:08:03 | WARN | 1 | MacroEnergy | write_cost.jl:953 | Objective value validation failed. Validation difference: 6.042854842464844e10
2026-09-24 19:08:04 | INFO | 1 | MacroEnergy | write_cost.jl:564 | Writing detailed discounted costs by type to /home/al3792/NZC_MGA/NZC_Workshop_Example_Systems_June_2026/NZC_Workshop_All Sector_12day_MultiPeriods_WIP/case/results_tdr12days_062026/results_period_1/costs_by_type.csv
2026-09-24 19:08:05 | WARN | 1 | MacroEnergy | write_cost.jl:953 | Objective value validation failed. Validation difference: 6.0428548424649414e10
2026-09-24 19:08:05 | INFO | 1 | MacroEnergy | write_cost.jl:572 | Writing detailed discounted costs by zone to /home/al3792/NZC_MGA/NZC_Workshop_Example_Systems_June_2026/NZC_Workshop_All Sector_12day_MultiPeriods_WIP/case/results_tdr12days_062026/results_period_1/costs_by_zone.csv
2026-09-24 19:08:08 | WARN | 1 | MacroEnergy | write_cost.jl:953 | Objective value validation failed. Validation difference: 6.882559059351172e10
2026-09-24 19:08:08 | INFO | 1 | MacroEnergy | write_cost.jl:564 | Writing detailed undiscounted costs by type to /home/al3792/NZC_MGA/NZC_Workshop_Example_Systems_June_2026/NZC_Workshop_All Sector_12day_MultiPeriods_WIP/case/results_tdr12days_062026/results_period_1/undiscounted_costs_by_type.csv
2026-09-24 19:08:09 | WARN | 1 | MacroEnergy | write_cost.jl:953 | Objective value validation failed. Validation difference: 6.88255905935166e10
2026-09-24 19:08:09 | INFO | 1 | MacroEnergy | write_cost.jl:572 | Writing detailed undiscounted costs by zone to /home/al3792/NZC_MGA/NZC_Workshop_Example_Systems_June_2026/NZC_Workshop_All Sector_12day_MultiPeriods_WIP/case/results_tdr12days_062026/results_period_1/undiscounted_costs_by_zone.csv
2026-09-24 19:08:09 | INFO | 1 | MacroEnergy | write_flow.jl:66 | Writing flow results to /home/al3792/NZC_MGA/NZC_Workshop_Example_Systems_June_2026/NZC_Workshop_All Sector_12day_MultiPeriods_WIP/case/results_tdr12days_062026/results_period_1/flows.csv
2026-09-24 19:08:25 | INFO | 1 | MacroEnergy | write_non_served_demand.jl:44 | Writing non-served demand results to /home/al3792/NZC_MGA/NZC_Workshop_Example_Systems_June_2026/NZC_Workshop_All Sector_12day_MultiPeriods_WIP/case/results_tdr12days_062026/results_period_1/non_served_demand.csv
2026-09-24 19:08:26 | INFO | 1 | MacroEnergy | write_storage_level.jl:58 | Writing storage level results to /home/al3792/NZC_MGA/NZC_Workshop_Example_Systems_June_2026/NZC_Workshop_All Sector_12day_MultiPeriods_WIP/case/results_tdr12days_062026/results_period_1/storage_level.csv
2026-09-24 19:08:27 | INFO | 1 | MacroEnergy | write_curtailment.jl:44 | Writing curtailment results to /home/al3792/NZC_MGA/NZC_Workshop_Example_Systems_June_2026/NZC_Workshop_All Sector_12day_MultiPeriods_WIP/case/results_tdr12days_062026/results_period_1/curtailment.csv
2026-09-24 19:08:27 | INFO | 1 | MacroEnergy | write_time_weights.jl:49 | Writing time weights to /home/al3792/NZC_MGA/NZC_Workshop_Example_Systems_June_2026/NZC_Workshop_All Sector_12day_MultiPeriods_WIP/case/results_tdr12days_062026/results_period_1/time_weights.csv
2026-09-24 19:08:28 | INFO | 1 | MacroEnergy | write_duals.jl:39 | Writing constraint dual values to /home/al3792/NZC_MGA/NZC_Workshop_Example_Systems_June_2026/NZC_Workshop_All Sector_12day_MultiPeriods_WIP/case/results_tdr12days_062026/results_period_1
2026-09-24 19:08:28 | INFO | 1 | MacroEnergy | write_duals.jl:83 | Writing balance constraint dual values to /home/al3792/NZC_MGA/NZC_Workshop_Example_Systems_June_2026/NZC_Workshop_All Sector_12day_MultiPeriods_WIP/case/results_tdr12days_062026/results_period_1
2026-09-24 19:08:31 | INFO | 1 | MacroEnergy | write_duals.jl:177 | Writing CO2 cap constraint dual values to /home/al3792/NZC_MGA/NZC_Workshop_Example_Systems_June_2026/NZC_Workshop_All Sector_12day_MultiPeriods_WIP/case/results_tdr12days_062026/results_period_1
2026-09-24 19:08:31 | INFO | 1 | MacroEnergy | write_outputs.jl:305 | Writing objective value to /home/al3792/NZC_MGA/NZC_Workshop_Example_Systems_June_2026/NZC_Workshop_All Sector_12day_MultiPeriods_WIP/case/results_tdr12days_062026/results_period_1/objective_value.csv
2026-09-24 19:08:32 | INFO | 1 | MacroEnergy | write_outputs.jl:13 | Writing results for period 2
2026-09-24 19:08:32 | INFO | 1 | MacroEnergy | write_capacity.jl:68 | Writing capacity results to /home/al3792/NZC_MGA/NZC_Workshop_Example_Systems_June_2026/NZC_Workshop_All Sector_12day_MultiPeriods_WIP/case/results_tdr12days_062026/results_period_2/capacity.csv
2026-09-24 19:08:49 | INFO | 1 | MacroEnergy | write_cost.jl:36 | Writing total discounted costs to /home/al3792/NZC_MGA/NZC_Workshop_Example_Systems_June_2026/NZC_Workshop_All Sector_12day_MultiPeriods_WIP/case/results_tdr12days_062026/results_period_2/costs.csv
2026-09-24 19:08:51 | INFO | 1 | MacroEnergy | write_cost.jl:79 | Writing total undiscounted costs to /home/al3792/NZC_MGA/NZC_Workshop_Example_Systems_June_2026/NZC_Workshop_All Sector_12day_MultiPeriods_WIP/case/results_tdr12days_062026/results_period_2/undiscounted_costs.csv
2026-09-24 19:08:59 | WARN | 1 | MacroEnergy | write_cost.jl:953 | Objective value validation failed. Validation difference: 1.8719040846200684e11
2026-09-24 19:08:59 | INFO | 1 | MacroEnergy | write_cost.jl:564 | Writing detailed discounted costs by type to /home/al3792/NZC_MGA/NZC_Workshop_Example_Systems_June_2026/NZC_Workshop_All Sector_12day_MultiPeriods_WIP/case/results_tdr12days_062026/results_period_2/costs_by_type.csv
2026-09-24 19:09:01 | WARN | 1 | MacroEnergy | write_cost.jl:953 | Objective value validation failed. Validation difference: 1.8719040846200098e11
2026-09-24 19:09:01 | INFO | 1 | MacroEnergy | write_cost.jl:572 | Writing detailed discounted costs by zone to /home/al3792/NZC_MGA/NZC_Workshop_Example_Systems_June_2026/NZC_Workshop_All Sector_12day_MultiPeriods_WIP/case/results_tdr12days_062026/results_period_2/costs_by_zone.csv
2026-09-24 19:09:03 | WARN | 1 | MacroEnergy | write_cost.jl:953 | Objective value validation failed. Validation difference: 2.9480805546805664e11
2026-09-24 19:09:03 | INFO | 1 | MacroEnergy | write_cost.jl:564 | Writing detailed undiscounted costs by type to /home/al3792/NZC_MGA/NZC_Workshop_Example_Systems_June_2026/NZC_Workshop_All Sector_12day_MultiPeriods_WIP/case/results_tdr12days_062026/results_period_2/undiscounted_costs_by_type.csv
2026-09-24 19:09:05 | WARN | 1 | MacroEnergy | write_cost.jl:953 | Objective value validation failed. Validation difference: 2.948080554680469e11
2026-09-24 19:09:05 | INFO | 1 | MacroEnergy | write_cost.jl:572 | Writing detailed undiscounted costs by zone to /home/al3792/NZC_MGA/NZC_Workshop_Example_Systems_June_2026/NZC_Workshop_All Sector_12day_MultiPeriods_WIP/case/results_tdr12days_062026/results_period_2/undiscounted_costs_by_zone.csv
2026-09-24 19:09:05 | INFO | 1 | MacroEnergy | write_flow.jl:66 | Writing flow results to /home/al3792/NZC_MGA/NZC_Workshop_Example_Systems_June_2026/NZC_Workshop_All Sector_12day_MultiPeriods_WIP/case/results_tdr12days_062026/results_period_2/flows.csv
2026-09-24 19:09:14 | INFO | 1 | MacroEnergy | write_non_served_demand.jl:44 | Writing non-served demand results to /home/al3792/NZC_MGA/NZC_Workshop_Example_Systems_June_2026/NZC_Workshop_All Sector_12day_MultiPeriods_WIP/case/results_tdr12days_062026/results_period_2/non_served_demand.csv
2026-09-24 19:09:14 | INFO | 1 | MacroEnergy | write_storage_level.jl:58 | Writing storage level results to /home/al3792/NZC_MGA/NZC_Workshop_Example_Systems_June_2026/NZC_Workshop_All Sector_12day_MultiPeriods_WIP/case/results_tdr12days_062026/results_period_2/storage_level.csv
2026-09-24 19:09:14 | INFO | 1 | MacroEnergy | write_curtailment.jl:44 | Writing curtailment results to /home/al3792/NZC_MGA/NZC_Workshop_Example_Systems_June_2026/NZC_Workshop_All Sector_12day_MultiPeriods_WIP/case/results_tdr12days_062026/results_period_2/curtailment.csv
2026-09-24 19:09:14 | INFO | 1 | MacroEnergy | write_time_weights.jl:49 | Writing time weights to /home/al3792/NZC_MGA/NZC_Workshop_Example_Systems_June_2026/NZC_Workshop_All Sector_12day_MultiPeriods_WIP/case/results_tdr12days_062026/results_period_2/time_weights.csv
2026-09-24 19:09:14 | INFO | 1 | MacroEnergy | write_duals.jl:39 | Writing constraint dual values to /home/al3792/NZC_MGA/NZC_Workshop_Example_Systems_June_2026/NZC_Workshop_All Sector_12day_MultiPeriods_WIP/case/results_tdr12days_062026/results_period_2
2026-09-24 19:09:14 | INFO | 1 | MacroEnergy | write_duals.jl:83 | Writing balance constraint dual values to /home/al3792/NZC_MGA/NZC_Workshop_Example_Systems_June_2026/NZC_Workshop_All Sector_12day_MultiPeriods_WIP/case/results_tdr12days_062026/results_period_2
2026-09-24 19:09:14 | INFO | 1 | MacroEnergy | write_duals.jl:177 | Writing CO2 cap constraint dual values to /home/al3792/NZC_MGA/NZC_Workshop_Example_Systems_June_2026/NZC_Workshop_All Sector_12day_MultiPeriods_WIP/case/results_tdr12days_062026/results_period_2
2026-09-24 19:09:14 | INFO | 1 | MacroEnergy | write_outputs.jl:305 | Writing objective value to /home/al3792/NZC_MGA/NZC_Workshop_Example_Systems_June_2026/NZC_Workshop_All Sector_12day_MultiPeriods_WIP/case/results_tdr12days_062026/results_period_2/objective_value.csv
2026-09-24 19:09:14 | INFO | 1 | MacroEnergy | write_outputs.jl:13 | Writing results for period 3
2026-09-24 19:09:14 | INFO | 1 | MacroEnergy | write_capacity.jl:68 | Writing capacity results to /home/al3792/NZC_MGA/NZC_Workshop_Example_Systems_June_2026/NZC_Workshop_All Sector_12day_MultiPeriods_WIP/case/results_tdr12days_062026/results_period_3/capacity.csv
2026-09-24 19:09:33 | INFO | 1 | MacroEnergy | write_cost.jl:36 | Writing total discounted costs to /home/al3792/NZC_MGA/NZC_Workshop_Example_Systems_June_2026/NZC_Workshop_All Sector_12day_MultiPeriods_WIP/case/results_tdr12days_062026/results_period_3/costs.csv
2026-09-24 19:09:34 | INFO | 1 | MacroEnergy | write_cost.jl:79 | Writing total undiscounted costs to /home/al3792/NZC_MGA/NZC_Workshop_Example_Systems_June_2026/NZC_Workshop_All Sector_12day_MultiPeriods_WIP/case/results_tdr12days_062026/results_period_3/undiscounted_costs.csv
2026-09-24 19:09:42 | WARN | 1 | MacroEnergy | write_cost.jl:953 | Objective value validation failed. Validation difference: 8.414345875167871e10
2026-09-24 19:09:42 | INFO | 1 | MacroEnergy | write_cost.jl:564 | Writing detailed discounted costs by type to /home/al3792/NZC_MGA/NZC_Workshop_Example_Systems_June_2026/NZC_Workshop_All Sector_12day_MultiPeriods_WIP/case/results_tdr12days_062026/results_period_3/costs_by_type.csv
2026-09-24 19:09:44 | WARN | 1 | MacroEnergy | write_cost.jl:953 | Objective value validation failed. Validation difference: 8.414345875167236e10
2026-09-24 19:09:44 | INFO | 1 | MacroEnergy | write_cost.jl:572 | Writing detailed discounted costs by zone to /home/al3792/NZC_MGA/NZC_Workshop_Example_Systems_June_2026/NZC_Workshop_All Sector_12day_MultiPeriods_WIP/case/results_tdr12days_062026/results_period_3/costs_by_zone.csv
2026-09-24 19:09:47 | WARN | 1 | MacroEnergy | write_cost.jl:953 | Objective value validation failed. Validation difference: 2.057969900830371e11
2026-09-24 19:09:47 | INFO | 1 | MacroEnergy | write_cost.jl:564 | Writing detailed undiscounted costs by type to /home/al3792/NZC_MGA/NZC_Workshop_Example_Systems_June_2026/NZC_Workshop_All Sector_12day_MultiPeriods_WIP/case/results_tdr12days_062026/results_period_3/undiscounted_costs_by_type.csv
2026-09-24 19:09:49 | WARN | 1 | MacroEnergy | write_cost.jl:953 | Objective value validation failed. Validation difference: 2.0579699008303613e11
2026-09-24 19:09:49 | INFO | 1 | MacroEnergy | write_cost.jl:572 | Writing detailed undiscounted costs by zone to /home/al3792/NZC_MGA/NZC_Workshop_Example_Systems_June_2026/NZC_Workshop_All Sector_12day_MultiPeriods_WIP/case/results_tdr12days_062026/results_period_3/undiscounted_costs_by_zone.csv
2026-09-24 19:09:49 | INFO | 1 | MacroEnergy | write_flow.jl:66 | Writing flow results to /home/al3792/NZC_MGA/NZC_Workshop_Example_Systems_June_2026/NZC_Workshop_All Sector_12day_MultiPeriods_WIP/case/results_tdr12days_062026/results_period_3/flows.csv
2026-09-24 19:09:58 | INFO | 1 | MacroEnergy | write_non_served_demand.jl:44 | Writing non-served demand results to /home/al3792/NZC_MGA/NZC_Workshop_Example_Systems_June_2026/NZC_Workshop_All Sector_12day_MultiPeriods_WIP/case/results_tdr12days_062026/results_period_3/non_served_demand.csv
2026-09-24 19:09:58 | INFO | 1 | MacroEnergy | write_storage_level.jl:58 | Writing storage level results to /home/al3792/NZC_MGA/NZC_Workshop_Example_Systems_June_2026/NZC_Workshop_All Sector_12day_MultiPeriods_WIP/case/results_tdr12days_062026/results_period_3/storage_level.csv
2026-09-24 19:09:58 | INFO | 1 | MacroEnergy | write_curtailment.jl:44 | Writing curtailment results to /home/al3792/NZC_MGA/NZC_Workshop_Example_Systems_June_2026/NZC_Workshop_All Sector_12day_MultiPeriods_WIP/case/results_tdr12days_062026/results_period_3/curtailment.csv
2026-09-24 19:09:58 | INFO | 1 | MacroEnergy | write_time_weights.jl:49 | Writing time weights to /home/al3792/NZC_MGA/NZC_Workshop_Example_Systems_June_2026/NZC_Workshop_All Sector_12day_MultiPeriods_WIP/case/results_tdr12days_062026/results_period_3/time_weights.csv
2026-09-24 19:09:58 | INFO | 1 | MacroEnergy | write_duals.jl:39 | Writing constraint dual values to /home/al3792/NZC_MGA/NZC_Workshop_Example_Systems_June_2026/NZC_Workshop_All Sector_12day_MultiPeriods_WIP/case/results_tdr12days_062026/results_period_3
2026-09-24 19:09:58 | INFO | 1 | MacroEnergy | write_duals.jl:83 | Writing balance constraint dual values to /home/al3792/NZC_MGA/NZC_Workshop_Example_Systems_June_2026/NZC_Workshop_All Sector_12day_MultiPeriods_WIP/case/results_tdr12days_062026/results_period_3
2026-09-24 19:09:58 | INFO | 1 | MacroEnergy | write_duals.jl:177 | Writing CO2 cap constraint dual values to /home/al3792/NZC_MGA/NZC_Workshop_Example_Systems_June_2026/NZC_Workshop_All Sector_12day_MultiPeriods_WIP/case/results_tdr12days_062026/results_period_3
2026-09-24 19:09:58 | INFO | 1 | MacroEnergy | write_outputs.jl:305 | Writing objective value to /home/al3792/NZC_MGA/NZC_Workshop_Example_Systems_June_2026/NZC_Workshop_All Sector_12day_MultiPeriods_WIP/case/results_tdr12days_062026/results_period_3/objective_value.csv
2026-09-24 19:09:58 | INFO | 1 | MacroEnergy | write_outputs.jl:13 | Writing results for period 4
2026-09-24 19:09:58 | INFO | 1 | MacroEnergy | write_capacity.jl:68 | Writing capacity results to /home/al3792/NZC_MGA/NZC_Workshop_Example_Systems_June_2026/NZC_Workshop_All Sector_12day_MultiPeriods_WIP/case/results_tdr12days_062026/results_period_4/capacity.csv
2026-09-24 19:10:16 | INFO | 1 | MacroEnergy | write_cost.jl:36 | Writing total discounted costs to /home/al3792/NZC_MGA/NZC_Workshop_Example_Systems_June_2026/NZC_Workshop_All Sector_12day_MultiPeriods_WIP/case/results_tdr12days_062026/results_period_4/costs.csv
2026-09-24 19:10:18 | INFO | 1 | MacroEnergy | write_cost.jl:79 | Writing total undiscounted costs to /home/al3792/NZC_MGA/NZC_Workshop_Example_Systems_June_2026/NZC_Workshop_All Sector_12day_MultiPeriods_WIP/case/results_tdr12days_062026/results_period_4/undiscounted_costs.csv
2026-09-24 19:10:26 | WARN | 1 | MacroEnergy | write_cost.jl:953 | Objective value validation failed. Validation difference: 6.509137861422827e10
2026-09-24 19:10:26 | INFO | 1 | MacroEnergy | write_cost.jl:564 | Writing detailed discounted costs by type to /home/al3792/NZC_MGA/NZC_Workshop_Example_Systems_June_2026/NZC_Workshop_All Sector_12day_MultiPeriods_WIP/case/results_tdr12days_062026/results_period_4/costs_by_type.csv
2026-09-24 19:10:27 | WARN | 1 | MacroEnergy | write_cost.jl:953 | Objective value validation failed. Validation difference: 6.509137861422827e10
2026-09-24 19:10:27 | INFO | 1 | MacroEnergy | write_cost.jl:572 | Writing detailed discounted costs by zone to /home/al3792/NZC_MGA/NZC_Workshop_Example_Systems_June_2026/NZC_Workshop_All Sector_12day_MultiPeriods_WIP/case/results_tdr12days_062026/results_period_4/costs_by_zone.csv
2026-09-24 19:10:30 | WARN | 1 | MacroEnergy | write_cost.jl:953 | Objective value validation failed. Validation difference: 2.472321997719961e11
2026-09-24 19:10:30 | INFO | 1 | MacroEnergy | write_cost.jl:564 | Writing detailed undiscounted costs by type to /home/al3792/NZC_MGA/NZC_Workshop_Example_Systems_June_2026/NZC_Workshop_All Sector_12day_MultiPeriods_WIP/case/results_tdr12days_062026/results_period_4/undiscounted_costs_by_type.csv
2026-09-24 19:10:32 | WARN | 1 | MacroEnergy | write_cost.jl:953 | Objective value validation failed. Validation difference: 2.4723219977199512e11
2026-09-24 19:10:32 | INFO | 1 | MacroEnergy | write_cost.jl:572 | Writing detailed undiscounted costs by zone to /home/al3792/NZC_MGA/NZC_Workshop_Example_Systems_June_2026/NZC_Workshop_All Sector_12day_MultiPeriods_WIP/case/results_tdr12days_062026/results_period_4/undiscounted_costs_by_zone.csv
2026-09-24 19:10:32 | INFO | 1 | MacroEnergy | write_flow.jl:66 | Writing flow results to /home/al3792/NZC_MGA/NZC_Workshop_Example_Systems_June_2026/NZC_Workshop_All Sector_12day_MultiPeriods_WIP/case/results_tdr12days_062026/results_period_4/flows.csv
2026-09-24 19:10:40 | INFO | 1 | MacroEnergy | write_non_served_demand.jl:44 | Writing non-served demand results to /home/al3792/NZC_MGA/NZC_Workshop_Example_Systems_June_2026/NZC_Workshop_All Sector_12day_MultiPeriods_WIP/case/results_tdr12days_062026/results_period_4/non_served_demand.csv
2026-09-24 19:10:40 | INFO | 1 | MacroEnergy | write_storage_level.jl:58 | Writing storage level results to /home/al3792/NZC_MGA/NZC_Workshop_Example_Systems_June_2026/NZC_Workshop_All Sector_12day_MultiPeriods_WIP/case/results_tdr12days_062026/results_period_4/storage_level.csv
2026-09-24 19:10:40 | INFO | 1 | MacroEnergy | write_curtailment.jl:44 | Writing curtailment results to /home/al3792/NZC_MGA/NZC_Workshop_Example_Systems_June_2026/NZC_Workshop_All Sector_12day_MultiPeriods_WIP/case/results_tdr12days_062026/results_period_4/curtailment.csv
2026-09-24 19:10:40 | INFO | 1 | MacroEnergy | write_time_weights.jl:49 | Writing time weights to /home/al3792/NZC_MGA/NZC_Workshop_Example_Systems_June_2026/NZC_Workshop_All Sector_12day_MultiPeriods_WIP/case/results_tdr12days_062026/results_period_4/time_weights.csv
2026-09-24 19:10:40 | INFO | 1 | MacroEnergy | write_duals.jl:39 | Writing constraint dual values to /home/al3792/NZC_MGA/NZC_Workshop_Example_Systems_June_2026/NZC_Workshop_All Sector_12day_MultiPeriods_WIP/case/results_tdr12days_062026/results_period_4
2026-09-24 19:10:40 | INFO | 1 | MacroEnergy | write_duals.jl:83 | Writing balance constraint dual values to /home/al3792/NZC_MGA/NZC_Workshop_Example_Systems_June_2026/NZC_Workshop_All Sector_12day_MultiPeriods_WIP/case/results_tdr12days_062026/results_period_4
2026-09-24 19:10:41 | INFO | 1 | MacroEnergy | write_duals.jl:177 | Writing CO2 cap constraint dual values to /home/al3792/NZC_MGA/NZC_Workshop_Example_Systems_June_2026/NZC_Workshop_All Sector_12day_MultiPeriods_WIP/case/results_tdr12days_062026/results_period_4
2026-09-24 19:10:41 | INFO | 1 | MacroEnergy | write_outputs.jl:305 | Writing objective value to /home/al3792/NZC_MGA/NZC_Workshop_Example_Systems_June_2026/NZC_Workshop_All Sector_12day_MultiPeriods_WIP/case/results_tdr12days_062026/results_period_4/objective_value.csv
2026-09-24 19:56:43 | INFO | 1 | MacroEnergy | write_outputs.jl:13 | Writing results for period 1
2026-09-24 19:56:43 | INFO | 1 | MacroEnergy | write_capacity.jl:68 | Writing capacity results to /home/al3792/NZC_MGA/NZC_Workshop_Example_Systems_June_2026/NZC_Workshop_All Sector_12day_MultiPeriods_WIP/case/results_tdr12days_062026/results/MGAResults_max_01/MGA_0.1_1/results_period_1/capacity.csv
2026-09-24 19:57:00 | INFO | 1 | MacroEnergy | write_cost.jl:36 | Writing total discounted costs to /home/al3792/NZC_MGA/NZC_Workshop_Example_Systems_June_2026/NZC_Workshop_All Sector_12day_MultiPeriods_WIP/case/results_tdr12days_062026/results/MGAResults_max_01/MGA_0.1_1/results_period_1/costs.csv
2026-09-24 19:57:02 | INFO | 1 | MacroEnergy | write_cost.jl:79 | Writing total undiscounted costs to /home/al3792/NZC_MGA/NZC_Workshop_Example_Systems_June_2026/NZC_Workshop_All Sector_12day_MultiPeriods_WIP/case/results_tdr12days_062026/results/MGAResults_max_01/MGA_0.1_1/results_period_1/undiscounted_costs.csv
2026-09-24 19:57:09 | WARN | 1 | MacroEnergy | write_cost.jl:953 | Objective value validation failed. Validation difference: 8.468955984421875e10
2026-09-24 19:57:09 | INFO | 1 | MacroEnergy | write_cost.jl:564 | Writing detailed discounted costs by type to /home/al3792/NZC_MGA/NZC_Workshop_Example_Systems_June_2026/NZC_Workshop_All Sector_12day_MultiPeriods_WIP/case/results_tdr12days_062026/results/MGAResults_max_01/MGA_0.1_1/results_period_1/costs_by_type.csv
2026-09-24 19:57:11 | WARN | 1 | MacroEnergy | write_cost.jl:953 | Objective value validation failed. Validation difference: 8.468955984421973e10
2026-09-24 19:57:11 | INFO | 1 | MacroEnergy | write_cost.jl:572 | Writing detailed discounted costs by zone to /home/al3792/NZC_MGA/NZC_Workshop_Example_Systems_June_2026/NZC_Workshop_All Sector_12day_MultiPeriods_WIP/case/results_tdr12days_062026/results/MGAResults_max_01/MGA_0.1_1/results_period_1/costs_by_zone.csv
2026-09-24 19:57:13 | WARN | 1 | MacroEnergy | write_cost.jl:953 | Objective value validation failed. Validation difference: 9.645786842933008e10
2026-09-24 19:57:13 | INFO | 1 | MacroEnergy | write_cost.jl:564 | Writing detailed undiscounted costs by type to /home/al3792/NZC_MGA/NZC_Workshop_Example_Systems_June_2026/NZC_Workshop_All Sector_12day_MultiPeriods_WIP/case/results_tdr12days_062026/results/MGAResults_max_01/MGA_0.1_1/results_period_1/undiscounted_costs_by_type.csv
2026-09-24 19:57:15 | WARN | 1 | MacroEnergy | write_cost.jl:953 | Objective value validation failed. Validation difference: 9.64578684293252e10
2026-09-24 19:57:15 | INFO | 1 | MacroEnergy | write_cost.jl:572 | Writing detailed undiscounted costs by zone to /home/al3792/NZC_MGA/NZC_Workshop_Example_Systems_June_2026/NZC_Workshop_All Sector_12day_MultiPeriods_WIP/case/results_tdr12days_062026/results/MGAResults_max_01/MGA_0.1_1/results_period_1/undiscounted_costs_by_zone.csv
2026-09-24 19:57:15 | INFO | 1 | MacroEnergy | write_flow.jl:66 | Writing flow results to /home/al3792/NZC_MGA/NZC_Workshop_Example_Systems_June_2026/NZC_Workshop_All Sector_12day_MultiPeriods_WIP/case/results_tdr12days_062026/results/MGAResults_max_01/MGA_0.1_1/results_period_1/flows.csv
2026-09-24 19:57:24 | INFO | 1 | MacroEnergy | write_non_served_demand.jl:44 | Writing non-served demand results to /home/al3792/NZC_MGA/NZC_Workshop_Example_Systems_June_2026/NZC_Workshop_All Sector_12day_MultiPeriods_WIP/case/results_tdr12days_062026/results/MGAResults_max_01/MGA_0.1_1/results_period_1/non_served_demand.csv
2026-09-24 19:57:24 | INFO | 1 | MacroEnergy | write_storage_level.jl:58 | Writing storage level results to /home/al3792/NZC_MGA/NZC_Workshop_Example_Systems_June_2026/NZC_Workshop_All Sector_12day_MultiPeriods_WIP/case/results_tdr12days_062026/results/MGAResults_max_01/MGA_0.1_1/results_period_1/storage_level.csv
2026-09-24 19:57:24 | INFO | 1 | MacroEnergy | write_curtailment.jl:44 | Writing curtailment results to /home/al3792/NZC_MGA/NZC_Workshop_Example_Systems_June_2026/NZC_Workshop_All Sector_12day_MultiPeriods_WIP/case/results_tdr12days_062026/results/MGAResults_max_01/MGA_0.1_1/results_period_1/curtailment.csv
2026-09-24 19:57:24 | INFO | 1 | MacroEnergy | write_time_weights.jl:49 | Writing time weights to /home/al3792/NZC_MGA/NZC_Workshop_Example_Systems_June_2026/NZC_Workshop_All Sector_12day_MultiPeriods_WIP/case/results_tdr12days_062026/results/MGAResults_max_01/MGA_0.1_1/results_period_1/time_weights.csv
2026-09-24 19:57:24 | INFO | 1 | MacroEnergy | write_duals.jl:39 | Writing constraint dual values to /home/al3792/NZC_MGA/NZC_Workshop_Example_Systems_June_2026/NZC_Workshop_All Sector_12day_MultiPeriods_WIP/case/results_tdr12days_062026/results/MGAResults_max_01/MGA_0.1_1/results_period_1
2026-09-24 19:57:24 | INFO | 1 | MacroEnergy | write_duals.jl:83 | Writing balance constraint dual values to /home/al3792/NZC_MGA/NZC_Workshop_Example_Systems_June_2026/NZC_Workshop_All Sector_12day_MultiPeriods_WIP/case/results_tdr12days_062026/results/MGAResults_max_01/MGA_0.1_1/results_period_1
2026-09-24 19:57:24 | INFO | 1 | MacroEnergy | write_duals.jl:177 | Writing CO2 cap constraint dual values to /home/al3792/NZC_MGA/NZC_Workshop_Example_Systems_June_2026/NZC_Workshop_All Sector_12day_MultiPeriods_WIP/case/results_tdr12days_062026/results/MGAResults_max_01/MGA_0.1_1/results_period_1
2026-09-24 19:57:24 | INFO | 1 | MacroEnergy | write_outputs.jl:305 | Writing objective value to /home/al3792/NZC_MGA/NZC_Workshop_Example_Systems_June_2026/NZC_Workshop_All Sector_12day_MultiPeriods_WIP/case/results_tdr12days_062026/results/MGAResults_max_01/MGA_0.1_1/results_period_1/objective_value.csv
2026-09-24 19:57:24 | INFO | 1 | MacroEnergy | write_outputs.jl:13 | Writing results for period 2
2026-09-24 19:57:24 | INFO | 1 | MacroEnergy | write_capacity.jl:68 | Writing capacity results to /home/al3792/NZC_MGA/NZC_Workshop_Example_Systems_June_2026/NZC_Workshop_All Sector_12day_MultiPeriods_WIP/case/results_tdr12days_062026/results/MGAResults_max_01/MGA_0.1_1/results_period_2/capacity.csv
2026-09-24 19:57:41 | INFO | 1 | MacroEnergy | write_cost.jl:36 | Writing total discounted costs to /home/al3792/NZC_MGA/NZC_Workshop_Example_Systems_June_2026/NZC_Workshop_All Sector_12day_MultiPeriods_WIP/case/results_tdr12days_062026/results/MGAResults_max_01/MGA_0.1_1/results_period_2/costs.csv
2026-09-24 19:57:43 | INFO | 1 | MacroEnergy | write_cost.jl:79 | Writing total undiscounted costs to /home/al3792/NZC_MGA/NZC_Workshop_Example_Systems_June_2026/NZC_Workshop_All Sector_12day_MultiPeriods_WIP/case/results_tdr12days_062026/results/MGAResults_max_01/MGA_0.1_1/results_period_2/undiscounted_costs.csv
2026-09-24 19:57:50 | WARN | 1 | MacroEnergy | write_cost.jl:953 | Objective value validation failed. Validation difference: 2.1203927200443652e11
2026-09-24 19:57:50 | INFO | 1 | MacroEnergy | write_cost.jl:564 | Writing detailed discounted costs by type to /home/al3792/NZC_MGA/NZC_Workshop_Example_Systems_June_2026/NZC_Workshop_All Sector_12day_MultiPeriods_WIP/case/results_tdr12days_062026/results/MGAResults_max_01/MGA_0.1_1/results_period_2/costs_by_type.csv
2026-09-24 19:57:52 | WARN | 1 | MacroEnergy | write_cost.jl:953 | Objective value validation failed. Validation difference: 2.1203927200443652e11
2026-09-24 19:57:52 | INFO | 1 | MacroEnergy | write_cost.jl:572 | Writing detailed discounted costs by zone to /home/al3792/NZC_MGA/NZC_Workshop_Example_Systems_June_2026/NZC_Workshop_All Sector_12day_MultiPeriods_WIP/case/results_tdr12days_062026/results/MGAResults_max_01/MGA_0.1_1/results_period_2/costs_by_zone.csv
2026-09-24 19:57:54 | WARN | 1 | MacroEnergy | write_cost.jl:953 | Objective value validation failed. Validation difference: 3.33942780382292e11
2026-09-24 19:57:54 | INFO | 1 | MacroEnergy | write_cost.jl:564 | Writing detailed undiscounted costs by type to /home/al3792/NZC_MGA/NZC_Workshop_Example_Systems_June_2026/NZC_Workshop_All Sector_12day_MultiPeriods_WIP/case/results_tdr12days_062026/results/MGAResults_max_01/MGA_0.1_1/results_period_2/undiscounted_costs_by_type.csv
2026-09-24 19:57:56 | WARN | 1 | MacroEnergy | write_cost.jl:953 | Objective value validation failed. Validation difference: 3.3394278038229395e11
2026-09-24 19:57:56 | INFO | 1 | MacroEnergy | write_cost.jl:572 | Writing detailed undiscounted costs by zone to /home/al3792/NZC_MGA/NZC_Workshop_Example_Systems_June_2026/NZC_Workshop_All Sector_12day_MultiPeriods_WIP/case/results_tdr12days_062026/results/MGAResults_max_01/MGA_0.1_1/results_period_2/undiscounted_costs_by_zone.csv
2026-09-24 19:57:56 | INFO | 1 | MacroEnergy | write_flow.jl:66 | Writing flow results to /home/al3792/NZC_MGA/NZC_Workshop_Example_Systems_June_2026/NZC_Workshop_All Sector_12day_MultiPeriods_WIP/case/results_tdr12days_062026/results/MGAResults_max_01/MGA_0.1_1/results_period_2/flows.csv
2026-09-24 19:58:05 | INFO | 1 | MacroEnergy | write_non_served_demand.jl:44 | Writing non-served demand results to /home/al3792/NZC_MGA/NZC_Workshop_Example_Systems_June_2026/NZC_Workshop_All Sector_12day_MultiPeriods_WIP/case/results_tdr12days_062026/results/MGAResults_max_01/MGA_0.1_1/results_period_2/non_served_demand.csv
2026-09-24 19:58:05 | INFO | 1 | MacroEnergy | write_storage_level.jl:58 | Writing storage level results to /home/al3792/NZC_MGA/NZC_Workshop_Example_Systems_June_2026/NZC_Workshop_All Sector_12day_MultiPeriods_WIP/case/results_tdr12days_062026/results/MGAResults_max_01/MGA_0.1_1/results_period_2/storage_level.csv
2026-09-24 19:58:05 | INFO | 1 | MacroEnergy | write_curtailment.jl:44 | Writing curtailment results to /home/al3792/NZC_MGA/NZC_Workshop_Example_Systems_June_2026/NZC_Workshop_All Sector_12day_MultiPeriods_WIP/case/results_tdr12days_062026/results/MGAResults_max_01/MGA_0.1_1/results_period_2/curtailment.csv
2026-09-24 19:58:05 | INFO | 1 | MacroEnergy | write_time_weights.jl:49 | Writing time weights to /home/al3792/NZC_MGA/NZC_Workshop_Example_Systems_June_2026/NZC_Workshop_All Sector_12day_MultiPeriods_WIP/case/results_tdr12days_062026/results/MGAResults_max_01/MGA_0.1_1/results_period_2/time_weights.csv
2026-09-24 19:58:05 | INFO | 1 | MacroEnergy | write_duals.jl:39 | Writing constraint dual values to /home/al3792/NZC_MGA/NZC_Workshop_Example_Systems_June_2026/NZC_Workshop_All Sector_12day_MultiPeriods_WIP/case/results_tdr12days_062026/results/MGAResults_max_01/MGA_0.1_1/results_period_2
2026-09-24 19:58:05 | INFO | 1 | MacroEnergy | write_duals.jl:83 | Writing balance constraint dual values to /home/al3792/NZC_MGA/NZC_Workshop_Example_Systems_June_2026/NZC_Workshop_All Sector_12day_MultiPeriods_WIP/case/results_tdr12days_062026/results/MGAResults_max_01/MGA_0.1_1/results_period_2
2026-09-24 19:58:05 | INFO | 1 | MacroEnergy | write_duals.jl:177 | Writing CO2 cap constraint dual values to /home/al3792/NZC_MGA/NZC_Workshop_Example_Systems_June_2026/NZC_Workshop_All Sector_12day_MultiPeriods_WIP/case/results_tdr12days_062026/results/MGAResults_max_01/MGA_0.1_1/results_period_2
2026-09-24 19:58:05 | INFO | 1 | MacroEnergy | write_outputs.jl:305 | Writing objective value to /home/al3792/NZC_MGA/NZC_Workshop_Example_Systems_June_2026/NZC_Workshop_All Sector_12day_MultiPeriods_WIP/case/results_tdr12days_062026/results/MGAResults_max_01/MGA_0.1_1/results_period_2/objective_value.csv
2026-09-24 19:58:05 | INFO | 1 | MacroEnergy | write_outputs.jl:13 | Writing results for period 3
2026-09-24 19:58:05 | INFO | 1 | MacroEnergy | write_capacity.jl:68 | Writing capacity results to /home/al3792/NZC_MGA/NZC_Workshop_Example_Systems_June_2026/NZC_Workshop_All Sector_12day_MultiPeriods_WIP/case/results_tdr12days_062026/results/MGAResults_max_01/MGA_0.1_1/results_period_3/capacity.csv
2026-09-24 19:58:23 | INFO | 1 | MacroEnergy | write_cost.jl:36 | Writing total discounted costs to /home/al3792/NZC_MGA/NZC_Workshop_Example_Systems_June_2026/NZC_Workshop_All Sector_12day_MultiPeriods_WIP/case/results_tdr12days_062026/results/MGAResults_max_01/MGA_0.1_1/results_period_3/costs.csv
2026-09-24 19:58:25 | INFO | 1 | MacroEnergy | write_cost.jl:79 | Writing total undiscounted costs to /home/al3792/NZC_MGA/NZC_Workshop_Example_Systems_June_2026/NZC_Workshop_All Sector_12day_MultiPeriods_WIP/case/results_tdr12days_062026/results/MGAResults_max_01/MGA_0.1_1/results_period_3/undiscounted_costs.csv
2026-09-24 19:58:33 | WARN | 1 | MacroEnergy | write_cost.jl:953 | Objective value validation failed. Validation difference: 1.0338504670889502e11
2026-09-24 19:58:33 | INFO | 1 | MacroEnergy | write_cost.jl:564 | Writing detailed discounted costs by type to /home/al3792/NZC_MGA/NZC_Workshop_Example_Systems_June_2026/NZC_Workshop_All Sector_12day_MultiPeriods_WIP/case/results_tdr12days_062026/results/MGAResults_max_01/MGA_0.1_1/results_period_3/costs_by_type.csv
2026-09-24 19:58:35 | WARN | 1 | MacroEnergy | write_cost.jl:953 | Objective value validation failed. Validation difference: 1.0338504670890039e11
2026-09-24 19:58:35 | INFO | 1 | MacroEnergy | write_cost.jl:572 | Writing detailed discounted costs by zone to /home/al3792/NZC_MGA/NZC_Workshop_Example_Systems_June_2026/NZC_Workshop_All Sector_12day_MultiPeriods_WIP/case/results_tdr12days_062026/results/MGAResults_max_01/MGA_0.1_1/results_period_3/costs_by_zone.csv
2026-09-24 19:58:37 | WARN | 1 | MacroEnergy | write_cost.jl:953 | Objective value validation failed. Validation difference: 2.5285781863416504e11
2026-09-24 19:58:37 | INFO | 1 | MacroEnergy | write_cost.jl:564 | Writing detailed undiscounted costs by type to /home/al3792/NZC_MGA/NZC_Workshop_Example_Systems_June_2026/NZC_Workshop_All Sector_12day_MultiPeriods_WIP/case/results_tdr12days_062026/results/MGAResults_max_01/MGA_0.1_1/results_period_3/undiscounted_costs_by_type.csv
2026-09-24 19:58:38 | WARN | 1 | MacroEnergy | write_cost.jl:953 | Objective value validation failed. Validation difference: 2.5285781863417773e11
2026-09-24 19:58:38 | INFO | 1 | MacroEnergy | write_cost.jl:572 | Writing detailed undiscounted costs by zone to /home/al3792/NZC_MGA/NZC_Workshop_Example_Systems_June_2026/NZC_Workshop_All Sector_12day_MultiPeriods_WIP/case/results_tdr12days_062026/results/MGAResults_max_01/MGA_0.1_1/results_period_3/undiscounted_costs_by_zone.csv
2026-09-24 19:58:38 | INFO | 1 | MacroEnergy | write_flow.jl:66 | Writing flow results to /home/al3792/NZC_MGA/NZC_Workshop_Example_Systems_June_2026/NZC_Workshop_All Sector_12day_MultiPeriods_WIP/case/results_tdr12days_062026/results/MGAResults_max_01/MGA_0.1_1/results_period_3/flows.csv
2026-09-24 19:58:47 | INFO | 1 | MacroEnergy | write_non_served_demand.jl:44 | Writing non-served demand results to /home/al3792/NZC_MGA/NZC_Workshop_Example_Systems_June_2026/NZC_Workshop_All Sector_12day_MultiPeriods_WIP/case/results_tdr12days_062026/results/MGAResults_max_01/MGA_0.1_1/results_period_3/non_served_demand.csv
2026-09-24 19:58:47 | INFO | 1 | MacroEnergy | write_storage_level.jl:58 | Writing storage level results to /home/al3792/NZC_MGA/NZC_Workshop_Example_Systems_June_2026/NZC_Workshop_All Sector_12day_MultiPeriods_WIP/case/results_tdr12days_062026/results/MGAResults_max_01/MGA_0.1_1/results_period_3/storage_level.csv
2026-09-24 19:58:47 | INFO | 1 | MacroEnergy | write_curtailment.jl:44 | Writing curtailment results to /home/al3792/NZC_MGA/NZC_Workshop_Example_Systems_June_2026/NZC_Workshop_All Sector_12day_MultiPeriods_WIP/case/results_tdr12days_062026/results/MGAResults_max_01/MGA_0.1_1/results_period_3/curtailment.csv
2026-09-24 19:58:47 | INFO | 1 | MacroEnergy | write_time_weights.jl:49 | Writing time weights to /home/al3792/NZC_MGA/NZC_Workshop_Example_Systems_June_2026/NZC_Workshop_All Sector_12day_MultiPeriods_WIP/case/results_tdr12days_062026/results/MGAResults_max_01/MGA_0.1_1/results_period_3/time_weights.csv
2026-09-24 19:58:47 | INFO | 1 | MacroEnergy | write_duals.jl:39 | Writing constraint dual values to /home/al3792/NZC_MGA/NZC_Workshop_Example_Systems_June_2026/NZC_Workshop_All Sector_12day_MultiPeriods_WIP/case/results_tdr12days_062026/results/MGAResults_max_01/MGA_0.1_1/results_period_3
2026-09-24 19:58:47 | INFO | 1 | MacroEnergy | write_duals.jl:83 | Writing balance constraint dual values to /home/al3792/NZC_MGA/NZC_Workshop_Example_Systems_June_2026/NZC_Workshop_All Sector_12day_MultiPeriods_WIP/case/results_tdr12days_062026/results/MGAResults_max_01/MGA_0.1_1/results_period_3
2026-09-24 19:58:47 | INFO | 1 | MacroEnergy | write_duals.jl:177 | Writing CO2 cap constraint dual values to /home/al3792/NZC_MGA/NZC_Workshop_Example_Systems_June_2026/NZC_Workshop_All Sector_12day_MultiPeriods_WIP/case/results_tdr12days_062026/results/MGAResults_max_01/MGA_0.1_1/results_period_3
2026-09-24 19:58:47 | INFO | 1 | MacroEnergy | write_outputs.jl:305 | Writing objective value to /home/al3792/NZC_MGA/NZC_Workshop_Example_Systems_June_2026/NZC_Workshop_All Sector_12day_MultiPeriods_WIP/case/results_tdr12days_062026/results/MGAResults_max_01/MGA_0.1_1/results_period_3/objective_value.csv
2026-09-24 19:58:47 | INFO | 1 | MacroEnergy | write_outputs.jl:13 | Writing results for period 4
2026-09-24 19:58:47 | INFO | 1 | MacroEnergy | write_capacity.jl:68 | Writing capacity results to /home/al3792/NZC_MGA/NZC_Workshop_Example_Systems_June_2026/NZC_Workshop_All Sector_12day_MultiPeriods_WIP/case/results_tdr12days_062026/results/MGAResults_max_01/MGA_0.1_1/results_period_4/capacity.csv
2026-09-24 19:59:04 | INFO | 1 | MacroEnergy | write_cost.jl:36 | Writing total discounted costs to /home/al3792/NZC_MGA/NZC_Workshop_Example_Systems_June_2026/NZC_Workshop_All Sector_12day_MultiPeriods_WIP/case/results_tdr12days_062026/results/MGAResults_max_01/MGA_0.1_1/results_period_4/costs.csv
2026-09-24 19:59:06 | INFO | 1 | MacroEnergy | write_cost.jl:79 | Writing total undiscounted costs to /home/al3792/NZC_MGA/NZC_Workshop_Example_Systems_June_2026/NZC_Workshop_All Sector_12day_MultiPeriods_WIP/case/results_tdr12days_062026/results/MGAResults_max_01/MGA_0.1_1/results_period_4/undiscounted_costs.csv
2026-09-24 19:59:14 | WARN | 1 | MacroEnergy | write_cost.jl:953 | Objective value validation failed. Validation difference: 7.347203309497559e10
2026-09-24 19:59:14 | INFO | 1 | MacroEnergy | write_cost.jl:564 | Writing detailed discounted costs by type to /home/al3792/NZC_MGA/NZC_Workshop_Example_Systems_June_2026/NZC_Workshop_All Sector_12day_MultiPeriods_WIP/case/results_tdr12days_062026/results/MGAResults_max_01/MGA_0.1_1/results_period_4/costs_by_type.csv
2026-09-24 19:59:16 | WARN | 1 | MacroEnergy | write_cost.jl:953 | Objective value validation failed. Validation difference: 7.347203309497949e10
2026-09-24 19:59:16 | INFO | 1 | MacroEnergy | write_cost.jl:572 | Writing detailed discounted costs by zone to /home/al3792/NZC_MGA/NZC_Workshop_Example_Systems_June_2026/NZC_Workshop_All Sector_12day_MultiPeriods_WIP/case/results_tdr12days_062026/results/MGAResults_max_01/MGA_0.1_1/results_period_4/costs_by_zone.csv
2026-09-24 19:59:17 | WARN | 1 | MacroEnergy | write_cost.jl:953 | Objective value validation failed. Validation difference: 2.790638752877383e11
2026-09-24 19:59:17 | INFO | 1 | MacroEnergy | write_cost.jl:564 | Writing detailed undiscounted costs by type to /home/al3792/NZC_MGA/NZC_Workshop_Example_Systems_June_2026/NZC_Workshop_All Sector_12day_MultiPeriods_WIP/case/results_tdr12days_062026/results/MGAResults_max_01/MGA_0.1_1/results_period_4/undiscounted_costs_by_type.csv
2026-09-24 19:59:19 | WARN | 1 | MacroEnergy | write_cost.jl:953 | Objective value validation failed. Validation difference: 2.790638752877344e11
2026-09-24 19:59:19 | INFO | 1 | MacroEnergy | write_cost.jl:572 | Writing detailed undiscounted costs by zone to /home/al3792/NZC_MGA/NZC_Workshop_Example_Systems_June_2026/NZC_Workshop_All Sector_12day_MultiPeriods_WIP/case/results_tdr12days_062026/results/MGAResults_max_01/MGA_0.1_1/results_period_4/undiscounted_costs_by_zone.csv
2026-09-24 19:59:19 | INFO | 1 | MacroEnergy | write_flow.jl:66 | Writing flow results to /home/al3792/NZC_MGA/NZC_Workshop_Example_Systems_June_2026/NZC_Workshop_All Sector_12day_MultiPeriods_WIP/case/results_tdr12days_062026/results/MGAResults_max_01/MGA_0.1_1/results_period_4/flows.csv
2026-09-24 19:59:28 | INFO | 1 | MacroEnergy | write_non_served_demand.jl:44 | Writing non-served demand results to /home/al3792/NZC_MGA/NZC_Workshop_Example_Systems_June_2026/NZC_Workshop_All Sector_12day_MultiPeriods_WIP/case/results_tdr12days_062026/results/MGAResults_max_01/MGA_0.1_1/results_period_4/non_served_demand.csv
2026-09-24 19:59:28 | INFO | 1 | MacroEnergy | write_storage_level.jl:58 | Writing storage level results to /home/al3792/NZC_MGA/NZC_Workshop_Example_Systems_June_2026/NZC_Workshop_All Sector_12day_MultiPeriods_WIP/case/results_tdr12days_062026/results/MGAResults_max_01/MGA_0.1_1/results_period_4/storage_level.csv
2026-09-24 19:59:28 | INFO | 1 | MacroEnergy | write_curtailment.jl:44 | Writing curtailment results to /home/al3792/NZC_MGA/NZC_Workshop_Example_Systems_June_2026/NZC_Workshop_All Sector_12day_MultiPeriods_WIP/case/results_tdr12days_062026/results/MGAResults_max_01/MGA_0.1_1/results_period_4/curtailment.csv
2026-09-24 19:59:28 | INFO | 1 | MacroEnergy | write_time_weights.jl:49 | Writing time weights to /home/al3792/NZC_MGA/NZC_Workshop_Example_Systems_June_2026/NZC_Workshop_All Sector_12day_MultiPeriods_WIP/case/results_tdr12days_062026/results/MGAResults_max_01/MGA_0.1_1/results_period_4/time_weights.csv
2026-09-24 19:59:28 | INFO | 1 | MacroEnergy | write_duals.jl:39 | Writing constraint dual values to /home/al3792/NZC_MGA/NZC_Workshop_Example_Systems_June_2026/NZC_Workshop_All Sector_12day_MultiPeriods_WIP/case/results_tdr12days_062026/results/MGAResults_max_01/MGA_0.1_1/results_period_4
2026-09-24 19:59:28 | INFO | 1 | MacroEnergy | write_duals.jl:83 | Writing balance constraint dual values to /home/al3792/NZC_MGA/NZC_Workshop_Example_Systems_June_2026/NZC_Workshop_All Sector_12day_MultiPeriods_WIP/case/results_tdr12days_062026/results/MGAResults_max_01/MGA_0.1_1/results_period_4
2026-09-24 19:59:28 | INFO | 1 | MacroEnergy | write_duals.jl:177 | Writing CO2 cap constraint dual values to /home/al3792/NZC_MGA/NZC_Workshop_Example_Systems_June_2026/NZC_Workshop_All Sector_12day_MultiPeriods_WIP/case/results_tdr12days_062026/results/MGAResults_max_01/MGA_0.1_1/results_period_4
2026-09-24 19:59:28 | INFO | 1 | MacroEnergy | write_outputs.jl:305 | Writing objective value to /home/al3792/NZC_MGA/NZC_Workshop_Example_Systems_June_2026/NZC_Workshop_All Sector_12day_MultiPeriods_WIP/case/results_tdr12days_062026/results/MGAResults_max_01/MGA_0.1_1/results_period_4/objective_value.csv
2026-09-24 20:49:37 | INFO | 1 | MacroEnergy | write_outputs.jl:13 | Writing results for period 1
2026-09-24 20:49:37 | INFO | 1 | MacroEnergy | write_capacity.jl:68 | Writing capacity results to /home/al3792/NZC_MGA/NZC_Workshop_Example_Systems_June_2026/NZC_Workshop_All Sector_12day_MultiPeriods_WIP/case/results_tdr12days_062026/results/MGAResults_min_01/MGA_0.1_1/results_period_1/capacity.csv
2026-09-24 20:49:54 | INFO | 1 | MacroEnergy | write_cost.jl:36 | Writing total discounted costs to /home/al3792/NZC_MGA/NZC_Workshop_Example_Systems_June_2026/NZC_Workshop_All Sector_12day_MultiPeriods_WIP/case/results_tdr12days_062026/results/MGAResults_min_01/MGA_0.1_1/results_period_1/costs.csv
2026-09-24 20:49:56 | INFO | 1 | MacroEnergy | write_cost.jl:79 | Writing total undiscounted costs to /home/al3792/NZC_MGA/NZC_Workshop_Example_Systems_June_2026/NZC_Workshop_All Sector_12day_MultiPeriods_WIP/case/results_tdr12days_062026/results/MGAResults_min_01/MGA_0.1_1/results_period_1/undiscounted_costs.csv
2026-09-24 20:50:04 | WARN | 1 | MacroEnergy | write_cost.jl:953 | Objective value validation failed. Validation difference: 2.061290955912208e12
2026-09-24 20:50:04 | INFO | 1 | MacroEnergy | write_cost.jl:564 | Writing detailed discounted costs by type to /home/al3792/NZC_MGA/NZC_Workshop_Example_Systems_June_2026/NZC_Workshop_All Sector_12day_MultiPeriods_WIP/case/results_tdr12days_062026/results/MGAResults_min_01/MGA_0.1_1/results_period_1/costs_by_type.csv
2026-09-24 20:50:06 | WARN | 1 | MacroEnergy | write_cost.jl:953 | Objective value validation failed. Validation difference: 2.0612909559122158e12
2026-09-24 20:50:06 | INFO | 1 | MacroEnergy | write_cost.jl:572 | Writing detailed discounted costs by zone to /home/al3792/NZC_MGA/NZC_Workshop_Example_Systems_June_2026/NZC_Workshop_All Sector_12day_MultiPeriods_WIP/case/results_tdr12days_062026/results/MGAResults_min_01/MGA_0.1_1/results_period_1/costs_by_zone.csv
2026-09-24 20:50:09 | WARN | 1 | MacroEnergy | write_cost.jl:953 | Objective value validation failed. Validation difference: 2.3477242317148066e12
2026-09-24 20:50:09 | INFO | 1 | MacroEnergy | write_cost.jl:564 | Writing detailed undiscounted costs by type to /home/al3792/NZC_MGA/NZC_Workshop_Example_Systems_June_2026/NZC_Workshop_All Sector_12day_MultiPeriods_WIP/case/results_tdr12days_062026/results/MGAResults_min_01/MGA_0.1_1/results_period_1/undiscounted_costs_by_type.csv
2026-09-24 20:50:11 | WARN | 1 | MacroEnergy | write_cost.jl:953 | Objective value validation failed. Validation difference: 2.3477242317148125e12
2026-09-24 20:50:11 | INFO | 1 | MacroEnergy | write_cost.jl:572 | Writing detailed undiscounted costs by zone to /home/al3792/NZC_MGA/NZC_Workshop_Example_Systems_June_2026/NZC_Workshop_All Sector_12day_MultiPeriods_WIP/case/results_tdr12days_062026/results/MGAResults_min_01/MGA_0.1_1/results_period_1/undiscounted_costs_by_zone.csv
2026-09-24 20:50:11 | INFO | 1 | MacroEnergy | write_flow.jl:66 | Writing flow results to /home/al3792/NZC_MGA/NZC_Workshop_Example_Systems_June_2026/NZC_Workshop_All Sector_12day_MultiPeriods_WIP/case/results_tdr12days_062026/results/MGAResults_min_01/MGA_0.1_1/results_period_1/flows.csv
2026-09-24 20:50:20 | INFO | 1 | MacroEnergy | write_non_served_demand.jl:44 | Writing non-served demand results to /home/al3792/NZC_MGA/NZC_Workshop_Example_Systems_June_2026/NZC_Workshop_All Sector_12day_MultiPeriods_WIP/case/results_tdr12days_062026/results/MGAResults_min_01/MGA_0.1_1/results_period_1/non_served_demand.csv
2026-09-24 20:50:20 | INFO | 1 | MacroEnergy | write_storage_level.jl:58 | Writing storage level results to /home/al3792/NZC_MGA/NZC_Workshop_Example_Systems_June_2026/NZC_Workshop_All Sector_12day_MultiPeriods_WIP/case/results_tdr12days_062026/results/MGAResults_min_01/MGA_0.1_1/results_period_1/storage_level.csv
2026-09-24 20:50:20 | INFO | 1 | MacroEnergy | write_curtailment.jl:44 | Writing curtailment results to /home/al3792/NZC_MGA/NZC_Workshop_Example_Systems_June_2026/NZC_Workshop_All Sector_12day_MultiPeriods_WIP/case/results_tdr12days_062026/results/MGAResults_min_01/MGA_0.1_1/results_period_1/curtailment.csv
2026-09-24 20:50:20 | INFO | 1 | MacroEnergy | write_time_weights.jl:49 | Writing time weights to /home/al3792/NZC_MGA/NZC_Workshop_Example_Systems_June_2026/NZC_Workshop_All Sector_12day_MultiPeriods_WIP/case/results_tdr12days_062026/results/MGAResults_min_01/MGA_0.1_1/results_period_1/time_weights.csv
2026-09-24 20:50:20 | INFO | 1 | MacroEnergy | write_duals.jl:39 | Writing constraint dual values to /home/al3792/NZC_MGA/NZC_Workshop_Example_Systems_June_2026/NZC_Workshop_All Sector_12day_MultiPeriods_WIP/case/results_tdr12days_062026/results/MGAResults_min_01/MGA_0.1_1/results_period_1
2026-09-24 20:50:20 | INFO | 1 | MacroEnergy | write_duals.jl:83 | Writing balance constraint dual values to /home/al3792/NZC_MGA/NZC_Workshop_Example_Systems_June_2026/NZC_Workshop_All Sector_12day_MultiPeriods_WIP/case/results_tdr12days_062026/results/MGAResults_min_01/MGA_0.1_1/results_period_1
2026-09-24 20:50:20 | INFO | 1 | MacroEnergy | write_duals.jl:177 | Writing CO2 cap constraint dual values to /home/al3792/NZC_MGA/NZC_Workshop_Example_Systems_June_2026/NZC_Workshop_All Sector_12day_MultiPeriods_WIP/case/results_tdr12days_062026/results/MGAResults_min_01/MGA_0.1_1/results_period_1
2026-09-24 20:50:20 | INFO | 1 | MacroEnergy | write_outputs.jl:305 | Writing objective value to /home/al3792/NZC_MGA/NZC_Workshop_Example_Systems_June_2026/NZC_Workshop_All Sector_12day_MultiPeriods_WIP/case/results_tdr12days_062026/results/MGAResults_min_01/MGA_0.1_1/results_period_1/objective_value.csv
2026-09-24 20:50:20 | INFO | 1 | MacroEnergy | write_outputs.jl:13 | Writing results for period 2
2026-09-24 20:50:20 | INFO | 1 | MacroEnergy | write_capacity.jl:68 | Writing capacity results to /home/al3792/NZC_MGA/NZC_Workshop_Example_Systems_June_2026/NZC_Workshop_All Sector_12day_MultiPeriods_WIP/case/results_tdr12days_062026/results/MGAResults_min_01/MGA_0.1_1/results_period_2/capacity.csv
2026-09-24 20:50:38 | INFO | 1 | MacroEnergy | write_cost.jl:36 | Writing total discounted costs to /home/al3792/NZC_MGA/NZC_Workshop_Example_Systems_June_2026/NZC_Workshop_All Sector_12day_MultiPeriods_WIP/case/results_tdr12days_062026/results/MGAResults_min_01/MGA_0.1_1/results_period_2/costs.csv
2026-09-24 20:50:39 | INFO | 1 | MacroEnergy | write_cost.jl:79 | Writing total undiscounted costs to /home/al3792/NZC_MGA/NZC_Workshop_Example_Systems_June_2026/NZC_Workshop_All Sector_12day_MultiPeriods_WIP/case/results_tdr12days_062026/results/MGAResults_min_01/MGA_0.1_1/results_period_2/undiscounted_costs.csv
2026-09-24 20:50:48 | WARN | 1 | MacroEnergy | write_cost.jl:953 | Objective value validation failed. Validation difference: 2.2451103884235225e12
2026-09-24 20:50:48 | INFO | 1 | MacroEnergy | write_cost.jl:564 | Writing detailed discounted costs by type to /home/al3792/NZC_MGA/NZC_Workshop_Example_Systems_June_2026/NZC_Workshop_All Sector_12day_MultiPeriods_WIP/case/results_tdr12days_062026/results/MGAResults_min_01/MGA_0.1_1/results_period_2/costs_by_type.csv
2026-09-24 20:50:50 | WARN | 1 | MacroEnergy | write_cost.jl:953 | Objective value validation failed. Validation difference: 2.2451103884235283e12
2026-09-24 20:50:50 | INFO | 1 | MacroEnergy | write_cost.jl:572 | Writing detailed discounted costs by zone to /home/al3792/NZC_MGA/NZC_Workshop_Example_Systems_June_2026/NZC_Workshop_All Sector_12day_MultiPeriods_WIP/case/results_tdr12days_062026/results/MGAResults_min_01/MGA_0.1_1/results_period_2/costs_by_zone.csv
2026-09-24 20:50:52 | WARN | 1 | MacroEnergy | write_cost.jl:953 | Objective value validation failed. Validation difference: 3.5358469131183184e12
2026-09-24 20:50:52 | INFO | 1 | MacroEnergy | write_cost.jl:564 | Writing detailed undiscounted costs by type to /home/al3792/NZC_MGA/NZC_Workshop_Example_Systems_June_2026/NZC_Workshop_All Sector_12day_MultiPeriods_WIP/case/results_tdr12days_062026/results/MGAResults_min_01/MGA_0.1_1/results_period_2/undiscounted_costs_by_type.csv
2026-09-24 20:50:54 | WARN | 1 | MacroEnergy | write_cost.jl:953 | Objective value validation failed. Validation difference: 3.535846913118332e12
2026-09-24 20:50:54 | INFO | 1 | MacroEnergy | write_cost.jl:572 | Writing detailed undiscounted costs by zone to /home/al3792/NZC_MGA/NZC_Workshop_Example_Systems_June_2026/NZC_Workshop_All Sector_12day_MultiPeriods_WIP/case/results_tdr12days_062026/results/MGAResults_min_01/MGA_0.1_1/results_period_2/undiscounted_costs_by_zone.csv
2026-09-24 20:50:54 | INFO | 1 | MacroEnergy | write_flow.jl:66 | Writing flow results to /home/al3792/NZC_MGA/NZC_Workshop_Example_Systems_June_2026/NZC_Workshop_All Sector_12day_MultiPeriods_WIP/case/results_tdr12days_062026/results/MGAResults_min_01/MGA_0.1_1/results_period_2/flows.csv
2026-09-24 20:51:03 | INFO | 1 | MacroEnergy | write_non_served_demand.jl:44 | Writing non-served demand results to /home/al3792/NZC_MGA/NZC_Workshop_Example_Systems_June_2026/NZC_Workshop_All Sector_12day_MultiPeriods_WIP/case/results_tdr12days_062026/results/MGAResults_min_01/MGA_0.1_1/results_period_2/non_served_demand.csv
2026-09-24 20:51:03 | INFO | 1 | MacroEnergy | write_storage_level.jl:58 | Writing storage level results to /home/al3792/NZC_MGA/NZC_Workshop_Example_Systems_June_2026/NZC_Workshop_All Sector_12day_MultiPeriods_WIP/case/results_tdr12days_062026/results/MGAResults_min_01/MGA_0.1_1/results_period_2/storage_level.csv
2026-09-24 20:51:03 | INFO | 1 | MacroEnergy | write_curtailment.jl:44 | Writing curtailment results to /home/al3792/NZC_MGA/NZC_Workshop_Example_Systems_June_2026/NZC_Workshop_All Sector_12day_MultiPeriods_WIP/case/results_tdr12days_062026/results/MGAResults_min_01/MGA_0.1_1/results_period_2/curtailment.csv
2026-09-24 20:51:03 | INFO | 1 | MacroEnergy | write_time_weights.jl:49 | Writing time weights to /home/al3792/NZC_MGA/NZC_Workshop_Example_Systems_June_2026/NZC_Workshop_All Sector_12day_MultiPeriods_WIP/case/results_tdr12days_062026/results/MGAResults_min_01/MGA_0.1_1/results_period_2/time_weights.csv
2026-09-24 20:51:03 | INFO | 1 | MacroEnergy | write_duals.jl:39 | Writing constraint dual values to /home/al3792/NZC_MGA/NZC_Workshop_Example_Systems_June_2026/NZC_Workshop_All Sector_12day_MultiPeriods_WIP/case/results_tdr12days_062026/results/MGAResults_min_01/MGA_0.1_1/results_period_2
2026-09-24 20:51:03 | INFO | 1 | MacroEnergy | write_duals.jl:83 | Writing balance constraint dual values to /home/al3792/NZC_MGA/NZC_Workshop_Example_Systems_June_2026/NZC_Workshop_All Sector_12day_MultiPeriods_WIP/case/results_tdr12days_062026/results/MGAResults_min_01/MGA_0.1_1/results_period_2
2026-09-24 20:51:03 | INFO | 1 | MacroEnergy | write_duals.jl:177 | Writing CO2 cap constraint dual values to /home/al3792/NZC_MGA/NZC_Workshop_Example_Systems_June_2026/NZC_Workshop_All Sector_12day_MultiPeriods_WIP/case/results_tdr12days_062026/results/MGAResults_min_01/MGA_0.1_1/results_period_2
2026-09-24 20:51:03 | INFO | 1 | MacroEnergy | write_outputs.jl:305 | Writing objective value to /home/al3792/NZC_MGA/NZC_Workshop_Example_Systems_June_2026/NZC_Workshop_All Sector_12day_MultiPeriods_WIP/case/results_tdr12days_062026/results/MGAResults_min_01/MGA_0.1_1/results_period_2/objective_value.csv
2026-09-24 20:51:03 | INFO | 1 | MacroEnergy | write_outputs.jl:13 | Writing results for period 3
2026-09-24 20:51:03 | INFO | 1 | MacroEnergy | write_capacity.jl:68 | Writing capacity results to /home/al3792/NZC_MGA/NZC_Workshop_Example_Systems_June_2026/NZC_Workshop_All Sector_12day_MultiPeriods_WIP/case/results_tdr12days_062026/results/MGAResults_min_01/MGA_0.1_1/results_period_3/capacity.csv
2026-09-24 20:51:21 | INFO | 1 | MacroEnergy | write_cost.jl:36 | Writing total discounted costs to /home/al3792/NZC_MGA/NZC_Workshop_Example_Systems_June_2026/NZC_Workshop_All Sector_12day_MultiPeriods_WIP/case/results_tdr12days_062026/results/MGAResults_min_01/MGA_0.1_1/results_period_3/costs.csv
2026-09-24 20:51:23 | INFO | 1 | MacroEnergy | write_cost.jl:79 | Writing total undiscounted costs to /home/al3792/NZC_MGA/NZC_Workshop_Example_Systems_June_2026/NZC_Workshop_All Sector_12day_MultiPeriods_WIP/case/results_tdr12days_062026/results/MGAResults_min_01/MGA_0.1_1/results_period_3/undiscounted_costs.csv
2026-09-24 20:51:31 | WARN | 1 | MacroEnergy | write_cost.jl:953 | Objective value validation failed. Validation difference: 2.0523273973434302e12
2026-09-24 20:51:31 | INFO | 1 | MacroEnergy | write_cost.jl:564 | Writing detailed discounted costs by type to /home/al3792/NZC_MGA/NZC_Workshop_Example_Systems_June_2026/NZC_Workshop_All Sector_12day_MultiPeriods_WIP/case/results_tdr12days_062026/results/MGAResults_min_01/MGA_0.1_1/results_period_3/costs_by_type.csv
2026-09-24 20:51:34 | WARN | 1 | MacroEnergy | write_cost.jl:953 | Objective value validation failed. Validation difference: 2.0523273973434292e12
2026-09-24 20:51:34 | INFO | 1 | MacroEnergy | write_cost.jl:572 | Writing detailed discounted costs by zone to /home/al3792/NZC_MGA/NZC_Workshop_Example_Systems_June_2026/NZC_Workshop_All Sector_12day_MultiPeriods_WIP/case/results_tdr12days_062026/results/MGAResults_min_01/MGA_0.1_1/results_period_3/costs_by_zone.csv
2026-09-24 20:51:35 | WARN | 1 | MacroEnergy | write_cost.jl:953 | Objective value validation failed. Validation difference: 5.019555973878781e12
2026-09-24 20:51:35 | INFO | 1 | MacroEnergy | write_cost.jl:564 | Writing detailed undiscounted costs by type to /home/al3792/NZC_MGA/NZC_Workshop_Example_Systems_June_2026/NZC_Workshop_All Sector_12day_MultiPeriods_WIP/case/results_tdr12days_062026/results/MGAResults_min_01/MGA_0.1_1/results_period_3/undiscounted_costs_by_type.csv
2026-09-24 20:51:37 | WARN | 1 | MacroEnergy | write_cost.jl:953 | Objective value validation failed. Validation difference: 5.019555973878791e12
2026-09-24 20:51:37 | INFO | 1 | MacroEnergy | write_cost.jl:572 | Writing detailed undiscounted costs by zone to /home/al3792/NZC_MGA/NZC_Workshop_Example_Systems_June_2026/NZC_Workshop_All Sector_12day_MultiPeriods_WIP/case/results_tdr12days_062026/results/MGAResults_min_01/MGA_0.1_1/results_period_3/undiscounted_costs_by_zone.csv
2026-09-24 20:51:37 | INFO | 1 | MacroEnergy | write_flow.jl:66 | Writing flow results to /home/al3792/NZC_MGA/NZC_Workshop_Example_Systems_June_2026/NZC_Workshop_All Sector_12day_MultiPeriods_WIP/case/results_tdr12days_062026/results/MGAResults_min_01/MGA_0.1_1/results_period_3/flows.csv
2026-09-24 20:51:46 | INFO | 1 | MacroEnergy | write_non_served_demand.jl:44 | Writing non-served demand results to /home/al3792/NZC_MGA/NZC_Workshop_Example_Systems_June_2026/NZC_Workshop_All Sector_12day_MultiPeriods_WIP/case/results_tdr12days_062026/results/MGAResults_min_01/MGA_0.1_1/results_period_3/non_served_demand.csv
2026-09-24 20:51:46 | INFO | 1 | MacroEnergy | write_storage_level.jl:58 | Writing storage level results to /home/al3792/NZC_MGA/NZC_Workshop_Example_Systems_June_2026/NZC_Workshop_All Sector_12day_MultiPeriods_WIP/case/results_tdr12days_062026/results/MGAResults_min_01/MGA_0.1_1/results_period_3/storage_level.csv
2026-09-24 20:51:46 | INFO | 1 | MacroEnergy | write_curtailment.jl:44 | Writing curtailment results to /home/al3792/NZC_MGA/NZC_Workshop_Example_Systems_June_2026/NZC_Workshop_All Sector_12day_MultiPeriods_WIP/case/results_tdr12days_062026/results/MGAResults_min_01/MGA_0.1_1/results_period_3/curtailment.csv
2026-09-24 20:51:46 | INFO | 1 | MacroEnergy | write_time_weights.jl:49 | Writing time weights to /home/al3792/NZC_MGA/NZC_Workshop_Example_Systems_June_2026/NZC_Workshop_All Sector_12day_MultiPeriods_WIP/case/results_tdr12days_062026/results/MGAResults_min_01/MGA_0.1_1/results_period_3/time_weights.csv
2026-09-24 20:51:46 | INFO | 1 | MacroEnergy | write_duals.jl:39 | Writing constraint dual values to /home/al3792/NZC_MGA/NZC_Workshop_Example_Systems_June_2026/NZC_Workshop_All Sector_12day_MultiPeriods_WIP/case/results_tdr12days_062026/results/MGAResults_min_01/MGA_0.1_1/results_period_3
2026-09-24 20:51:46 | INFO | 1 | MacroEnergy | write_duals.jl:83 | Writing balance constraint dual values to /home/al3792/NZC_MGA/NZC_Workshop_Example_Systems_June_2026/NZC_Workshop_All Sector_12day_MultiPeriods_WIP/case/results_tdr12days_062026/results/MGAResults_min_01/MGA_0.1_1/results_period_3
2026-09-24 20:51:46 | INFO | 1 | MacroEnergy | write_duals.jl:177 | Writing CO2 cap constraint dual values to /home/al3792/NZC_MGA/NZC_Workshop_Example_Systems_June_2026/NZC_Workshop_All Sector_12day_MultiPeriods_WIP/case/results_tdr12days_062026/results/MGAResults_min_01/MGA_0.1_1/results_period_3
2026-09-24 20:51:46 | INFO | 1 | MacroEnergy | write_outputs.jl:305 | Writing objective value to /home/al3792/NZC_MGA/NZC_Workshop_Example_Systems_June_2026/NZC_Workshop_All Sector_12day_MultiPeriods_WIP/case/results_tdr12days_062026/results/MGAResults_min_01/MGA_0.1_1/results_period_3/objective_value.csv
2026-09-24 20:51:46 | INFO | 1 | MacroEnergy | write_outputs.jl:13 | Writing results for period 4
2026-09-24 20:51:46 | INFO | 1 | MacroEnergy | write_capacity.jl:68 | Writing capacity results to /home/al3792/NZC_MGA/NZC_Workshop_Example_Systems_June_2026/NZC_Workshop_All Sector_12day_MultiPeriods_WIP/case/results_tdr12days_062026/results/MGAResults_min_01/MGA_0.1_1/results_period_4/capacity.csv
2026-09-24 20:52:04 | INFO | 1 | MacroEnergy | write_cost.jl:36 | Writing total discounted costs to /home/al3792/NZC_MGA/NZC_Workshop_Example_Systems_June_2026/NZC_Workshop_All Sector_12day_MultiPeriods_WIP/case/results_tdr12days_062026/results/MGAResults_min_01/MGA_0.1_1/results_period_4/costs.csv
2026-09-24 20:52:06 | INFO | 1 | MacroEnergy | write_cost.jl:79 | Writing total undiscounted costs to /home/al3792/NZC_MGA/NZC_Workshop_Example_Systems_June_2026/NZC_Workshop_All Sector_12day_MultiPeriods_WIP/case/results_tdr12days_062026/results/MGAResults_min_01/MGA_0.1_1/results_period_4/undiscounted_costs.csv
2026-09-24 20:52:14 | WARN | 1 | MacroEnergy | write_cost.jl:953 | Objective value validation failed. Validation difference: 1.91702245550482e12
2026-09-24 20:52:14 | INFO | 1 | MacroEnergy | write_cost.jl:564 | Writing detailed discounted costs by type to /home/al3792/NZC_MGA/NZC_Workshop_Example_Systems_June_2026/NZC_Workshop_All Sector_12day_MultiPeriods_WIP/case/results_tdr12days_062026/results/MGAResults_min_01/MGA_0.1_1/results_period_4/costs_by_type.csv
2026-09-24 20:52:17 | WARN | 1 | MacroEnergy | write_cost.jl:953 | Objective value validation failed. Validation difference: 1.9170224555048176e12
2026-09-24 20:52:17 | INFO | 1 | MacroEnergy | write_cost.jl:572 | Writing detailed discounted costs by zone to /home/al3792/NZC_MGA/NZC_Workshop_Example_Systems_June_2026/NZC_Workshop_All Sector_12day_MultiPeriods_WIP/case/results_tdr12days_062026/results/MGAResults_min_01/MGA_0.1_1/results_period_4/costs_by_zone.csv
2026-09-24 20:52:19 | WARN | 1 | MacroEnergy | write_cost.jl:953 | Objective value validation failed. Validation difference: 7.281297289718218e12
2026-09-24 20:52:19 | INFO | 1 | MacroEnergy | write_cost.jl:564 | Writing detailed undiscounted costs by type to /home/al3792/NZC_MGA/NZC_Workshop_Example_Systems_June_2026/NZC_Workshop_All Sector_12day_MultiPeriods_WIP/case/results_tdr12days_062026/results/MGAResults_min_01/MGA_0.1_1/results_period_4/undiscounted_costs_by_type.csv
2026-09-24 20:52:20 | WARN | 1 | MacroEnergy | write_cost.jl:953 | Objective value validation failed. Validation difference: 7.281297289718173e12
2026-09-24 20:52:20 | INFO | 1 | MacroEnergy | write_cost.jl:572 | Writing detailed undiscounted costs by zone to /home/al3792/NZC_MGA/NZC_Workshop_Example_Systems_June_2026/NZC_Workshop_All Sector_12day_MultiPeriods_WIP/case/results_tdr12days_062026/results/MGAResults_min_01/MGA_0.1_1/results_period_4/undiscounted_costs_by_zone.csv
2026-09-24 20:52:20 | INFO | 1 | MacroEnergy | write_flow.jl:66 | Writing flow results to /home/al3792/NZC_MGA/NZC_Workshop_Example_Systems_June_2026/NZC_Workshop_All Sector_12day_MultiPeriods_WIP/case/results_tdr12days_062026/results/MGAResults_min_01/MGA_0.1_1/results_period_4/flows.csv
2026-09-24 20:52:29 | INFO | 1 | MacroEnergy | write_non_served_demand.jl:44 | Writing non-served demand results to /home/al3792/NZC_MGA/NZC_Workshop_Example_Systems_June_2026/NZC_Workshop_All Sector_12day_MultiPeriods_WIP/case/results_tdr12days_062026/results/MGAResults_min_01/MGA_0.1_1/results_period_4/non_served_demand.csv
2026-09-24 20:52:29 | INFO | 1 | MacroEnergy | write_storage_level.jl:58 | Writing storage level results to /home/al3792/NZC_MGA/NZC_Workshop_Example_Systems_June_2026/NZC_Workshop_All Sector_12day_MultiPeriods_WIP/case/results_tdr12days_062026/results/MGAResults_min_01/MGA_0.1_1/results_period_4/storage_level.csv
2026-09-24 20:52:29 | INFO | 1 | MacroEnergy | write_curtailment.jl:44 | Writing curtailment results to /home/al3792/NZC_MGA/NZC_Workshop_Example_Systems_June_2026/NZC_Workshop_All Sector_12day_MultiPeriods_WIP/case/results_tdr12days_062026/results/MGAResults_min_01/MGA_0.1_1/results_period_4/curtailment.csv
2026-09-24 20:52:29 | INFO | 1 | MacroEnergy | write_time_weights.jl:49 | Writing time weights to /home/al3792/NZC_MGA/NZC_Workshop_Example_Systems_June_2026/NZC_Workshop_All Sector_12day_MultiPeriods_WIP/case/results_tdr12days_062026/results/MGAResults_min_01/MGA_0.1_1/results_period_4/time_weights.csv
2026-09-24 20:52:29 | INFO | 1 | MacroEnergy | write_duals.jl:39 | Writing constraint dual values to /home/al3792/NZC_MGA/NZC_Workshop_Example_Systems_June_2026/NZC_Workshop_All Sector_12day_MultiPeriods_WIP/case/results_tdr12days_062026/results/MGAResults_min_01/MGA_0.1_1/results_period_4
2026-09-24 20:52:29 | INFO | 1 | MacroEnergy | write_duals.jl:83 | Writing balance constraint dual values to /home/al3792/NZC_MGA/NZC_Workshop_Example_Systems_June_2026/NZC_Workshop_All Sector_12day_MultiPeriods_WIP/case/results_tdr12days_062026/results/MGAResults_min_01/MGA_0.1_1/results_period_4
2026-09-24 20:52:29 | INFO | 1 | MacroEnergy | write_duals.jl:177 | Writing CO2 cap constraint dual values to /home/al3792/NZC_MGA/NZC_Workshop_Example_Systems_June_2026/NZC_Workshop_All Sector_12day_MultiPeriods_WIP/case/results_tdr12days_062026/results/MGAResults_min_01/MGA_0.1_1/results_period_4
2026-09-24 20:52:29 | INFO | 1 | MacroEnergy | write_outputs.jl:305 | Writing objective value to /home/al3792/NZC_MGA/NZC_Workshop_Example_Systems_June_2026/NZC_Workshop_All Sector_12day_MultiPeriods_WIP/case/results_tdr12days_062026/results/MGAResults_min_01/MGA_0.1_1/results_period_4/objective_value.csv
2026-09-24 20:52:37 | INFO | 1 | MacroEnergy | run_tools.jl:213 | MGA finished in 6114.39 seconds
