
Gurobi 13.0.3 (mac64[arm]) logging started Sat Sep 26 20:32:33 2026

Set parameter LogFile to value "/Users/al3792/Documents_Local/NZC_June_2026/NZC_Workshop_Example_Systems_June_2026/NZC_Workshop_All Sector_12day_MultiPeriods_WIP/case/results_one_stage_no_co2_cap/20260926_203233_1QTJCT/gurobi.log"

Gurobi 13.0.3 (mac64[arm]) logging started Sat Sep 26 20:33:52 2026

Set parameter LogFile to value "/Users/al3792/Documents_Local/NZC_June_2026/NZC_Workshop_Example_Systems_June_2026/NZC_Workshop_All Sector_12day_MultiPeriods_WIP/case/results_one_stage_no_co2_cap/20260926_203233_1QTJCT/gurobi.log"
Gurobi Optimizer version 13.0.3 build v13.0.3rc0 (mac64[arm] - Darwin 25.6.0 25G83)

CPU model: Apple M4 Pro
Thread count: 14 physical cores, 14 logical processors, using up to 14 threads

Non-default parameters:
Method  2
BarConvTol  1e-06
Crossover  0

Optimize a model with 6511578 rows, 5180149 columns and 20127842 nonzeros (Min)
Model fingerprint: 0xcc68e2cb
Model has 2372250 linear objective coefficients
Coefficient statistics:
  Matrix range     [1e-03, 1e+06]
  Objective range  [1e-03, 2e+04]
  Bounds range     [1e+00, 1e+00]
  RHS range        [1e-03, 3e+05]

Presolve removed 5090370 rows and 3640577 columns (presolve time = 5s)...
Presolve removed 5171861 rows and 3699906 columns
Presolve time: 6.58s
Presolved: 1339717 rows, 1480243 columns, 7466360 nonzeros
Elapsed ordering time = 5s
Ordering time: 18.64s

Barrier statistics:
 Dense cols : 1276
 Free vars  : 168
 AA' NZ     : 3.374e+07
 Factor NZ  : 1.634e+08 (roughly 2.5 GB of memory)
 Factor Ops : 2.282e+11 (less than 1 second per iteration)
 Threads    : 14

                  Objective                Residual
Iter       Primal          Dual         Primal    Dual     Compl     Time
   0   3.09001582e+11 -6.83587985e+09  5.76e+07 1.28e+00  1.57e+08    28s
   1   3.02923978e+11 -7.35804180e+09  5.55e+07 2.22e+04  1.51e+08    29s
   2   2.85741978e+11 -9.45004430e+09  4.98e+07 1.90e+04  1.31e+08    30s
   3   2.65744926e+11 -1.50431920e+10  4.32e+07 1.64e+04  1.13e+08    31s
   4   2.41630722e+11 -2.64359353e+10  3.48e+07 1.33e+04  9.28e+07    33s
   5   2.23081018e+11 -3.90773569e+10  2.91e+07 9.62e+03  7.00e+07    34s
   6   1.94962119e+11 -5.31609242e+10  2.12e+07 5.00e+03  4.08e+07    36s
   7   1.79152213e+11 -5.72821858e+10  1.73e+07 3.12e+03  2.80e+07    37s
   8   1.69747156e+11 -5.55675777e+10  1.52e+07 2.28e+03  2.17e+07    39s
   9   1.61838610e+11 -5.45714148e+10  1.34e+07 1.52e+03  1.63e+07    40s
  10   1.52429026e+11 -5.36823330e+10  1.15e+07 1.36e+03  1.43e+07    42s
  11   1.36198066e+11 -5.12860203e+10  8.15e+06 1.04e+03  1.04e+07    44s
  12   1.31710588e+11 -4.97899768e+10  7.31e+06 6.45e+02  7.49e+06    45s
  13   1.12236841e+11 -4.96126200e+10  3.61e+06 1.60e+02  2.70e+06    47s
  14   1.08471533e+11 -4.72197201e+10  3.18e+06 4.79e+01  1.77e+06    49s
  15   8.53641531e+10 -4.32026214e+10  1.50e+06 3.69e+00  7.26e+05    51s
  16   2.36992073e+10 -3.83918510e+10  1.37e+05 1.11e+00  8.55e+04    52s
  17   1.77937970e+10 -2.47994348e+10  8.75e+04 3.79e-01  4.98e+04    54s
  18   1.28778931e+10 -1.29631188e+10  5.65e+04 1.07e-01  2.76e+04    55s
  19   7.75930730e+09 -8.89865980e+09  2.94e+04 5.69e-02  1.46e+04    56s
  20   3.73703094e+09 -4.02582083e+09  8.27e+03 3.43e-02  4.79e+03    57s
  21   1.06317803e+09 -2.39521761e+09  1.77e+03 1.86e-02  1.63e+03    58s
  22   5.49579231e+08 -1.26398736e+09  7.62e+02 9.33e-03  7.88e+02    59s
  23   2.74906312e+08 -4.53213793e+08  3.25e+02 4.09e-03  3.04e+02    61s
  24   1.56157274e+08 -2.52012195e+08  1.64e+02 3.27e-03  1.64e+02    62s
  25   7.54596174e+07 -1.20383041e+08  6.78e+01 2.97e-03  7.64e+01    63s
  26   3.90768874e+07 -6.87130590e+07  3.00e+01 1.83e-03  4.12e+01    65s
  27   2.74658325e+07 -2.53930861e+07  1.90e+01 9.96e-04  2.00e+01    67s
  28   2.24853147e+07 -1.38219134e+07  1.45e+01 1.20e-03  1.37e+01    69s
  29   1.98776726e+07 -8.30006582e+06  1.26e+01 1.18e-03  1.06e+01    70s
  30   1.70991594e+07 -6.16131767e+06  1.04e+01 1.20e-03  8.71e+00    71s
  31   1.42507483e+07 -4.05678954e+06  8.19e+00 1.32e-03  6.84e+00    73s
  32   1.11783325e+07 -2.21154503e+06  5.77e+00 9.21e-04  4.99e+00    74s
  33   9.27998175e+06 -6.89857043e+05  4.37e+00 1.20e-03  3.70e+00    76s
  34   7.97020302e+06  1.86191446e+05  3.48e+00 2.24e-03  2.89e+00    77s
  35   7.82138725e+06  3.82841914e+05  3.38e+00 1.96e-03  2.76e+00    79s
  36   7.50119409e+06  4.57069539e+05  3.16e+00 2.06e-03  2.61e+00    80s
  37   6.71678033e+06  9.26151669e+05  2.61e+00 2.08e-03  2.14e+00    82s
  38   6.20992063e+06  1.08646720e+06  2.27e+00 1.88e-03  1.90e+00    83s
  39   5.95885401e+06  1.34572559e+06  2.09e+00 2.13e-03  1.71e+00    85s
  40   5.38864920e+06  1.56082698e+06  1.70e+00 1.96e-03  1.41e+00    87s
  41   5.20666437e+06  1.72072823e+06  1.57e+00 2.19e-03  1.29e+00    88s
  42   5.05639472e+06  1.90116388e+06  1.46e+00 2.40e-03  1.17e+00    90s
  43   4.80723014e+06  1.96810301e+06  1.29e+00 2.32e-03  1.05e+00    92s
  44   4.60731783e+06  2.12060364e+06  1.15e+00 2.97e-03  9.18e-01    94s
  45   4.37872280e+06  2.17043223e+06  9.87e-01 3.11e-03  8.15e-01    95s
  46   4.19273388e+06  2.30794273e+06  8.56e-01 2.63e-03  6.95e-01    97s
  47   4.01338630e+06  2.48887314e+06  7.34e-01 3.21e-03  5.62e-01    98s
  48   3.83892757e+06  2.59528718e+06  6.15e-01 4.73e-03  4.58e-01   100s
  49   3.56565654e+06  2.66644326e+06  4.24e-01 4.59e-03  3.32e-01   101s
  50   3.43647675e+06  2.72971399e+06  3.32e-01 4.61e-03  2.61e-01   103s
  51   3.33076367e+06  2.76300897e+06  2.62e-01 4.29e-03  2.09e-01   104s
  52   3.22451914e+06  2.80976547e+06  1.86e-01 7.95e-03  1.53e-01   106s
  53   3.14759891e+06  2.84338761e+06  1.32e-01 8.31e-03  1.12e-01   107s
  54   3.09900853e+06  2.87186192e+06  1.01e-01 6.38e-03  8.37e-02   110s
  55   3.06590691e+06  2.88932567e+06  7.92e-02 5.36e-03  6.51e-02   112s
  56   3.02756713e+06  2.90153812e+06  5.54e-02 3.83e-03  4.65e-02   114s
  57   3.00930950e+06  2.90983791e+06  4.40e-02 2.98e-03  3.67e-02   116s
  58   2.99316418e+06  2.91367121e+06  3.49e-02 3.00e-03  2.93e-02   117s
  59   2.99076918e+06  2.91560230e+06  3.35e-02 2.68e-03  2.77e-02   119s
  60   2.98742871e+06  2.91844084e+06  3.16e-02 2.18e-03  2.54e-02   120s
  61   2.97143972e+06  2.92127284e+06  2.26e-02 1.71e-03  1.85e-02   122s
  62   2.96188317e+06  2.92342839e+06  1.71e-02 1.34e-03  1.42e-02   124s
  63   2.95541945e+06  2.92550754e+06  1.34e-02 1.17e-03  1.10e-02   126s
  64   2.94985377e+06  2.92675428e+06  1.03e-02 9.40e-04  8.51e-03   127s
  65   2.94459757e+06  2.92765313e+06  7.37e-03 7.45e-04  6.24e-03   129s
  66   2.94189685e+06  2.92852337e+06  5.83e-03 5.76e-04  4.93e-03   131s
  67   2.93852986e+06  2.92907665e+06  3.89e-03 5.82e-04  3.48e-03   132s
  68   2.93660646e+06  2.92971872e+06  2.80e-03 3.66e-04  2.54e-03   134s
  69   2.93524577e+06  2.93009604e+06  2.06e-03 2.85e-04  1.90e-03   136s
  70   2.93437264e+06  2.93036818e+06  1.59e-03 2.11e-04  1.47e-03   138s
  71   2.93344471e+06  2.93066029e+06  1.10e-03 1.17e-04  1.02e-03   140s
  72   2.93288882e+06  2.93077523e+06  8.12e-04 7.78e-05  7.75e-04   142s
  73   2.93231287e+06  2.93093306e+06  5.14e-04 6.64e-05  5.05e-04   143s
  74   2.93201684e+06  2.93103212e+06  3.64e-04 3.60e-05  3.58e-04   145s
  75   2.93177998e+06  2.93109753e+06  2.45e-04 2.56e-05  2.47e-04   147s
  76   2.93159844e+06  2.93115778e+06  1.55e-04 2.41e-05  1.57e-04   149s
  77   2.93148138e+06  2.93119647e+06  9.77e-05 1.49e-05  9.98e-05   151s
  78   2.93142355e+06  2.93121390e+06  6.94e-05 1.06e-05  7.20e-05   152s
  79   2.93138568e+06  2.93122253e+06  5.11e-05 8.38e-06  5.48e-05   154s
  80   2.93136649e+06  2.93123108e+06  4.20e-05 6.33e-06  4.45e-05   155s
  81   2.93133216e+06  2.93124175e+06  2.61e-05 3.71e-06  2.79e-05   157s
  82   2.93131347e+06  2.93124506e+06  1.77e-05 2.91e-06  1.98e-05   158s
  83   2.93130793e+06  2.93124592e+06  1.53e-05 2.73e-06  1.74e-05   160s
  84   2.93129511e+06  2.93125083e+06  9.66e-06 1.57e-06  1.08e-05   162s
  85   2.93128756e+06  2.93125314e+06  6.36e-06 9.64e-07  7.18e-06   165s
  86   2.93127814e+06  2.93125546e+06  2.33e-06 1.10e-06  2.84e-06   167s
  87   2.93127495e+06  2.93125646e+06  7.91e-06 2.45e-06  1.29e-06   169s
  88   2.93127434e+06  2.93125700e+06  6.01e-06 1.03e-06  8.67e-07   171s

Barrier solved model in 88 iterations and 170.60 seconds (388.65 work units)
Optimal objective 2.93127434e+06


User-callback calls 23408, time in user-callback 0.05 sec
