2026-09-16 16:53:43 | INFO | 1 | MacroEnergy | run_tools.jl:125 | Running case at /Users/al3792/Documents_Local/NZC_June_2026/NZC_Workshop_Example_Systems_June_2026/NZC_Workshop_All Sector_12day_MultiPeriods_WIP/case
2026-09-16 16:53:43 | INFO | 1 | MacroEnergy | user_additions.jl:78 |  ++ Loading user additions from ../NZC_Workshop_Example_Systems_June_2026/NZC_Workshop_All Sector_12day_MultiPeriods_WIP/case/user_additions
2026-09-16 16:53:43 | INFO | 1 | MacroEnergy | user_additions.jl:114 |  ++ Successfully loaded user additions.
2026-09-16 16:53:43 | INFO | 1 | MacroEnergy | user_additions.jl:122 |  ++ Added user assets: 0
2026-09-16 16:54:01 | INFO | 1 | MacroEnergy | load_stages_data.jl:37 | Loading case from /Users/al3792/Documents_Local/NZC_June_2026/NZC_Workshop_Example_Systems_June_2026/NZC_Workshop_All Sector_12day_MultiPeriods_WIP/case/system_data.json
2026-09-16 16:54:01 | INFO | 1 | MacroEnergy | load_system_data.jl:17 | Loading system data
2026-09-16 16:54:02 | WARN | 1 | MacroEnergy | load_csv_inputs.jl:62 | The first column of the CSV file must be 'Type' (got 'Period_Index')
2026-09-16 16:54:42 | WARN | 1 | MacroEnergy | load_csv_inputs.jl:62 | The first column of the CSV file must be 'Type' (got 'Period_Index')
2026-09-16 16:54:42 | WARN | 1 | MacroEnergy | load_csv_inputs.jl:62 | The first column of the CSV file must be 'Type' (got 'Period_Index')
2026-09-16 16:55:21 | WARN | 1 | MacroEnergy | load_csv_inputs.jl:62 | The first column of the CSV file must be 'Type' (got 'Period_Index')
2026-09-16 16:55:21 | WARN | 1 | MacroEnergy | load_csv_inputs.jl:62 | The first column of the CSV file must be 'Type' (got 'Period_Index')
2026-09-16 16:56:01 | WARN | 1 | MacroEnergy | load_csv_inputs.jl:62 | The first column of the CSV file must be 'Type' (got 'Period_Index')
2026-09-16 16:56:01 | WARN | 1 | MacroEnergy | load_csv_inputs.jl:62 | The first column of the CSV file must be 'Type' (got 'Period_Index')
2026-09-16 16:56:39 | WARN | 1 | MacroEnergy | load_csv_inputs.jl:62 | The first column of the CSV file must be 'Type' (got 'Period_Index')
2026-09-16 16:56:40 | INFO | 1 | MacroEnergy | load_system_data.jl:25 | Done loading system data. It took 158.98 seconds
2026-09-16 16:56:40 | INFO | 1 | MacroEnergy | load_stages_data.jl:20 | Done loading case data. It took 158.98 seconds
2026-09-16 16:56:40 | INFO | 1 | MacroEnergy | case.jl:16 | *** Generating case ***
2026-09-16 16:56:40 | INFO | 1 | MacroEnergy | case_settings.jl:132 | Configuring case
2026-09-16 16:56:40 | INFO | 1 | MacroEnergy | case_settings.jl:161 |  -- Setting solution algorithm
2026-09-16 16:56:40 | WARN | 1 | MacroEnergy | case_settings.jl:167 | Setting SolutionAlgorithm to "Myopic" is deprecated.
Use ExpansionHorizon: "Myopic" combined with SolutionAlgorithm: "Monolithic" instead.
Translating automatically: SolutionAlgorithm => Monolithic, ExpansionHorizon => Myopic.

2026-09-16 16:56:40 | INFO | 1 | MacroEnergy | case_settings.jl:178 |  -- Solution algorithm set to MacroEnergy.Monolithic()
2026-09-16 16:56:40 | INFO | 1 | MacroEnergy | case_settings.jl:183 |  -- Setting expansion horizon
2026-09-16 16:56:40 | INFO | 1 | MacroEnergy | case_settings.jl:192 |  -- Expansion horizon set to MacroEnergy.Myopic()
2026-09-16 16:56:40 | WARN | 1 | MacroEnergy | case_settings.jl:211 | No myopic settings specified, using default settings
2026-09-16 16:56:40 | INFO | 1 | MacroEnergy | case_settings.jl:212 | Configuring myopic
2026-09-16 16:56:40 | INFO | 1 | MacroEnergy | case.jl:31 | Generating systems
2026-09-16 16:56:41 | INFO | 1 | MacroEnergy | generate_system.jl:18 | Generating system
2026-09-16 16:56:42 | INFO | 1 | MacroEnergy | load_commodities.jl:299 |  ++ Added user commodities: 0 top-level, 0 subcommodities
2026-09-16 16:56:50 | INFO | 1 | MacroEnergy | node.jl:295 |  ++ Creating new location: Region21Hainan
2026-09-16 16:56:50 | INFO | 1 | MacroEnergy | node.jl:295 |  ++ Creating new location: Region26Tibet
2026-09-16 16:56:52 | INFO | 1 | MacroEnergy | supply_inputs.jl:9 | Using legacy parser for supply inputs of cog_Region1Beijing.
2026-09-16 16:56:52 | INFO | 1 | MacroEnergy | supply_inputs.jl:9 | Using legacy parser for supply inputs of cog_Region2Tianjin.
2026-09-16 16:56:52 | INFO | 1 | MacroEnergy | supply_inputs.jl:9 | Using legacy parser for supply inputs of cog_Region3Hebei.
2026-09-16 16:56:52 | INFO | 1 | MacroEnergy | supply_inputs.jl:9 | Using legacy parser for supply inputs of cog_Region4Shanxi.
2026-09-16 16:56:52 | INFO | 1 | MacroEnergy | supply_inputs.jl:9 | Using legacy parser for supply inputs of cog_Region5Innermongolia.
2026-09-16 16:56:52 | INFO | 1 | MacroEnergy | supply_inputs.jl:9 | Using legacy parser for supply inputs of cog_Region6Liaoning.
2026-09-16 16:56:52 | INFO | 1 | MacroEnergy | supply_inputs.jl:9 | Using legacy parser for supply inputs of cog_Region7Jilin.
2026-09-16 16:56:52 | INFO | 1 | MacroEnergy | supply_inputs.jl:9 | Using legacy parser for supply inputs of cog_Region8Heilongjiang.
2026-09-16 16:56:52 | INFO | 1 | MacroEnergy | supply_inputs.jl:9 | Using legacy parser for supply inputs of cog_Region9Shanghai.
2026-09-16 16:56:52 | INFO | 1 | MacroEnergy | supply_inputs.jl:9 | Using legacy parser for supply inputs of cog_Region10Jiangsu.
2026-09-16 16:56:52 | INFO | 1 | MacroEnergy | supply_inputs.jl:9 | Using legacy parser for supply inputs of cog_Region11Zhejiang.
2026-09-16 16:56:52 | INFO | 1 | MacroEnergy | supply_inputs.jl:9 | Using legacy parser for supply inputs of cog_Region12Anhui.
2026-09-16 16:56:52 | INFO | 1 | MacroEnergy | supply_inputs.jl:9 | Using legacy parser for supply inputs of cog_Region13Fujian.
2026-09-16 16:56:52 | INFO | 1 | MacroEnergy | supply_inputs.jl:9 | Using legacy parser for supply inputs of cog_Region14Jiangxi.
2026-09-16 16:56:52 | INFO | 1 | MacroEnergy | supply_inputs.jl:9 | Using legacy parser for supply inputs of cog_Region15Shandong.
2026-09-16 16:56:52 | INFO | 1 | MacroEnergy | supply_inputs.jl:9 | Using legacy parser for supply inputs of cog_Region16Henan.
2026-09-16 16:56:52 | INFO | 1 | MacroEnergy | supply_inputs.jl:9 | Using legacy parser for supply inputs of cog_Region17Hubei.
2026-09-16 16:56:52 | INFO | 1 | MacroEnergy | supply_inputs.jl:9 | Using legacy parser for supply inputs of cog_Region18Hunan.
2026-09-16 16:56:52 | INFO | 1 | MacroEnergy | supply_inputs.jl:9 | Using legacy parser for supply inputs of cog_Region19Guangdong.
2026-09-16 16:56:52 | INFO | 1 | MacroEnergy | supply_inputs.jl:9 | Using legacy parser for supply inputs of cog_Region20Guangxi.
2026-09-16 16:56:52 | INFO | 1 | MacroEnergy | supply_inputs.jl:9 | Using legacy parser for supply inputs of cog_Region21Hainan.
2026-09-16 16:56:52 | INFO | 1 | MacroEnergy | supply_inputs.jl:9 | Using legacy parser for supply inputs of cog_Region22Chongqing.
2026-09-16 16:56:52 | INFO | 1 | MacroEnergy | supply_inputs.jl:9 | Using legacy parser for supply inputs of cog_Region23Sichuan.
2026-09-16 16:56:52 | INFO | 1 | MacroEnergy | supply_inputs.jl:9 | Using legacy parser for supply inputs of cog_Region24Guizhou.
2026-09-16 16:56:52 | INFO | 1 | MacroEnergy | supply_inputs.jl:9 | Using legacy parser for supply inputs of cog_Region25Yunnan.
2026-09-16 16:56:52 | INFO | 1 | MacroEnergy | supply_inputs.jl:9 | Using legacy parser for supply inputs of cog_Region26Tibet.
2026-09-16 16:56:52 | INFO | 1 | MacroEnergy | supply_inputs.jl:9 | Using legacy parser for supply inputs of cog_Region27Shaanxi.
2026-09-16 16:56:52 | INFO | 1 | MacroEnergy | supply_inputs.jl:9 | Using legacy parser for supply inputs of cog_Region28Gansu.
2026-09-16 16:56:52 | INFO | 1 | MacroEnergy | supply_inputs.jl:9 | Using legacy parser for supply inputs of cog_Region29Qinghai.
2026-09-16 16:56:52 | INFO | 1 | MacroEnergy | supply_inputs.jl:9 | Using legacy parser for supply inputs of cog_Region30Ningxia.
2026-09-16 16:56:52 | INFO | 1 | MacroEnergy | supply_inputs.jl:9 | Using legacy parser for supply inputs of cog_Region31Xinjiang.
2026-09-16 16:57:27 | INFO | 1 | MacroEnergy | generate_system.jl:51 | Done generating system. It took 46.63 seconds
2026-09-16 16:57:27 | INFO | 1 | MacroEnergy | generate_system.jl:18 | Generating system
2026-09-16 16:57:28 | INFO | 1 | MacroEnergy | load_commodities.jl:299 |  ++ Added user commodities: 0 top-level, 0 subcommodities
2026-09-16 16:57:28 | INFO | 1 | MacroEnergy | node.jl:295 |  ++ Creating new location: Region21Hainan
2026-09-16 16:57:28 | INFO | 1 | MacroEnergy | node.jl:295 |  ++ Creating new location: Region26Tibet
2026-09-16 16:57:28 | INFO | 1 | MacroEnergy | supply_inputs.jl:9 | Using legacy parser for supply inputs of cog_Region1Beijing.
2026-09-16 16:57:28 | INFO | 1 | MacroEnergy | supply_inputs.jl:9 | Using legacy parser for supply inputs of cog_Region2Tianjin.
2026-09-16 16:57:28 | INFO | 1 | MacroEnergy | supply_inputs.jl:9 | Using legacy parser for supply inputs of cog_Region3Hebei.
2026-09-16 16:57:28 | INFO | 1 | MacroEnergy | supply_inputs.jl:9 | Using legacy parser for supply inputs of cog_Region4Shanxi.
2026-09-16 16:57:28 | INFO | 1 | MacroEnergy | supply_inputs.jl:9 | Using legacy parser for supply inputs of cog_Region5Innermongolia.
2026-09-16 16:57:28 | INFO | 1 | MacroEnergy | supply_inputs.jl:9 | Using legacy parser for supply inputs of cog_Region6Liaoning.
2026-09-16 16:57:28 | INFO | 1 | MacroEnergy | supply_inputs.jl:9 | Using legacy parser for supply inputs of cog_Region7Jilin.
2026-09-16 16:57:28 | INFO | 1 | MacroEnergy | supply_inputs.jl:9 | Using legacy parser for supply inputs of cog_Region8Heilongjiang.
2026-09-16 16:57:28 | INFO | 1 | MacroEnergy | supply_inputs.jl:9 | Using legacy parser for supply inputs of cog_Region9Shanghai.
2026-09-16 16:57:28 | INFO | 1 | MacroEnergy | supply_inputs.jl:9 | Using legacy parser for supply inputs of cog_Region10Jiangsu.
2026-09-16 16:57:28 | INFO | 1 | MacroEnergy | supply_inputs.jl:9 | Using legacy parser for supply inputs of cog_Region11Zhejiang.
2026-09-16 16:57:28 | INFO | 1 | MacroEnergy | supply_inputs.jl:9 | Using legacy parser for supply inputs of cog_Region12Anhui.
2026-09-16 16:57:28 | INFO | 1 | MacroEnergy | supply_inputs.jl:9 | Using legacy parser for supply inputs of cog_Region13Fujian.
2026-09-16 16:57:28 | INFO | 1 | MacroEnergy | supply_inputs.jl:9 | Using legacy parser for supply inputs of cog_Region14Jiangxi.
2026-09-16 16:57:28 | INFO | 1 | MacroEnergy | supply_inputs.jl:9 | Using legacy parser for supply inputs of cog_Region15Shandong.
2026-09-16 16:57:28 | INFO | 1 | MacroEnergy | supply_inputs.jl:9 | Using legacy parser for supply inputs of cog_Region16Henan.
2026-09-16 16:57:28 | INFO | 1 | MacroEnergy | supply_inputs.jl:9 | Using legacy parser for supply inputs of cog_Region17Hubei.
2026-09-16 16:57:28 | INFO | 1 | MacroEnergy | supply_inputs.jl:9 | Using legacy parser for supply inputs of cog_Region18Hunan.
2026-09-16 16:57:28 | INFO | 1 | MacroEnergy | supply_inputs.jl:9 | Using legacy parser for supply inputs of cog_Region19Guangdong.
2026-09-16 16:57:28 | INFO | 1 | MacroEnergy | supply_inputs.jl:9 | Using legacy parser for supply inputs of cog_Region20Guangxi.
2026-09-16 16:57:28 | INFO | 1 | MacroEnergy | supply_inputs.jl:9 | Using legacy parser for supply inputs of cog_Region21Hainan.
2026-09-16 16:57:28 | INFO | 1 | MacroEnergy | supply_inputs.jl:9 | Using legacy parser for supply inputs of cog_Region22Chongqing.
2026-09-16 16:57:28 | INFO | 1 | MacroEnergy | supply_inputs.jl:9 | Using legacy parser for supply inputs of cog_Region23Sichuan.
2026-09-16 16:57:28 | INFO | 1 | MacroEnergy | supply_inputs.jl:9 | Using legacy parser for supply inputs of cog_Region24Guizhou.
2026-09-16 16:57:28 | INFO | 1 | MacroEnergy | supply_inputs.jl:9 | Using legacy parser for supply inputs of cog_Region25Yunnan.
2026-09-16 16:57:28 | INFO | 1 | MacroEnergy | supply_inputs.jl:9 | Using legacy parser for supply inputs of cog_Region26Tibet.
2026-09-16 16:57:28 | INFO | 1 | MacroEnergy | supply_inputs.jl:9 | Using legacy parser for supply inputs of cog_Region27Shaanxi.
2026-09-16 16:57:28 | INFO | 1 | MacroEnergy | supply_inputs.jl:9 | Using legacy parser for supply inputs of cog_Region28Gansu.
2026-09-16 16:57:28 | INFO | 1 | MacroEnergy | supply_inputs.jl:9 | Using legacy parser for supply inputs of cog_Region29Qinghai.
2026-09-16 16:57:28 | INFO | 1 | MacroEnergy | supply_inputs.jl:9 | Using legacy parser for supply inputs of cog_Region30Ningxia.
2026-09-16 16:57:28 | INFO | 1 | MacroEnergy | supply_inputs.jl:9 | Using legacy parser for supply inputs of cog_Region31Xinjiang.
2026-09-16 16:57:32 | INFO | 1 | MacroEnergy | generate_system.jl:51 | Done generating system. It took 4.28 seconds
2026-09-16 16:57:32 | INFO | 1 | MacroEnergy | generate_system.jl:18 | Generating system
2026-09-16 16:57:32 | INFO | 1 | MacroEnergy | load_commodities.jl:299 |  ++ Added user commodities: 0 top-level, 0 subcommodities
2026-09-16 16:57:32 | INFO | 1 | MacroEnergy | node.jl:295 |  ++ Creating new location: Region21Hainan
2026-09-16 16:57:32 | INFO | 1 | MacroEnergy | node.jl:295 |  ++ Creating new location: Region26Tibet
2026-09-16 16:57:32 | INFO | 1 | MacroEnergy | supply_inputs.jl:9 | Using legacy parser for supply inputs of cog_Region1Beijing.
2026-09-16 16:57:32 | INFO | 1 | MacroEnergy | supply_inputs.jl:9 | Using legacy parser for supply inputs of cog_Region2Tianjin.
2026-09-16 16:57:32 | INFO | 1 | MacroEnergy | supply_inputs.jl:9 | Using legacy parser for supply inputs of cog_Region3Hebei.
2026-09-16 16:57:32 | INFO | 1 | MacroEnergy | supply_inputs.jl:9 | Using legacy parser for supply inputs of cog_Region4Shanxi.
2026-09-16 16:57:32 | INFO | 1 | MacroEnergy | supply_inputs.jl:9 | Using legacy parser for supply inputs of cog_Region5Innermongolia.
2026-09-16 16:57:32 | INFO | 1 | MacroEnergy | supply_inputs.jl:9 | Using legacy parser for supply inputs of cog_Region6Liaoning.
2026-09-16 16:57:32 | INFO | 1 | MacroEnergy | supply_inputs.jl:9 | Using legacy parser for supply inputs of cog_Region7Jilin.
2026-09-16 16:57:32 | INFO | 1 | MacroEnergy | supply_inputs.jl:9 | Using legacy parser for supply inputs of cog_Region8Heilongjiang.
2026-09-16 16:57:32 | INFO | 1 | MacroEnergy | supply_inputs.jl:9 | Using legacy parser for supply inputs of cog_Region9Shanghai.
2026-09-16 16:57:32 | INFO | 1 | MacroEnergy | supply_inputs.jl:9 | Using legacy parser for supply inputs of cog_Region10Jiangsu.
2026-09-16 16:57:32 | INFO | 1 | MacroEnergy | supply_inputs.jl:9 | Using legacy parser for supply inputs of cog_Region11Zhejiang.
2026-09-16 16:57:32 | INFO | 1 | MacroEnergy | supply_inputs.jl:9 | Using legacy parser for supply inputs of cog_Region12Anhui.
2026-09-16 16:57:32 | INFO | 1 | MacroEnergy | supply_inputs.jl:9 | Using legacy parser for supply inputs of cog_Region13Fujian.
2026-09-16 16:57:32 | INFO | 1 | MacroEnergy | supply_inputs.jl:9 | Using legacy parser for supply inputs of cog_Region14Jiangxi.
2026-09-16 16:57:32 | INFO | 1 | MacroEnergy | supply_inputs.jl:9 | Using legacy parser for supply inputs of cog_Region15Shandong.
2026-09-16 16:57:32 | INFO | 1 | MacroEnergy | supply_inputs.jl:9 | Using legacy parser for supply inputs of cog_Region16Henan.
2026-09-16 16:57:32 | INFO | 1 | MacroEnergy | supply_inputs.jl:9 | Using legacy parser for supply inputs of cog_Region17Hubei.
2026-09-16 16:57:32 | INFO | 1 | MacroEnergy | supply_inputs.jl:9 | Using legacy parser for supply inputs of cog_Region18Hunan.
2026-09-16 16:57:32 | INFO | 1 | MacroEnergy | supply_inputs.jl:9 | Using legacy parser for supply inputs of cog_Region19Guangdong.
2026-09-16 16:57:32 | INFO | 1 | MacroEnergy | supply_inputs.jl:9 | Using legacy parser for supply inputs of cog_Region20Guangxi.
2026-09-16 16:57:32 | INFO | 1 | MacroEnergy | supply_inputs.jl:9 | Using legacy parser for supply inputs of cog_Region21Hainan.
2026-09-16 16:57:32 | INFO | 1 | MacroEnergy | supply_inputs.jl:9 | Using legacy parser for supply inputs of cog_Region22Chongqing.
2026-09-16 16:57:32 | INFO | 1 | MacroEnergy | supply_inputs.jl:9 | Using legacy parser for supply inputs of cog_Region23Sichuan.
2026-09-16 16:57:32 | INFO | 1 | MacroEnergy | supply_inputs.jl:9 | Using legacy parser for supply inputs of cog_Region24Guizhou.
2026-09-16 16:57:32 | INFO | 1 | MacroEnergy | supply_inputs.jl:9 | Using legacy parser for supply inputs of cog_Region25Yunnan.
2026-09-16 16:57:32 | INFO | 1 | MacroEnergy | supply_inputs.jl:9 | Using legacy parser for supply inputs of cog_Region26Tibet.
2026-09-16 16:57:32 | INFO | 1 | MacroEnergy | supply_inputs.jl:9 | Using legacy parser for supply inputs of cog_Region27Shaanxi.
2026-09-16 16:57:32 | INFO | 1 | MacroEnergy | supply_inputs.jl:9 | Using legacy parser for supply inputs of cog_Region28Gansu.
2026-09-16 16:57:32 | INFO | 1 | MacroEnergy | supply_inputs.jl:9 | Using legacy parser for supply inputs of cog_Region29Qinghai.
2026-09-16 16:57:32 | INFO | 1 | MacroEnergy | supply_inputs.jl:9 | Using legacy parser for supply inputs of cog_Region30Ningxia.
2026-09-16 16:57:32 | INFO | 1 | MacroEnergy | supply_inputs.jl:9 | Using legacy parser for supply inputs of cog_Region31Xinjiang.
2026-09-16 16:57:35 | INFO | 1 | MacroEnergy | generate_system.jl:51 | Done generating system. It took 3.74 seconds
2026-09-16 16:57:35 | INFO | 1 | MacroEnergy | generate_system.jl:18 | Generating system
2026-09-16 16:57:36 | INFO | 1 | MacroEnergy | load_commodities.jl:299 |  ++ Added user commodities: 0 top-level, 0 subcommodities
2026-09-16 16:57:36 | INFO | 1 | MacroEnergy | node.jl:295 |  ++ Creating new location: Region21Hainan
2026-09-16 16:57:36 | INFO | 1 | MacroEnergy | node.jl:295 |  ++ Creating new location: Region26Tibet
2026-09-16 16:57:36 | INFO | 1 | MacroEnergy | supply_inputs.jl:9 | Using legacy parser for supply inputs of cog_Region1Beijing.
2026-09-16 16:57:36 | INFO | 1 | MacroEnergy | supply_inputs.jl:9 | Using legacy parser for supply inputs of cog_Region2Tianjin.
2026-09-16 16:57:36 | INFO | 1 | MacroEnergy | supply_inputs.jl:9 | Using legacy parser for supply inputs of cog_Region3Hebei.
2026-09-16 16:57:36 | INFO | 1 | MacroEnergy | supply_inputs.jl:9 | Using legacy parser for supply inputs of cog_Region4Shanxi.
2026-09-16 16:57:36 | INFO | 1 | MacroEnergy | supply_inputs.jl:9 | Using legacy parser for supply inputs of cog_Region5Innermongolia.
2026-09-16 16:57:36 | INFO | 1 | MacroEnergy | supply_inputs.jl:9 | Using legacy parser for supply inputs of cog_Region6Liaoning.
2026-09-16 16:57:36 | INFO | 1 | MacroEnergy | supply_inputs.jl:9 | Using legacy parser for supply inputs of cog_Region7Jilin.
2026-09-16 16:57:36 | INFO | 1 | MacroEnergy | supply_inputs.jl:9 | Using legacy parser for supply inputs of cog_Region8Heilongjiang.
2026-09-16 16:57:36 | INFO | 1 | MacroEnergy | supply_inputs.jl:9 | Using legacy parser for supply inputs of cog_Region9Shanghai.
2026-09-16 16:57:36 | INFO | 1 | MacroEnergy | supply_inputs.jl:9 | Using legacy parser for supply inputs of cog_Region10Jiangsu.
2026-09-16 16:57:36 | INFO | 1 | MacroEnergy | supply_inputs.jl:9 | Using legacy parser for supply inputs of cog_Region11Zhejiang.
2026-09-16 16:57:36 | INFO | 1 | MacroEnergy | supply_inputs.jl:9 | Using legacy parser for supply inputs of cog_Region12Anhui.
2026-09-16 16:57:36 | INFO | 1 | MacroEnergy | supply_inputs.jl:9 | Using legacy parser for supply inputs of cog_Region13Fujian.
2026-09-16 16:57:36 | INFO | 1 | MacroEnergy | supply_inputs.jl:9 | Using legacy parser for supply inputs of cog_Region14Jiangxi.
2026-09-16 16:57:36 | INFO | 1 | MacroEnergy | supply_inputs.jl:9 | Using legacy parser for supply inputs of cog_Region15Shandong.
2026-09-16 16:57:36 | INFO | 1 | MacroEnergy | supply_inputs.jl:9 | Using legacy parser for supply inputs of cog_Region16Henan.
2026-09-16 16:57:36 | INFO | 1 | MacroEnergy | supply_inputs.jl:9 | Using legacy parser for supply inputs of cog_Region17Hubei.
2026-09-16 16:57:36 | INFO | 1 | MacroEnergy | supply_inputs.jl:9 | Using legacy parser for supply inputs of cog_Region18Hunan.
2026-09-16 16:57:36 | INFO | 1 | MacroEnergy | supply_inputs.jl:9 | Using legacy parser for supply inputs of cog_Region19Guangdong.
2026-09-16 16:57:36 | INFO | 1 | MacroEnergy | supply_inputs.jl:9 | Using legacy parser for supply inputs of cog_Region20Guangxi.
2026-09-16 16:57:36 | INFO | 1 | MacroEnergy | supply_inputs.jl:9 | Using legacy parser for supply inputs of cog_Region21Hainan.
2026-09-16 16:57:36 | INFO | 1 | MacroEnergy | supply_inputs.jl:9 | Using legacy parser for supply inputs of cog_Region22Chongqing.
2026-09-16 16:57:36 | INFO | 1 | MacroEnergy | supply_inputs.jl:9 | Using legacy parser for supply inputs of cog_Region23Sichuan.
2026-09-16 16:57:36 | INFO | 1 | MacroEnergy | supply_inputs.jl:9 | Using legacy parser for supply inputs of cog_Region24Guizhou.
2026-09-16 16:57:36 | INFO | 1 | MacroEnergy | supply_inputs.jl:9 | Using legacy parser for supply inputs of cog_Region25Yunnan.
2026-09-16 16:57:36 | INFO | 1 | MacroEnergy | supply_inputs.jl:9 | Using legacy parser for supply inputs of cog_Region26Tibet.
2026-09-16 16:57:36 | INFO | 1 | MacroEnergy | supply_inputs.jl:9 | Using legacy parser for supply inputs of cog_Region27Shaanxi.
2026-09-16 16:57:36 | INFO | 1 | MacroEnergy | supply_inputs.jl:9 | Using legacy parser for supply inputs of cog_Region28Gansu.
2026-09-16 16:57:36 | INFO | 1 | MacroEnergy | supply_inputs.jl:9 | Using legacy parser for supply inputs of cog_Region29Qinghai.
2026-09-16 16:57:36 | INFO | 1 | MacroEnergy | supply_inputs.jl:9 | Using legacy parser for supply inputs of cog_Region30Ningxia.
2026-09-16 16:57:36 | INFO | 1 | MacroEnergy | supply_inputs.jl:9 | Using legacy parser for supply inputs of cog_Region31Xinjiang.
2026-09-16 16:57:39 | INFO | 1 | MacroEnergy | generate_system.jl:51 | Done generating system. It took 3.7 seconds
2026-09-16 16:57:40 | INFO | 1 | MacroEnergy | case.jl:61 |  -- Discounting fixed costs for period 1
2026-09-16 16:57:41 | INFO | 1 | MacroEnergy | case.jl:64 |  -- Computing retirement case for period 1
2026-09-16 16:57:43 | INFO | 1 | MacroEnergy | case.jl:61 |  -- Discounting fixed costs for period 2
2026-09-16 16:57:43 | INFO | 1 | MacroEnergy | case.jl:64 |  -- Computing retirement case for period 2
2026-09-16 16:57:44 | INFO | 1 | MacroEnergy | case.jl:61 |  -- Discounting fixed costs for period 3
2026-09-16 16:57:44 | INFO | 1 | MacroEnergy | case.jl:64 |  -- Computing retirement case for period 3
2026-09-16 16:57:45 | INFO | 1 | MacroEnergy | case.jl:61 |  -- Discounting fixed costs for period 4
2026-09-16 16:57:45 | INFO | 1 | MacroEnergy | case.jl:64 |  -- Computing retirement case for period 4
2026-09-16 16:57:46 | INFO | 1 | MacroEnergy | case.jl:46 | *** Done generating case. It took 65.95 seconds ***
2026-09-16 16:57:46 | INFO | 1 | MacroEnergy | solver.jl:25 | *** Running simulation with Myopic expansion horizon and Monolithic solution algorithm ***
2026-09-16 16:57:47 | INFO | 1 | MacroEnergy | generate_model.jl:37 | *** Generating monolithic model for period 1 ***
2026-09-16 16:57:47 | INFO | 1 | MacroEnergy | generate_model.jl:164 |  -- Period 1
2026-09-16 16:57:47 | INFO | 1 | MacroEnergy | generate_model.jl:170 |  -- Adding linking variables
2026-09-16 16:57:50 | INFO | 1 | MacroEnergy | generate_model.jl:173 |  -- Defining available capacity
2026-09-16 16:57:53 | INFO | 1 | MacroEnergy | generate_model.jl:176 |  -- Generating planning model
2026-09-16 16:57:59 | INFO | 1 | MacroEnergy | generate_model.jl:184 |  -- Including age-based retirements
2026-09-16 16:58:00 | INFO | 1 | MacroEnergy | generate_model.jl:147 |  -- Generating operational model
2026-09-16 16:58:52 | INFO | 1 | MacroEnergy | scaling.jl:150 | Scaling constraints and RHS
2026-09-16 16:59:11 | WARN | 1 | MacroEnergy | scaling.jl:240 | ConstraintScaling replaced a constraint MacroEnergy was tracking a reference to; its dual will no longer be recoverable.
2026-09-16 17:03:06 | INFO | 1 | MacroEnergy | write_capacity.jl:68 | Writing capacity results to /Users/al3792/Documents_Local/NZC_June_2026/NZC_Workshop_Example_Systems_June_2026/NZC_Workshop_All Sector_12day_MultiPeriods_WIP/case/results_tdr12days_062026/results_period_1/capacity.csv
2026-09-16 17:03:38 | INFO | 1 | MacroEnergy | write_cost.jl:36 | Writing total discounted costs to /Users/al3792/Documents_Local/NZC_June_2026/NZC_Workshop_Example_Systems_June_2026/NZC_Workshop_All Sector_12day_MultiPeriods_WIP/case/results_tdr12days_062026/results_period_1/costs.csv
2026-09-16 17:03:40 | INFO | 1 | MacroEnergy | write_cost.jl:79 | Writing total undiscounted costs to /Users/al3792/Documents_Local/NZC_June_2026/NZC_Workshop_Example_Systems_June_2026/NZC_Workshop_All Sector_12day_MultiPeriods_WIP/case/results_tdr12days_062026/results_period_1/undiscounted_costs.csv
2026-09-16 17:03:51 | INFO | 1 | MacroEnergy | write_cost.jl:564 | Writing detailed discounted costs by type to /Users/al3792/Documents_Local/NZC_June_2026/NZC_Workshop_Example_Systems_June_2026/NZC_Workshop_All Sector_12day_MultiPeriods_WIP/case/results_tdr12days_062026/results_period_1/costs_by_type.csv
2026-09-16 17:03:53 | INFO | 1 | MacroEnergy | write_cost.jl:572 | Writing detailed discounted costs by zone to /Users/al3792/Documents_Local/NZC_June_2026/NZC_Workshop_Example_Systems_June_2026/NZC_Workshop_All Sector_12day_MultiPeriods_WIP/case/results_tdr12days_062026/results_period_1/costs_by_zone.csv
2026-09-16 17:03:55 | INFO | 1 | MacroEnergy | write_cost.jl:564 | Writing detailed undiscounted costs by type to /Users/al3792/Documents_Local/NZC_June_2026/NZC_Workshop_Example_Systems_June_2026/NZC_Workshop_All Sector_12day_MultiPeriods_WIP/case/results_tdr12days_062026/results_period_1/undiscounted_costs_by_type.csv
2026-09-16 17:03:57 | INFO | 1 | MacroEnergy | write_cost.jl:572 | Writing detailed undiscounted costs by zone to /Users/al3792/Documents_Local/NZC_June_2026/NZC_Workshop_Example_Systems_June_2026/NZC_Workshop_All Sector_12day_MultiPeriods_WIP/case/results_tdr12days_062026/results_period_1/undiscounted_costs_by_zone.csv
2026-09-16 17:03:57 | INFO | 1 | MacroEnergy | write_flow.jl:66 | Writing flow results to /Users/al3792/Documents_Local/NZC_June_2026/NZC_Workshop_Example_Systems_June_2026/NZC_Workshop_All Sector_12day_MultiPeriods_WIP/case/results_tdr12days_062026/results_period_1/flows.csv
2026-09-16 17:04:11 | INFO | 1 | MacroEnergy | write_non_served_demand.jl:44 | Writing non-served demand results to /Users/al3792/Documents_Local/NZC_June_2026/NZC_Workshop_Example_Systems_June_2026/NZC_Workshop_All Sector_12day_MultiPeriods_WIP/case/results_tdr12days_062026/results_period_1/non_served_demand.csv
2026-09-16 17:04:12 | INFO | 1 | MacroEnergy | write_storage_level.jl:58 | Writing storage level results to /Users/al3792/Documents_Local/NZC_June_2026/NZC_Workshop_Example_Systems_June_2026/NZC_Workshop_All Sector_12day_MultiPeriods_WIP/case/results_tdr12days_062026/results_period_1/storage_level.csv
2026-09-16 17:04:13 | INFO | 1 | MacroEnergy | write_curtailment.jl:44 | Writing curtailment results to /Users/al3792/Documents_Local/NZC_June_2026/NZC_Workshop_Example_Systems_June_2026/NZC_Workshop_All Sector_12day_MultiPeriods_WIP/case/results_tdr12days_062026/results_period_1/curtailment.csv
2026-09-16 17:04:13 | INFO | 1 | MacroEnergy | write_time_weights.jl:49 | Writing time weights to /Users/al3792/Documents_Local/NZC_June_2026/NZC_Workshop_Example_Systems_June_2026/NZC_Workshop_All Sector_12day_MultiPeriods_WIP/case/results_tdr12days_062026/results_period_1/time_weights.csv
2026-09-16 17:04:13 | INFO | 1 | MacroEnergy | write_duals.jl:39 | Writing constraint dual values to /Users/al3792/Documents_Local/NZC_June_2026/NZC_Workshop_Example_Systems_June_2026/NZC_Workshop_All Sector_12day_MultiPeriods_WIP/case/results_tdr12days_062026/results_period_1
2026-09-16 17:04:13 | INFO | 1 | MacroEnergy | write_duals.jl:83 | Writing balance constraint dual values to /Users/al3792/Documents_Local/NZC_June_2026/NZC_Workshop_Example_Systems_June_2026/NZC_Workshop_All Sector_12day_MultiPeriods_WIP/case/results_tdr12days_062026/results_period_1
2026-09-16 17:04:17 | INFO | 1 | MacroEnergy | write_duals.jl:177 | Writing CO2 cap constraint dual values to /Users/al3792/Documents_Local/NZC_June_2026/NZC_Workshop_Example_Systems_June_2026/NZC_Workshop_All Sector_12day_MultiPeriods_WIP/case/results_tdr12days_062026/results_period_1
2026-09-16 17:04:17 | INFO | 1 | MacroEnergy | write_duals.jl:224 | No CO2 cap constraints found to export
2026-09-16 17:04:17 | INFO | 1 | MacroEnergy | write_outputs.jl:305 | Writing objective value to /Users/al3792/Documents_Local/NZC_June_2026/NZC_Workshop_Example_Systems_June_2026/NZC_Workshop_All Sector_12day_MultiPeriods_WIP/case/results_tdr12days_062026/results_period_1/objective_value.csv
2026-09-16 17:04:21 | INFO | 1 | MacroEnergy | generate_model.jl:37 | *** Generating monolithic model for period 2 ***
2026-09-16 17:04:21 | INFO | 1 | MacroEnergy | generate_model.jl:164 |  -- Period 2
2026-09-16 17:04:21 | INFO | 1 | MacroEnergy | generate_model.jl:170 |  -- Adding linking variables
2026-09-16 17:04:21 | INFO | 1 | MacroEnergy | generate_model.jl:173 |  -- Defining available capacity
2026-09-16 17:04:21 | INFO | 1 | MacroEnergy | generate_model.jl:176 |  -- Generating planning model
2026-09-16 17:04:21 | INFO | 1 | MacroEnergy | generate_model.jl:184 |  -- Including age-based retirements
2026-09-16 17:04:21 | INFO | 1 | MacroEnergy | generate_model.jl:147 |  -- Generating operational model
2026-09-16 17:04:44 | INFO | 1 | MacroEnergy | scaling.jl:150 | Scaling constraints and RHS
2026-09-16 17:05:04 | WARN | 1 | MacroEnergy | scaling.jl:240 | ConstraintScaling replaced a constraint MacroEnergy was tracking a reference to; its dual will no longer be recoverable.
2026-09-16 17:08:34 | INFO | 1 | MacroEnergy | write_capacity.jl:68 | Writing capacity results to /Users/al3792/Documents_Local/NZC_June_2026/NZC_Workshop_Example_Systems_June_2026/NZC_Workshop_All Sector_12day_MultiPeriods_WIP/case/results_tdr12days_062026/results_period_2/capacity.csv
2026-09-16 17:08:56 | INFO | 1 | MacroEnergy | write_cost.jl:36 | Writing total discounted costs to /Users/al3792/Documents_Local/NZC_June_2026/NZC_Workshop_Example_Systems_June_2026/NZC_Workshop_All Sector_12day_MultiPeriods_WIP/case/results_tdr12days_062026/results_period_2/costs.csv
2026-09-16 17:08:58 | INFO | 1 | MacroEnergy | write_cost.jl:79 | Writing total undiscounted costs to /Users/al3792/Documents_Local/NZC_June_2026/NZC_Workshop_Example_Systems_June_2026/NZC_Workshop_All Sector_12day_MultiPeriods_WIP/case/results_tdr12days_062026/results_period_2/undiscounted_costs.csv
2026-09-16 17:09:06 | INFO | 1 | MacroEnergy | write_cost.jl:564 | Writing detailed discounted costs by type to /Users/al3792/Documents_Local/NZC_June_2026/NZC_Workshop_Example_Systems_June_2026/NZC_Workshop_All Sector_12day_MultiPeriods_WIP/case/results_tdr12days_062026/results_period_2/costs_by_type.csv
2026-09-16 17:09:08 | INFO | 1 | MacroEnergy | write_cost.jl:572 | Writing detailed discounted costs by zone to /Users/al3792/Documents_Local/NZC_June_2026/NZC_Workshop_Example_Systems_June_2026/NZC_Workshop_All Sector_12day_MultiPeriods_WIP/case/results_tdr12days_062026/results_period_2/costs_by_zone.csv
2026-09-16 17:09:10 | INFO | 1 | MacroEnergy | write_cost.jl:564 | Writing detailed undiscounted costs by type to /Users/al3792/Documents_Local/NZC_June_2026/NZC_Workshop_Example_Systems_June_2026/NZC_Workshop_All Sector_12day_MultiPeriods_WIP/case/results_tdr12days_062026/results_period_2/undiscounted_costs_by_type.csv
2026-09-16 17:09:12 | INFO | 1 | MacroEnergy | write_cost.jl:572 | Writing detailed undiscounted costs by zone to /Users/al3792/Documents_Local/NZC_June_2026/NZC_Workshop_Example_Systems_June_2026/NZC_Workshop_All Sector_12day_MultiPeriods_WIP/case/results_tdr12days_062026/results_period_2/undiscounted_costs_by_zone.csv
2026-09-16 17:09:12 | INFO | 1 | MacroEnergy | write_flow.jl:66 | Writing flow results to /Users/al3792/Documents_Local/NZC_June_2026/NZC_Workshop_Example_Systems_June_2026/NZC_Workshop_All Sector_12day_MultiPeriods_WIP/case/results_tdr12days_062026/results_period_2/flows.csv
2026-09-16 17:09:20 | INFO | 1 | MacroEnergy | write_non_served_demand.jl:44 | Writing non-served demand results to /Users/al3792/Documents_Local/NZC_June_2026/NZC_Workshop_Example_Systems_June_2026/NZC_Workshop_All Sector_12day_MultiPeriods_WIP/case/results_tdr12days_062026/results_period_2/non_served_demand.csv
2026-09-16 17:09:20 | INFO | 1 | MacroEnergy | write_storage_level.jl:58 | Writing storage level results to /Users/al3792/Documents_Local/NZC_June_2026/NZC_Workshop_Example_Systems_June_2026/NZC_Workshop_All Sector_12day_MultiPeriods_WIP/case/results_tdr12days_062026/results_period_2/storage_level.csv
2026-09-16 17:09:20 | INFO | 1 | MacroEnergy | write_curtailment.jl:44 | Writing curtailment results to /Users/al3792/Documents_Local/NZC_June_2026/NZC_Workshop_Example_Systems_June_2026/NZC_Workshop_All Sector_12day_MultiPeriods_WIP/case/results_tdr12days_062026/results_period_2/curtailment.csv
2026-09-16 17:09:20 | INFO | 1 | MacroEnergy | write_time_weights.jl:49 | Writing time weights to /Users/al3792/Documents_Local/NZC_June_2026/NZC_Workshop_Example_Systems_June_2026/NZC_Workshop_All Sector_12day_MultiPeriods_WIP/case/results_tdr12days_062026/results_period_2/time_weights.csv
2026-09-16 17:09:20 | INFO | 1 | MacroEnergy | write_duals.jl:39 | Writing constraint dual values to /Users/al3792/Documents_Local/NZC_June_2026/NZC_Workshop_Example_Systems_June_2026/NZC_Workshop_All Sector_12day_MultiPeriods_WIP/case/results_tdr12days_062026/results_period_2
2026-09-16 17:09:20 | INFO | 1 | MacroEnergy | write_duals.jl:83 | Writing balance constraint dual values to /Users/al3792/Documents_Local/NZC_June_2026/NZC_Workshop_Example_Systems_June_2026/NZC_Workshop_All Sector_12day_MultiPeriods_WIP/case/results_tdr12days_062026/results_period_2
2026-09-16 17:09:21 | INFO | 1 | MacroEnergy | write_duals.jl:177 | Writing CO2 cap constraint dual values to /Users/al3792/Documents_Local/NZC_June_2026/NZC_Workshop_Example_Systems_June_2026/NZC_Workshop_All Sector_12day_MultiPeriods_WIP/case/results_tdr12days_062026/results_period_2
2026-09-16 17:09:21 | INFO | 1 | MacroEnergy | write_duals.jl:224 | No CO2 cap constraints found to export
2026-09-16 17:09:21 | INFO | 1 | MacroEnergy | write_outputs.jl:305 | Writing objective value to /Users/al3792/Documents_Local/NZC_June_2026/NZC_Workshop_Example_Systems_June_2026/NZC_Workshop_All Sector_12day_MultiPeriods_WIP/case/results_tdr12days_062026/results_period_2/objective_value.csv
2026-09-16 17:09:31 | INFO | 1 | MacroEnergy | generate_model.jl:37 | *** Generating monolithic model for period 3 ***
2026-09-16 17:09:31 | INFO | 1 | MacroEnergy | generate_model.jl:164 |  -- Period 3
2026-09-16 17:09:31 | INFO | 1 | MacroEnergy | generate_model.jl:170 |  -- Adding linking variables
2026-09-16 17:09:31 | INFO | 1 | MacroEnergy | generate_model.jl:173 |  -- Defining available capacity
2026-09-16 17:09:31 | INFO | 1 | MacroEnergy | generate_model.jl:176 |  -- Generating planning model
2026-09-16 17:09:31 | INFO | 1 | MacroEnergy | generate_model.jl:184 |  -- Including age-based retirements
2026-09-16 17:09:31 | INFO | 1 | MacroEnergy | generate_model.jl:147 |  -- Generating operational model
2026-09-16 17:09:57 | INFO | 1 | MacroEnergy | scaling.jl:150 | Scaling constraints and RHS
2026-09-16 17:10:29 | WARN | 1 | MacroEnergy | scaling.jl:240 | ConstraintScaling replaced a constraint MacroEnergy was tracking a reference to; its dual will no longer be recoverable.
2026-09-16 17:10:29 | WARN | 1 | MacroEnergy | scaling.jl:240 | ConstraintScaling replaced a constraint MacroEnergy was tracking a reference to; its dual will no longer be recoverable.
2026-09-16 17:14:29 | INFO | 1 | MacroEnergy | write_capacity.jl:68 | Writing capacity results to /Users/al3792/Documents_Local/NZC_June_2026/NZC_Workshop_Example_Systems_June_2026/NZC_Workshop_All Sector_12day_MultiPeriods_WIP/case/results_tdr12days_062026/results_period_3/capacity.csv
2026-09-16 17:15:01 | INFO | 1 | MacroEnergy | write_cost.jl:36 | Writing total discounted costs to /Users/al3792/Documents_Local/NZC_June_2026/NZC_Workshop_Example_Systems_June_2026/NZC_Workshop_All Sector_12day_MultiPeriods_WIP/case/results_tdr12days_062026/results_period_3/costs.csv
2026-09-16 17:15:03 | INFO | 1 | MacroEnergy | write_cost.jl:79 | Writing total undiscounted costs to /Users/al3792/Documents_Local/NZC_June_2026/NZC_Workshop_Example_Systems_June_2026/NZC_Workshop_All Sector_12day_MultiPeriods_WIP/case/results_tdr12days_062026/results_period_3/undiscounted_costs.csv
2026-09-16 17:15:11 | INFO | 1 | MacroEnergy | write_cost.jl:564 | Writing detailed discounted costs by type to /Users/al3792/Documents_Local/NZC_June_2026/NZC_Workshop_Example_Systems_June_2026/NZC_Workshop_All Sector_12day_MultiPeriods_WIP/case/results_tdr12days_062026/results_period_3/costs_by_type.csv
2026-09-16 17:15:13 | INFO | 1 | MacroEnergy | write_cost.jl:572 | Writing detailed discounted costs by zone to /Users/al3792/Documents_Local/NZC_June_2026/NZC_Workshop_Example_Systems_June_2026/NZC_Workshop_All Sector_12day_MultiPeriods_WIP/case/results_tdr12days_062026/results_period_3/costs_by_zone.csv
2026-09-16 17:15:15 | INFO | 1 | MacroEnergy | write_cost.jl:564 | Writing detailed undiscounted costs by type to /Users/al3792/Documents_Local/NZC_June_2026/NZC_Workshop_Example_Systems_June_2026/NZC_Workshop_All Sector_12day_MultiPeriods_WIP/case/results_tdr12days_062026/results_period_3/undiscounted_costs_by_type.csv
2026-09-16 17:15:17 | INFO | 1 | MacroEnergy | write_cost.jl:572 | Writing detailed undiscounted costs by zone to /Users/al3792/Documents_Local/NZC_June_2026/NZC_Workshop_Example_Systems_June_2026/NZC_Workshop_All Sector_12day_MultiPeriods_WIP/case/results_tdr12days_062026/results_period_3/undiscounted_costs_by_zone.csv
2026-09-16 17:15:17 | INFO | 1 | MacroEnergy | write_flow.jl:66 | Writing flow results to /Users/al3792/Documents_Local/NZC_June_2026/NZC_Workshop_Example_Systems_June_2026/NZC_Workshop_All Sector_12day_MultiPeriods_WIP/case/results_tdr12days_062026/results_period_3/flows.csv
2026-09-16 17:15:26 | INFO | 1 | MacroEnergy | write_non_served_demand.jl:44 | Writing non-served demand results to /Users/al3792/Documents_Local/NZC_June_2026/NZC_Workshop_Example_Systems_June_2026/NZC_Workshop_All Sector_12day_MultiPeriods_WIP/case/results_tdr12days_062026/results_period_3/non_served_demand.csv
2026-09-16 17:15:27 | INFO | 1 | MacroEnergy | write_storage_level.jl:58 | Writing storage level results to /Users/al3792/Documents_Local/NZC_June_2026/NZC_Workshop_Example_Systems_June_2026/NZC_Workshop_All Sector_12day_MultiPeriods_WIP/case/results_tdr12days_062026/results_period_3/storage_level.csv
2026-09-16 17:15:27 | INFO | 1 | MacroEnergy | write_curtailment.jl:44 | Writing curtailment results to /Users/al3792/Documents_Local/NZC_June_2026/NZC_Workshop_Example_Systems_June_2026/NZC_Workshop_All Sector_12day_MultiPeriods_WIP/case/results_tdr12days_062026/results_period_3/curtailment.csv
2026-09-16 17:15:27 | INFO | 1 | MacroEnergy | write_time_weights.jl:49 | Writing time weights to /Users/al3792/Documents_Local/NZC_June_2026/NZC_Workshop_Example_Systems_June_2026/NZC_Workshop_All Sector_12day_MultiPeriods_WIP/case/results_tdr12days_062026/results_period_3/time_weights.csv
2026-09-16 17:15:27 | INFO | 1 | MacroEnergy | write_duals.jl:39 | Writing constraint dual values to /Users/al3792/Documents_Local/NZC_June_2026/NZC_Workshop_Example_Systems_June_2026/NZC_Workshop_All Sector_12day_MultiPeriods_WIP/case/results_tdr12days_062026/results_period_3
2026-09-16 17:15:27 | INFO | 1 | MacroEnergy | write_duals.jl:83 | Writing balance constraint dual values to /Users/al3792/Documents_Local/NZC_June_2026/NZC_Workshop_Example_Systems_June_2026/NZC_Workshop_All Sector_12day_MultiPeriods_WIP/case/results_tdr12days_062026/results_period_3
2026-09-16 17:15:28 | INFO | 1 | MacroEnergy | write_duals.jl:177 | Writing CO2 cap constraint dual values to /Users/al3792/Documents_Local/NZC_June_2026/NZC_Workshop_Example_Systems_June_2026/NZC_Workshop_All Sector_12day_MultiPeriods_WIP/case/results_tdr12days_062026/results_period_3
2026-09-16 17:15:28 | INFO | 1 | MacroEnergy | write_duals.jl:224 | No CO2 cap constraints found to export
2026-09-16 17:15:28 | INFO | 1 | MacroEnergy | write_outputs.jl:305 | Writing objective value to /Users/al3792/Documents_Local/NZC_June_2026/NZC_Workshop_Example_Systems_June_2026/NZC_Workshop_All Sector_12day_MultiPeriods_WIP/case/results_tdr12days_062026/results_period_3/objective_value.csv
2026-09-16 17:15:45 | INFO | 1 | MacroEnergy | generate_model.jl:37 | *** Generating monolithic model for period 4 ***
2026-09-16 17:15:45 | INFO | 1 | MacroEnergy | generate_model.jl:164 |  -- Period 4
2026-09-16 17:15:45 | INFO | 1 | MacroEnergy | generate_model.jl:170 |  -- Adding linking variables
2026-09-16 17:15:45 | INFO | 1 | MacroEnergy | generate_model.jl:173 |  -- Defining available capacity
2026-09-16 17:15:46 | INFO | 1 | MacroEnergy | generate_model.jl:176 |  -- Generating planning model
2026-09-16 17:15:46 | INFO | 1 | MacroEnergy | generate_model.jl:184 |  -- Including age-based retirements
2026-09-16 17:15:46 | INFO | 1 | MacroEnergy | generate_model.jl:147 |  -- Generating operational model
2026-09-16 17:16:08 | INFO | 1 | MacroEnergy | scaling.jl:150 | Scaling constraints and RHS
2026-09-16 17:16:54 | WARN | 1 | MacroEnergy | scaling.jl:240 | ConstraintScaling replaced a constraint MacroEnergy was tracking a reference to; its dual will no longer be recoverable.
2026-09-16 17:16:54 | WARN | 1 | MacroEnergy | scaling.jl:240 | ConstraintScaling replaced a constraint MacroEnergy was tracking a reference to; its dual will no longer be recoverable.
2026-09-16 17:20:20 | INFO | 1 | MacroEnergy | write_capacity.jl:68 | Writing capacity results to /Users/al3792/Documents_Local/NZC_June_2026/NZC_Workshop_Example_Systems_June_2026/NZC_Workshop_All Sector_12day_MultiPeriods_WIP/case/results_tdr12days_062026/results_period_4/capacity.csv
2026-09-16 17:20:32 | INFO | 1 | MacroEnergy | write_cost.jl:36 | Writing total discounted costs to /Users/al3792/Documents_Local/NZC_June_2026/NZC_Workshop_Example_Systems_June_2026/NZC_Workshop_All Sector_12day_MultiPeriods_WIP/case/results_tdr12days_062026/results_period_4/costs.csv
2026-09-16 17:20:34 | INFO | 1 | MacroEnergy | write_cost.jl:79 | Writing total undiscounted costs to /Users/al3792/Documents_Local/NZC_June_2026/NZC_Workshop_Example_Systems_June_2026/NZC_Workshop_All Sector_12day_MultiPeriods_WIP/case/results_tdr12days_062026/results_period_4/undiscounted_costs.csv
2026-09-16 17:20:42 | INFO | 1 | MacroEnergy | write_cost.jl:564 | Writing detailed discounted costs by type to /Users/al3792/Documents_Local/NZC_June_2026/NZC_Workshop_Example_Systems_June_2026/NZC_Workshop_All Sector_12day_MultiPeriods_WIP/case/results_tdr12days_062026/results_period_4/costs_by_type.csv
2026-09-16 17:20:44 | INFO | 1 | MacroEnergy | write_cost.jl:572 | Writing detailed discounted costs by zone to /Users/al3792/Documents_Local/NZC_June_2026/NZC_Workshop_Example_Systems_June_2026/NZC_Workshop_All Sector_12day_MultiPeriods_WIP/case/results_tdr12days_062026/results_period_4/costs_by_zone.csv
2026-09-16 17:20:47 | INFO | 1 | MacroEnergy | write_cost.jl:564 | Writing detailed undiscounted costs by type to /Users/al3792/Documents_Local/NZC_June_2026/NZC_Workshop_Example_Systems_June_2026/NZC_Workshop_All Sector_12day_MultiPeriods_WIP/case/results_tdr12days_062026/results_period_4/undiscounted_costs_by_type.csv
2026-09-16 17:20:49 | INFO | 1 | MacroEnergy | write_cost.jl:572 | Writing detailed undiscounted costs by zone to /Users/al3792/Documents_Local/NZC_June_2026/NZC_Workshop_Example_Systems_June_2026/NZC_Workshop_All Sector_12day_MultiPeriods_WIP/case/results_tdr12days_062026/results_period_4/undiscounted_costs_by_zone.csv
2026-09-16 17:20:49 | INFO | 1 | MacroEnergy | write_flow.jl:66 | Writing flow results to /Users/al3792/Documents_Local/NZC_June_2026/NZC_Workshop_Example_Systems_June_2026/NZC_Workshop_All Sector_12day_MultiPeriods_WIP/case/results_tdr12days_062026/results_period_4/flows.csv
2026-09-16 17:20:59 | INFO | 1 | MacroEnergy | write_non_served_demand.jl:44 | Writing non-served demand results to /Users/al3792/Documents_Local/NZC_June_2026/NZC_Workshop_Example_Systems_June_2026/NZC_Workshop_All Sector_12day_MultiPeriods_WIP/case/results_tdr12days_062026/results_period_4/non_served_demand.csv
2026-09-16 17:20:59 | INFO | 1 | MacroEnergy | write_storage_level.jl:58 | Writing storage level results to /Users/al3792/Documents_Local/NZC_June_2026/NZC_Workshop_Example_Systems_June_2026/NZC_Workshop_All Sector_12day_MultiPeriods_WIP/case/results_tdr12days_062026/results_period_4/storage_level.csv
2026-09-16 17:20:59 | INFO | 1 | MacroEnergy | write_curtailment.jl:44 | Writing curtailment results to /Users/al3792/Documents_Local/NZC_June_2026/NZC_Workshop_Example_Systems_June_2026/NZC_Workshop_All Sector_12day_MultiPeriods_WIP/case/results_tdr12days_062026/results_period_4/curtailment.csv
2026-09-16 17:20:59 | INFO | 1 | MacroEnergy | write_time_weights.jl:49 | Writing time weights to /Users/al3792/Documents_Local/NZC_June_2026/NZC_Workshop_Example_Systems_June_2026/NZC_Workshop_All Sector_12day_MultiPeriods_WIP/case/results_tdr12days_062026/results_period_4/time_weights.csv
2026-09-16 17:20:59 | INFO | 1 | MacroEnergy | write_duals.jl:39 | Writing constraint dual values to /Users/al3792/Documents_Local/NZC_June_2026/NZC_Workshop_Example_Systems_June_2026/NZC_Workshop_All Sector_12day_MultiPeriods_WIP/case/results_tdr12days_062026/results_period_4
2026-09-16 17:20:59 | INFO | 1 | MacroEnergy | write_duals.jl:83 | Writing balance constraint dual values to /Users/al3792/Documents_Local/NZC_June_2026/NZC_Workshop_Example_Systems_June_2026/NZC_Workshop_All Sector_12day_MultiPeriods_WIP/case/results_tdr12days_062026/results_period_4
2026-09-16 17:21:00 | INFO | 1 | MacroEnergy | write_duals.jl:177 | Writing CO2 cap constraint dual values to /Users/al3792/Documents_Local/NZC_June_2026/NZC_Workshop_Example_Systems_June_2026/NZC_Workshop_All Sector_12day_MultiPeriods_WIP/case/results_tdr12days_062026/results_period_4
2026-09-16 17:21:00 | INFO | 1 | MacroEnergy | write_outputs.jl:305 | Writing objective value to /Users/al3792/Documents_Local/NZC_June_2026/NZC_Workshop_Example_Systems_June_2026/NZC_Workshop_All Sector_12day_MultiPeriods_WIP/case/results_tdr12days_062026/results_period_4/objective_value.csv
