2026-09-26 20:51:21 | INFO | 1 | MacroEnergy | run_tools.jl:125 | Running case at /home/al3792/NZC_MGA/NZC_Workshop_Example_Systems_June_2026/NZC_Workshop_All Sector_12day_MultiPeriods_WIP/case
2026-09-26 20:51:21 | INFO | 1 | MacroEnergy | user_additions.jl:78 |  ++ Loading user additions from NZC_Workshop_Example_Systems_June_2026/NZC_Workshop_All Sector_12day_MultiPeriods_WIP/case/user_additions
2026-09-26 20:51:22 | INFO | 1 | MacroEnergy | user_additions.jl:114 |  ++ Successfully loaded user additions.
2026-09-26 20:51:22 | INFO | 1 | MacroEnergy | user_additions.jl:122 |  ++ Added user assets: 0
2026-09-26 20:51:45 | INFO | 1 | MacroEnergy | load_stages_data.jl:37 | Loading case from /home/al3792/NZC_MGA/NZC_Workshop_Example_Systems_June_2026/NZC_Workshop_All Sector_12day_MultiPeriods_WIP/case/system_data.json
2026-09-26 20:51:45 | INFO | 1 | MacroEnergy | load_system_data.jl:17 | Loading system data
2026-09-26 20:51:46 | INFO | 1 | MacroEnergy | load_system_data.jl:25 | Done loading system data. It took 0.88 seconds
2026-09-26 20:51:46 | INFO | 1 | MacroEnergy | load_stages_data.jl:20 | Done loading case data. It took 0.88 seconds
2026-09-26 20:51:46 | INFO | 1 | MacroEnergy | case.jl:16 | *** Generating case ***
2026-09-26 20:51:47 | INFO | 1 | MacroEnergy | case_settings.jl:123 | Configuring case from settings/case_settings.json
2026-09-26 20:51:47 | INFO | 1 | MacroEnergy | case_settings.jl:141 | Configuring case
2026-09-26 20:51:47 | INFO | 1 | MacroEnergy | case_settings.jl:173 |  -- Setting solution algorithm
2026-09-26 20:51:47 | INFO | 1 | MacroEnergy | case_settings.jl:190 |  -- Solution algorithm set to MacroEnergy.Monolithic()
2026-09-26 20:51:47 | INFO | 1 | MacroEnergy | case_settings.jl:195 |  -- Setting expansion horizon
2026-09-26 20:51:47 | INFO | 1 | MacroEnergy | case_settings.jl:204 |  -- Expansion horizon set to MacroEnergy.PerfectForesight()
2026-09-26 20:51:47 | INFO | 1 | MacroEnergy | case.jl:31 | Generating systems
2026-09-26 20:51:48 | INFO | 1 | MacroEnergy | generate_system.jl:18 | Generating system
2026-09-26 20:51:49 | INFO | 1 | MacroEnergy | load_commodities.jl:299 |  ++ Added user commodities: 0 top-level, 0 subcommodities
2026-09-26 20:52:23 | INFO | 1 | MacroEnergy | node.jl:295 |  ++ Creating new location: Region21Hainan
2026-09-26 20:52:23 | INFO | 1 | MacroEnergy | node.jl:295 |  ++ Creating new location: Region26Tibet
2026-09-26 20:52:25 | INFO | 1 | MacroEnergy | supply_inputs.jl:9 | Using legacy parser for supply inputs of cog_Region1Beijing.
2026-09-26 20:52:25 | INFO | 1 | MacroEnergy | supply_inputs.jl:9 | Using legacy parser for supply inputs of cog_Region2Tianjin.
2026-09-26 20:52:25 | INFO | 1 | MacroEnergy | supply_inputs.jl:9 | Using legacy parser for supply inputs of cog_Region3Hebei.
2026-09-26 20:52:25 | INFO | 1 | MacroEnergy | supply_inputs.jl:9 | Using legacy parser for supply inputs of cog_Region4Shanxi.
2026-09-26 20:52:25 | INFO | 1 | MacroEnergy | supply_inputs.jl:9 | Using legacy parser for supply inputs of cog_Region5Innermongolia.
2026-09-26 20:52:25 | INFO | 1 | MacroEnergy | supply_inputs.jl:9 | Using legacy parser for supply inputs of cog_Region6Liaoning.
2026-09-26 20:52:25 | INFO | 1 | MacroEnergy | supply_inputs.jl:9 | Using legacy parser for supply inputs of cog_Region7Jilin.
2026-09-26 20:52:25 | INFO | 1 | MacroEnergy | supply_inputs.jl:9 | Using legacy parser for supply inputs of cog_Region8Heilongjiang.
2026-09-26 20:52:25 | INFO | 1 | MacroEnergy | supply_inputs.jl:9 | Using legacy parser for supply inputs of cog_Region9Shanghai.
2026-09-26 20:52:25 | INFO | 1 | MacroEnergy | supply_inputs.jl:9 | Using legacy parser for supply inputs of cog_Region10Jiangsu.
2026-09-26 20:52:25 | INFO | 1 | MacroEnergy | supply_inputs.jl:9 | Using legacy parser for supply inputs of cog_Region11Zhejiang.
2026-09-26 20:52:25 | INFO | 1 | MacroEnergy | supply_inputs.jl:9 | Using legacy parser for supply inputs of cog_Region12Anhui.
2026-09-26 20:52:25 | INFO | 1 | MacroEnergy | supply_inputs.jl:9 | Using legacy parser for supply inputs of cog_Region13Fujian.
2026-09-26 20:52:25 | INFO | 1 | MacroEnergy | supply_inputs.jl:9 | Using legacy parser for supply inputs of cog_Region14Jiangxi.
2026-09-26 20:52:25 | INFO | 1 | MacroEnergy | supply_inputs.jl:9 | Using legacy parser for supply inputs of cog_Region15Shandong.
2026-09-26 20:52:25 | INFO | 1 | MacroEnergy | supply_inputs.jl:9 | Using legacy parser for supply inputs of cog_Region16Henan.
2026-09-26 20:52:25 | INFO | 1 | MacroEnergy | supply_inputs.jl:9 | Using legacy parser for supply inputs of cog_Region17Hubei.
2026-09-26 20:52:25 | INFO | 1 | MacroEnergy | supply_inputs.jl:9 | Using legacy parser for supply inputs of cog_Region18Hunan.
2026-09-26 20:52:25 | INFO | 1 | MacroEnergy | supply_inputs.jl:9 | Using legacy parser for supply inputs of cog_Region19Guangdong.
2026-09-26 20:52:25 | INFO | 1 | MacroEnergy | supply_inputs.jl:9 | Using legacy parser for supply inputs of cog_Region20Guangxi.
2026-09-26 20:52:25 | INFO | 1 | MacroEnergy | supply_inputs.jl:9 | Using legacy parser for supply inputs of cog_Region21Hainan.
2026-09-26 20:52:25 | INFO | 1 | MacroEnergy | supply_inputs.jl:9 | Using legacy parser for supply inputs of cog_Region22Chongqing.
2026-09-26 20:52:25 | INFO | 1 | MacroEnergy | supply_inputs.jl:9 | Using legacy parser for supply inputs of cog_Region23Sichuan.
2026-09-26 20:52:25 | INFO | 1 | MacroEnergy | supply_inputs.jl:9 | Using legacy parser for supply inputs of cog_Region24Guizhou.
2026-09-26 20:52:25 | INFO | 1 | MacroEnergy | supply_inputs.jl:9 | Using legacy parser for supply inputs of cog_Region25Yunnan.
2026-09-26 20:52:25 | INFO | 1 | MacroEnergy | supply_inputs.jl:9 | Using legacy parser for supply inputs of cog_Region26Tibet.
2026-09-26 20:52:25 | INFO | 1 | MacroEnergy | supply_inputs.jl:9 | Using legacy parser for supply inputs of cog_Region27Shaanxi.
2026-09-26 20:52:25 | INFO | 1 | MacroEnergy | supply_inputs.jl:9 | Using legacy parser for supply inputs of cog_Region28Gansu.
2026-09-26 20:52:25 | INFO | 1 | MacroEnergy | supply_inputs.jl:9 | Using legacy parser for supply inputs of cog_Region29Qinghai.
2026-09-26 20:52:25 | INFO | 1 | MacroEnergy | supply_inputs.jl:9 | Using legacy parser for supply inputs of cog_Region30Ningxia.
2026-09-26 20:52:25 | INFO | 1 | MacroEnergy | supply_inputs.jl:9 | Using legacy parser for supply inputs of cog_Region31Xinjiang.
2026-09-26 20:53:39 | INFO | 1 | MacroEnergy | generate_system.jl:51 | Done generating system. It took 111.47 seconds
2026-09-26 20:53:39 | INFO | 1 | MacroEnergy | generate_system.jl:18 | Generating system
2026-09-26 20:53:40 | INFO | 1 | MacroEnergy | load_commodities.jl:299 |  ++ Added user commodities: 0 top-level, 0 subcommodities
2026-09-26 20:54:04 | INFO | 1 | MacroEnergy | node.jl:295 |  ++ Creating new location: Region21Hainan
2026-09-26 20:54:04 | INFO | 1 | MacroEnergy | node.jl:295 |  ++ Creating new location: Region26Tibet
2026-09-26 20:54:04 | INFO | 1 | MacroEnergy | supply_inputs.jl:9 | Using legacy parser for supply inputs of cog_Region1Beijing.
2026-09-26 20:54:04 | INFO | 1 | MacroEnergy | supply_inputs.jl:9 | Using legacy parser for supply inputs of cog_Region2Tianjin.
2026-09-26 20:54:04 | INFO | 1 | MacroEnergy | supply_inputs.jl:9 | Using legacy parser for supply inputs of cog_Region3Hebei.
2026-09-26 20:54:04 | INFO | 1 | MacroEnergy | supply_inputs.jl:9 | Using legacy parser for supply inputs of cog_Region4Shanxi.
2026-09-26 20:54:04 | INFO | 1 | MacroEnergy | supply_inputs.jl:9 | Using legacy parser for supply inputs of cog_Region5Innermongolia.
2026-09-26 20:54:04 | INFO | 1 | MacroEnergy | supply_inputs.jl:9 | Using legacy parser for supply inputs of cog_Region6Liaoning.
2026-09-26 20:54:04 | INFO | 1 | MacroEnergy | supply_inputs.jl:9 | Using legacy parser for supply inputs of cog_Region7Jilin.
2026-09-26 20:54:04 | INFO | 1 | MacroEnergy | supply_inputs.jl:9 | Using legacy parser for supply inputs of cog_Region8Heilongjiang.
2026-09-26 20:54:04 | INFO | 1 | MacroEnergy | supply_inputs.jl:9 | Using legacy parser for supply inputs of cog_Region9Shanghai.
2026-09-26 20:54:04 | INFO | 1 | MacroEnergy | supply_inputs.jl:9 | Using legacy parser for supply inputs of cog_Region10Jiangsu.
2026-09-26 20:54:04 | INFO | 1 | MacroEnergy | supply_inputs.jl:9 | Using legacy parser for supply inputs of cog_Region11Zhejiang.
2026-09-26 20:54:04 | INFO | 1 | MacroEnergy | supply_inputs.jl:9 | Using legacy parser for supply inputs of cog_Region12Anhui.
2026-09-26 20:54:04 | INFO | 1 | MacroEnergy | supply_inputs.jl:9 | Using legacy parser for supply inputs of cog_Region13Fujian.
2026-09-26 20:54:04 | INFO | 1 | MacroEnergy | supply_inputs.jl:9 | Using legacy parser for supply inputs of cog_Region14Jiangxi.
2026-09-26 20:54:04 | INFO | 1 | MacroEnergy | supply_inputs.jl:9 | Using legacy parser for supply inputs of cog_Region15Shandong.
2026-09-26 20:54:04 | INFO | 1 | MacroEnergy | supply_inputs.jl:9 | Using legacy parser for supply inputs of cog_Region16Henan.
2026-09-26 20:54:04 | INFO | 1 | MacroEnergy | supply_inputs.jl:9 | Using legacy parser for supply inputs of cog_Region17Hubei.
2026-09-26 20:54:04 | INFO | 1 | MacroEnergy | supply_inputs.jl:9 | Using legacy parser for supply inputs of cog_Region18Hunan.
2026-09-26 20:54:04 | INFO | 1 | MacroEnergy | supply_inputs.jl:9 | Using legacy parser for supply inputs of cog_Region19Guangdong.
2026-09-26 20:54:04 | INFO | 1 | MacroEnergy | supply_inputs.jl:9 | Using legacy parser for supply inputs of cog_Region20Guangxi.
2026-09-26 20:54:04 | INFO | 1 | MacroEnergy | supply_inputs.jl:9 | Using legacy parser for supply inputs of cog_Region21Hainan.
2026-09-26 20:54:04 | INFO | 1 | MacroEnergy | supply_inputs.jl:9 | Using legacy parser for supply inputs of cog_Region22Chongqing.
2026-09-26 20:54:04 | INFO | 1 | MacroEnergy | supply_inputs.jl:9 | Using legacy parser for supply inputs of cog_Region23Sichuan.
2026-09-26 20:54:04 | INFO | 1 | MacroEnergy | supply_inputs.jl:9 | Using legacy parser for supply inputs of cog_Region24Guizhou.
2026-09-26 20:54:04 | INFO | 1 | MacroEnergy | supply_inputs.jl:9 | Using legacy parser for supply inputs of cog_Region25Yunnan.
2026-09-26 20:54:04 | INFO | 1 | MacroEnergy | supply_inputs.jl:9 | Using legacy parser for supply inputs of cog_Region26Tibet.
2026-09-26 20:54:04 | INFO | 1 | MacroEnergy | supply_inputs.jl:9 | Using legacy parser for supply inputs of cog_Region27Shaanxi.
2026-09-26 20:54:04 | INFO | 1 | MacroEnergy | supply_inputs.jl:9 | Using legacy parser for supply inputs of cog_Region28Gansu.
2026-09-26 20:54:04 | INFO | 1 | MacroEnergy | supply_inputs.jl:9 | Using legacy parser for supply inputs of cog_Region29Qinghai.
2026-09-26 20:54:04 | INFO | 1 | MacroEnergy | supply_inputs.jl:9 | Using legacy parser for supply inputs of cog_Region30Ningxia.
2026-09-26 20:54:04 | INFO | 1 | MacroEnergy | supply_inputs.jl:9 | Using legacy parser for supply inputs of cog_Region31Xinjiang.
2026-09-26 20:54:45 | INFO | 1 | MacroEnergy | generate_system.jl:51 | Done generating system. It took 65.51 seconds
2026-09-26 20:54:45 | INFO | 1 | MacroEnergy | generate_system.jl:18 | Generating system
2026-09-26 20:54:45 | INFO | 1 | MacroEnergy | load_commodities.jl:299 |  ++ Added user commodities: 0 top-level, 0 subcommodities
2026-09-26 20:55:10 | INFO | 1 | MacroEnergy | node.jl:295 |  ++ Creating new location: Region21Hainan
2026-09-26 20:55:10 | INFO | 1 | MacroEnergy | node.jl:295 |  ++ Creating new location: Region26Tibet
2026-09-26 20:55:10 | INFO | 1 | MacroEnergy | supply_inputs.jl:9 | Using legacy parser for supply inputs of cog_Region1Beijing.
2026-09-26 20:55:10 | INFO | 1 | MacroEnergy | supply_inputs.jl:9 | Using legacy parser for supply inputs of cog_Region2Tianjin.
2026-09-26 20:55:10 | INFO | 1 | MacroEnergy | supply_inputs.jl:9 | Using legacy parser for supply inputs of cog_Region3Hebei.
2026-09-26 20:55:10 | INFO | 1 | MacroEnergy | supply_inputs.jl:9 | Using legacy parser for supply inputs of cog_Region4Shanxi.
2026-09-26 20:55:10 | INFO | 1 | MacroEnergy | supply_inputs.jl:9 | Using legacy parser for supply inputs of cog_Region5Innermongolia.
2026-09-26 20:55:10 | INFO | 1 | MacroEnergy | supply_inputs.jl:9 | Using legacy parser for supply inputs of cog_Region6Liaoning.
2026-09-26 20:55:10 | INFO | 1 | MacroEnergy | supply_inputs.jl:9 | Using legacy parser for supply inputs of cog_Region7Jilin.
2026-09-26 20:55:10 | INFO | 1 | MacroEnergy | supply_inputs.jl:9 | Using legacy parser for supply inputs of cog_Region8Heilongjiang.
2026-09-26 20:55:10 | INFO | 1 | MacroEnergy | supply_inputs.jl:9 | Using legacy parser for supply inputs of cog_Region9Shanghai.
2026-09-26 20:55:10 | INFO | 1 | MacroEnergy | supply_inputs.jl:9 | Using legacy parser for supply inputs of cog_Region10Jiangsu.
2026-09-26 20:55:10 | INFO | 1 | MacroEnergy | supply_inputs.jl:9 | Using legacy parser for supply inputs of cog_Region11Zhejiang.
2026-09-26 20:55:10 | INFO | 1 | MacroEnergy | supply_inputs.jl:9 | Using legacy parser for supply inputs of cog_Region12Anhui.
2026-09-26 20:55:10 | INFO | 1 | MacroEnergy | supply_inputs.jl:9 | Using legacy parser for supply inputs of cog_Region13Fujian.
2026-09-26 20:55:10 | INFO | 1 | MacroEnergy | supply_inputs.jl:9 | Using legacy parser for supply inputs of cog_Region14Jiangxi.
2026-09-26 20:55:10 | INFO | 1 | MacroEnergy | supply_inputs.jl:9 | Using legacy parser for supply inputs of cog_Region15Shandong.
2026-09-26 20:55:10 | INFO | 1 | MacroEnergy | supply_inputs.jl:9 | Using legacy parser for supply inputs of cog_Region16Henan.
2026-09-26 20:55:10 | INFO | 1 | MacroEnergy | supply_inputs.jl:9 | Using legacy parser for supply inputs of cog_Region17Hubei.
2026-09-26 20:55:10 | INFO | 1 | MacroEnergy | supply_inputs.jl:9 | Using legacy parser for supply inputs of cog_Region18Hunan.
2026-09-26 20:55:10 | INFO | 1 | MacroEnergy | supply_inputs.jl:9 | Using legacy parser for supply inputs of cog_Region19Guangdong.
2026-09-26 20:55:10 | INFO | 1 | MacroEnergy | supply_inputs.jl:9 | Using legacy parser for supply inputs of cog_Region20Guangxi.
2026-09-26 20:55:10 | INFO | 1 | MacroEnergy | supply_inputs.jl:9 | Using legacy parser for supply inputs of cog_Region21Hainan.
2026-09-26 20:55:10 | INFO | 1 | MacroEnergy | supply_inputs.jl:9 | Using legacy parser for supply inputs of cog_Region22Chongqing.
2026-09-26 20:55:10 | INFO | 1 | MacroEnergy | supply_inputs.jl:9 | Using legacy parser for supply inputs of cog_Region23Sichuan.
2026-09-26 20:55:10 | INFO | 1 | MacroEnergy | supply_inputs.jl:9 | Using legacy parser for supply inputs of cog_Region24Guizhou.
2026-09-26 20:55:10 | INFO | 1 | MacroEnergy | supply_inputs.jl:9 | Using legacy parser for supply inputs of cog_Region25Yunnan.
2026-09-26 20:55:10 | INFO | 1 | MacroEnergy | supply_inputs.jl:9 | Using legacy parser for supply inputs of cog_Region26Tibet.
2026-09-26 20:55:10 | INFO | 1 | MacroEnergy | supply_inputs.jl:9 | Using legacy parser for supply inputs of cog_Region27Shaanxi.
2026-09-26 20:55:10 | INFO | 1 | MacroEnergy | supply_inputs.jl:9 | Using legacy parser for supply inputs of cog_Region28Gansu.
2026-09-26 20:55:10 | INFO | 1 | MacroEnergy | supply_inputs.jl:9 | Using legacy parser for supply inputs of cog_Region29Qinghai.
2026-09-26 20:55:10 | INFO | 1 | MacroEnergy | supply_inputs.jl:9 | Using legacy parser for supply inputs of cog_Region30Ningxia.
2026-09-26 20:55:10 | INFO | 1 | MacroEnergy | supply_inputs.jl:9 | Using legacy parser for supply inputs of cog_Region31Xinjiang.
2026-09-26 20:55:51 | INFO | 1 | MacroEnergy | generate_system.jl:51 | Done generating system. It took 65.97 seconds
2026-09-26 20:55:51 | INFO | 1 | MacroEnergy | generate_system.jl:18 | Generating system
2026-09-26 20:55:51 | INFO | 1 | MacroEnergy | load_commodities.jl:299 |  ++ Added user commodities: 0 top-level, 0 subcommodities
2026-09-26 20:56:16 | INFO | 1 | MacroEnergy | node.jl:295 |  ++ Creating new location: Region21Hainan
2026-09-26 20:56:16 | INFO | 1 | MacroEnergy | node.jl:295 |  ++ Creating new location: Region26Tibet
2026-09-26 20:56:16 | INFO | 1 | MacroEnergy | supply_inputs.jl:9 | Using legacy parser for supply inputs of cog_Region1Beijing.
2026-09-26 20:56:16 | INFO | 1 | MacroEnergy | supply_inputs.jl:9 | Using legacy parser for supply inputs of cog_Region2Tianjin.
2026-09-26 20:56:16 | INFO | 1 | MacroEnergy | supply_inputs.jl:9 | Using legacy parser for supply inputs of cog_Region3Hebei.
2026-09-26 20:56:16 | INFO | 1 | MacroEnergy | supply_inputs.jl:9 | Using legacy parser for supply inputs of cog_Region4Shanxi.
2026-09-26 20:56:16 | INFO | 1 | MacroEnergy | supply_inputs.jl:9 | Using legacy parser for supply inputs of cog_Region5Innermongolia.
2026-09-26 20:56:16 | INFO | 1 | MacroEnergy | supply_inputs.jl:9 | Using legacy parser for supply inputs of cog_Region6Liaoning.
2026-09-26 20:56:16 | INFO | 1 | MacroEnergy | supply_inputs.jl:9 | Using legacy parser for supply inputs of cog_Region7Jilin.
2026-09-26 20:56:16 | INFO | 1 | MacroEnergy | supply_inputs.jl:9 | Using legacy parser for supply inputs of cog_Region8Heilongjiang.
2026-09-26 20:56:16 | INFO | 1 | MacroEnergy | supply_inputs.jl:9 | Using legacy parser for supply inputs of cog_Region9Shanghai.
2026-09-26 20:56:16 | INFO | 1 | MacroEnergy | supply_inputs.jl:9 | Using legacy parser for supply inputs of cog_Region10Jiangsu.
2026-09-26 20:56:16 | INFO | 1 | MacroEnergy | supply_inputs.jl:9 | Using legacy parser for supply inputs of cog_Region11Zhejiang.
2026-09-26 20:56:16 | INFO | 1 | MacroEnergy | supply_inputs.jl:9 | Using legacy parser for supply inputs of cog_Region12Anhui.
2026-09-26 20:56:16 | INFO | 1 | MacroEnergy | supply_inputs.jl:9 | Using legacy parser for supply inputs of cog_Region13Fujian.
2026-09-26 20:56:16 | INFO | 1 | MacroEnergy | supply_inputs.jl:9 | Using legacy parser for supply inputs of cog_Region14Jiangxi.
2026-09-26 20:56:16 | INFO | 1 | MacroEnergy | supply_inputs.jl:9 | Using legacy parser for supply inputs of cog_Region15Shandong.
2026-09-26 20:56:16 | INFO | 1 | MacroEnergy | supply_inputs.jl:9 | Using legacy parser for supply inputs of cog_Region16Henan.
2026-09-26 20:56:16 | INFO | 1 | MacroEnergy | supply_inputs.jl:9 | Using legacy parser for supply inputs of cog_Region17Hubei.
2026-09-26 20:56:16 | INFO | 1 | MacroEnergy | supply_inputs.jl:9 | Using legacy parser for supply inputs of cog_Region18Hunan.
2026-09-26 20:56:16 | INFO | 1 | MacroEnergy | supply_inputs.jl:9 | Using legacy parser for supply inputs of cog_Region19Guangdong.
2026-09-26 20:56:16 | INFO | 1 | MacroEnergy | supply_inputs.jl:9 | Using legacy parser for supply inputs of cog_Region20Guangxi.
2026-09-26 20:56:16 | INFO | 1 | MacroEnergy | supply_inputs.jl:9 | Using legacy parser for supply inputs of cog_Region21Hainan.
2026-09-26 20:56:16 | INFO | 1 | MacroEnergy | supply_inputs.jl:9 | Using legacy parser for supply inputs of cog_Region22Chongqing.
2026-09-26 20:56:16 | INFO | 1 | MacroEnergy | supply_inputs.jl:9 | Using legacy parser for supply inputs of cog_Region23Sichuan.
2026-09-26 20:56:16 | INFO | 1 | MacroEnergy | supply_inputs.jl:9 | Using legacy parser for supply inputs of cog_Region24Guizhou.
2026-09-26 20:56:16 | INFO | 1 | MacroEnergy | supply_inputs.jl:9 | Using legacy parser for supply inputs of cog_Region25Yunnan.
2026-09-26 20:56:16 | INFO | 1 | MacroEnergy | supply_inputs.jl:9 | Using legacy parser for supply inputs of cog_Region26Tibet.
2026-09-26 20:56:16 | INFO | 1 | MacroEnergy | supply_inputs.jl:9 | Using legacy parser for supply inputs of cog_Region27Shaanxi.
2026-09-26 20:56:16 | INFO | 1 | MacroEnergy | supply_inputs.jl:9 | Using legacy parser for supply inputs of cog_Region28Gansu.
2026-09-26 20:56:16 | INFO | 1 | MacroEnergy | supply_inputs.jl:9 | Using legacy parser for supply inputs of cog_Region29Qinghai.
2026-09-26 20:56:16 | INFO | 1 | MacroEnergy | supply_inputs.jl:9 | Using legacy parser for supply inputs of cog_Region30Ningxia.
2026-09-26 20:56:16 | INFO | 1 | MacroEnergy | supply_inputs.jl:9 | Using legacy parser for supply inputs of cog_Region31Xinjiang.
2026-09-26 20:56:57 | INFO | 1 | MacroEnergy | generate_system.jl:51 | Done generating system. It took 66.4 seconds
2026-09-26 20:57:01 | INFO | 1 | MacroEnergy | case.jl:61 |  -- Discounting fixed costs for period 1
2026-09-26 20:57:02 | INFO | 1 | MacroEnergy | case.jl:64 |  -- Computing retirement case for period 1
2026-09-26 20:57:04 | INFO | 1 | MacroEnergy | case.jl:61 |  -- Discounting fixed costs for period 2
2026-09-26 20:57:04 | INFO | 1 | MacroEnergy | case.jl:64 |  -- Computing retirement case for period 2
2026-09-26 20:57:06 | INFO | 1 | MacroEnergy | case.jl:61 |  -- Discounting fixed costs for period 3
2026-09-26 20:57:06 | INFO | 1 | MacroEnergy | case.jl:64 |  -- Computing retirement case for period 3
2026-09-26 20:57:08 | INFO | 1 | MacroEnergy | case.jl:61 |  -- Discounting fixed costs for period 4
2026-09-26 20:57:08 | INFO | 1 | MacroEnergy | case.jl:64 |  -- Computing retirement case for period 4
2026-09-26 20:57:10 | INFO | 1 | MacroEnergy | case.jl:46 | *** Done generating case. It took 322.92 seconds ***
2026-09-26 20:57:10 | INFO | 1 | MacroEnergy | solver.jl:10 | *** Running simulation with Perfect Foresight expansion horizon and Monolithic solution algorithm ***
2026-09-26 20:57:10 | INFO | 1 | MacroEnergy | generate_model.jl:2 | *** Generating monolithic model ***
2026-09-26 20:57:11 | INFO | 1 | MacroEnergy | generate_model.jl:13 | Generating model
2026-09-26 20:57:11 | INFO | 1 | MacroEnergy | generate_model.jl:179 |  -- Period 1
2026-09-26 20:57:11 | INFO | 1 | MacroEnergy | generate_model.jl:185 |  -- Adding linking variables
2026-09-26 20:57:14 | INFO | 1 | MacroEnergy | generate_model.jl:188 |  -- Defining available capacity
2026-09-26 20:57:17 | INFO | 1 | MacroEnergy | generate_model.jl:191 |  -- Generating planning model
2026-09-26 20:57:22 | INFO | 1 | MacroEnergy | generate_model.jl:195 |  -- Adding retrofit constraints
2026-09-26 20:57:23 | INFO | 1 | MacroEnergy | generate_model.jl:199 |  -- Including age-based retirements
2026-09-26 20:57:23 | INFO | 1 | MacroEnergy | generate_model.jl:203 |  -- Available capacity in period 1 is being carried over to period 2
2026-09-26 20:57:29 | INFO | 1 | MacroEnergy | generate_model.jl:162 |  -- Generating operational model
2026-09-26 20:58:36 | INFO | 1 | MacroEnergy | generate_model.jl:179 |  -- Period 2
2026-09-26 20:58:36 | INFO | 1 | MacroEnergy | generate_model.jl:185 |  -- Adding linking variables
2026-09-26 20:58:36 | INFO | 1 | MacroEnergy | generate_model.jl:188 |  -- Defining available capacity
2026-09-26 20:58:36 | INFO | 1 | MacroEnergy | generate_model.jl:191 |  -- Generating planning model
2026-09-26 20:58:36 | INFO | 1 | MacroEnergy | generate_model.jl:195 |  -- Adding retrofit constraints
2026-09-26 20:58:37 | INFO | 1 | MacroEnergy | generate_model.jl:199 |  -- Including age-based retirements
2026-09-26 20:58:37 | INFO | 1 | MacroEnergy | generate_model.jl:203 |  -- Available capacity in period 2 is being carried over to period 3
2026-09-26 20:58:39 | INFO | 1 | MacroEnergy | generate_model.jl:162 |  -- Generating operational model
2026-09-26 20:59:13 | INFO | 1 | MacroEnergy | generate_model.jl:179 |  -- Period 3
2026-09-26 20:59:13 | INFO | 1 | MacroEnergy | generate_model.jl:185 |  -- Adding linking variables
2026-09-26 20:59:13 | INFO | 1 | MacroEnergy | generate_model.jl:188 |  -- Defining available capacity
2026-09-26 20:59:13 | INFO | 1 | MacroEnergy | generate_model.jl:191 |  -- Generating planning model
2026-09-26 20:59:14 | INFO | 1 | MacroEnergy | generate_model.jl:195 |  -- Adding retrofit constraints
2026-09-26 20:59:15 | INFO | 1 | MacroEnergy | generate_model.jl:199 |  -- Including age-based retirements
2026-09-26 20:59:15 | INFO | 1 | MacroEnergy | generate_model.jl:203 |  -- Available capacity in period 3 is being carried over to period 4
2026-09-26 20:59:17 | INFO | 1 | MacroEnergy | generate_model.jl:162 |  -- Generating operational model
2026-09-26 20:59:56 | INFO | 1 | MacroEnergy | generate_model.jl:179 |  -- Period 4
2026-09-26 20:59:56 | INFO | 1 | MacroEnergy | generate_model.jl:185 |  -- Adding linking variables
2026-09-26 20:59:56 | INFO | 1 | MacroEnergy | generate_model.jl:188 |  -- Defining available capacity
2026-09-26 20:59:56 | INFO | 1 | MacroEnergy | generate_model.jl:191 |  -- Generating planning model
2026-09-26 20:59:57 | INFO | 1 | MacroEnergy | generate_model.jl:195 |  -- Adding retrofit constraints
2026-09-26 20:59:59 | INFO | 1 | MacroEnergy | generate_model.jl:199 |  -- Including age-based retirements
2026-09-26 20:59:59 | INFO | 1 | MacroEnergy | generate_model.jl:162 |  -- Generating operational model
2026-09-26 21:00:37 | INFO | 1 | MacroEnergy | generate_model.jl:28 |  -- Adding MGA variables
2026-09-26 21:00:56 | INFO | 1 | MacroEnergy | scaling.jl:191 | Scaling constraints and RHS
2026-09-26 21:01:53 | INFO | 1 | MacroEnergy | generate_model.jl:43 |  -- Model generation complete, it took 282.2379410266876 seconds
2026-09-26 21:56:00 | INFO | 1 | MacroEnergy | write_outputs.jl:13 | Writing results for period 1
2026-09-26 21:56:05 | INFO | 1 | MacroEnergy | write_capacity.jl:68 | Writing capacity results to /home/al3792/NZC_MGA/NZC_Workshop_Example_Systems_June_2026/NZC_Workshop_All Sector_12day_MultiPeriods_WIP/case/results_tdr12days_062026/results_period_1/capacity.csv
2026-09-26 21:56:58 | INFO | 1 | MacroEnergy | write_cost.jl:36 | Writing total discounted costs to /home/al3792/NZC_MGA/NZC_Workshop_Example_Systems_June_2026/NZC_Workshop_All Sector_12day_MultiPeriods_WIP/case/results_tdr12days_062026/results_period_1/costs.csv
2026-09-26 21:57:00 | INFO | 1 | MacroEnergy | write_cost.jl:79 | Writing total undiscounted costs to /home/al3792/NZC_MGA/NZC_Workshop_Example_Systems_June_2026/NZC_Workshop_All Sector_12day_MultiPeriods_WIP/case/results_tdr12days_062026/results_period_1/undiscounted_costs.csv
2026-09-26 21:57:13 | WARN | 1 | MacroEnergy | write_cost.jl:953 | Objective value validation failed. Validation difference: 6.046565921324072e10
2026-09-26 21:57:13 | INFO | 1 | MacroEnergy | write_cost.jl:564 | Writing detailed discounted costs by type to /home/al3792/NZC_MGA/NZC_Workshop_Example_Systems_June_2026/NZC_Workshop_All Sector_12day_MultiPeriods_WIP/case/results_tdr12days_062026/results_period_1/costs_by_type.csv
2026-09-26 21:57:15 | WARN | 1 | MacroEnergy | write_cost.jl:953 | Objective value validation failed. Validation difference: 6.046565921323828e10
2026-09-26 21:57:15 | INFO | 1 | MacroEnergy | write_cost.jl:572 | Writing detailed discounted costs by zone to /home/al3792/NZC_MGA/NZC_Workshop_Example_Systems_June_2026/NZC_Workshop_All Sector_12day_MultiPeriods_WIP/case/results_tdr12days_062026/results_period_1/costs_by_zone.csv
2026-09-26 21:57:16 | WARN | 1 | MacroEnergy | write_cost.jl:953 | Objective value validation failed. Validation difference: 6.886785822999414e10
2026-09-26 21:57:16 | INFO | 1 | MacroEnergy | write_cost.jl:564 | Writing detailed undiscounted costs by type to /home/al3792/NZC_MGA/NZC_Workshop_Example_Systems_June_2026/NZC_Workshop_All Sector_12day_MultiPeriods_WIP/case/results_tdr12days_062026/results_period_1/undiscounted_costs_by_type.csv
2026-09-26 21:57:19 | WARN | 1 | MacroEnergy | write_cost.jl:953 | Objective value validation failed. Validation difference: 6.886785822999121e10
2026-09-26 21:57:19 | INFO | 1 | MacroEnergy | write_cost.jl:572 | Writing detailed undiscounted costs by zone to /home/al3792/NZC_MGA/NZC_Workshop_Example_Systems_June_2026/NZC_Workshop_All Sector_12day_MultiPeriods_WIP/case/results_tdr12days_062026/results_period_1/undiscounted_costs_by_zone.csv
2026-09-26 21:57:19 | INFO | 1 | MacroEnergy | write_flow.jl:66 | Writing flow results to /home/al3792/NZC_MGA/NZC_Workshop_Example_Systems_June_2026/NZC_Workshop_All Sector_12day_MultiPeriods_WIP/case/results_tdr12days_062026/results_period_1/flows.csv
2026-09-26 21:57:33 | INFO | 1 | MacroEnergy | write_non_served_demand.jl:44 | Writing non-served demand results to /home/al3792/NZC_MGA/NZC_Workshop_Example_Systems_June_2026/NZC_Workshop_All Sector_12day_MultiPeriods_WIP/case/results_tdr12days_062026/results_period_1/non_served_demand.csv
2026-09-26 21:57:34 | INFO | 1 | MacroEnergy | write_storage_level.jl:58 | Writing storage level results to /home/al3792/NZC_MGA/NZC_Workshop_Example_Systems_June_2026/NZC_Workshop_All Sector_12day_MultiPeriods_WIP/case/results_tdr12days_062026/results_period_1/storage_level.csv
2026-09-26 21:57:35 | INFO | 1 | MacroEnergy | write_curtailment.jl:44 | Writing curtailment results to /home/al3792/NZC_MGA/NZC_Workshop_Example_Systems_June_2026/NZC_Workshop_All Sector_12day_MultiPeriods_WIP/case/results_tdr12days_062026/results_period_1/curtailment.csv
2026-09-26 21:57:35 | INFO | 1 | MacroEnergy | write_time_weights.jl:49 | Writing time weights to /home/al3792/NZC_MGA/NZC_Workshop_Example_Systems_June_2026/NZC_Workshop_All Sector_12day_MultiPeriods_WIP/case/results_tdr12days_062026/results_period_1/time_weights.csv
2026-09-26 21:57:35 | INFO | 1 | MacroEnergy | write_duals.jl:39 | Writing constraint dual values to /home/al3792/NZC_MGA/NZC_Workshop_Example_Systems_June_2026/NZC_Workshop_All Sector_12day_MultiPeriods_WIP/case/results_tdr12days_062026/results_period_1
2026-09-26 21:57:35 | INFO | 1 | MacroEnergy | write_duals.jl:83 | Writing balance constraint dual values to /home/al3792/NZC_MGA/NZC_Workshop_Example_Systems_June_2026/NZC_Workshop_All Sector_12day_MultiPeriods_WIP/case/results_tdr12days_062026/results_period_1
2026-09-26 21:57:39 | INFO | 1 | MacroEnergy | write_duals.jl:177 | Writing CO2 cap constraint dual values to /home/al3792/NZC_MGA/NZC_Workshop_Example_Systems_June_2026/NZC_Workshop_All Sector_12day_MultiPeriods_WIP/case/results_tdr12days_062026/results_period_1
2026-09-26 21:57:39 | INFO | 1 | MacroEnergy | write_duals.jl:224 | No CO2 cap constraints found to export
2026-09-26 21:57:39 | INFO | 1 | MacroEnergy | write_outputs.jl:305 | Writing objective value to /home/al3792/NZC_MGA/NZC_Workshop_Example_Systems_June_2026/NZC_Workshop_All Sector_12day_MultiPeriods_WIP/case/results_tdr12days_062026/results_period_1/objective_value.csv
2026-09-26 21:57:39 | INFO | 1 | MacroEnergy | write_outputs.jl:13 | Writing results for period 2
2026-09-26 21:57:39 | INFO | 1 | MacroEnergy | write_capacity.jl:68 | Writing capacity results to /home/al3792/NZC_MGA/NZC_Workshop_Example_Systems_June_2026/NZC_Workshop_All Sector_12day_MultiPeriods_WIP/case/results_tdr12days_062026/results_period_2/capacity.csv
2026-09-26 21:57:57 | INFO | 1 | MacroEnergy | write_cost.jl:36 | Writing total discounted costs to /home/al3792/NZC_MGA/NZC_Workshop_Example_Systems_June_2026/NZC_Workshop_All Sector_12day_MultiPeriods_WIP/case/results_tdr12days_062026/results_period_2/costs.csv
2026-09-26 21:57:59 | INFO | 1 | MacroEnergy | write_cost.jl:79 | Writing total undiscounted costs to /home/al3792/NZC_MGA/NZC_Workshop_Example_Systems_June_2026/NZC_Workshop_All Sector_12day_MultiPeriods_WIP/case/results_tdr12days_062026/results_period_2/undiscounted_costs.csv
2026-09-26 21:58:07 | WARN | 1 | MacroEnergy | write_cost.jl:953 | Objective value validation failed. Validation difference: 1.8725658554961035e11
2026-09-26 21:58:07 | INFO | 1 | MacroEnergy | write_cost.jl:564 | Writing detailed discounted costs by type to /home/al3792/NZC_MGA/NZC_Workshop_Example_Systems_June_2026/NZC_Workshop_All Sector_12day_MultiPeriods_WIP/case/results_tdr12days_062026/results_period_2/costs_by_type.csv
2026-09-26 21:58:09 | WARN | 1 | MacroEnergy | write_cost.jl:953 | Objective value validation failed. Validation difference: 1.8725658554960938e11
2026-09-26 21:58:09 | INFO | 1 | MacroEnergy | write_cost.jl:572 | Writing detailed discounted costs by zone to /home/al3792/NZC_MGA/NZC_Workshop_Example_Systems_June_2026/NZC_Workshop_All Sector_12day_MultiPeriods_WIP/case/results_tdr12days_062026/results_period_2/costs_by_zone.csv
2026-09-26 21:58:11 | WARN | 1 | MacroEnergy | write_cost.jl:953 | Objective value validation failed. Validation difference: 2.949122784294004e11
2026-09-26 21:58:11 | INFO | 1 | MacroEnergy | write_cost.jl:564 | Writing detailed undiscounted costs by type to /home/al3792/NZC_MGA/NZC_Workshop_Example_Systems_June_2026/NZC_Workshop_All Sector_12day_MultiPeriods_WIP/case/results_tdr12days_062026/results_period_2/undiscounted_costs_by_type.csv
2026-09-26 21:58:13 | WARN | 1 | MacroEnergy | write_cost.jl:953 | Objective value validation failed. Validation difference: 2.9491227842938086e11
2026-09-26 21:58:13 | INFO | 1 | MacroEnergy | write_cost.jl:572 | Writing detailed undiscounted costs by zone to /home/al3792/NZC_MGA/NZC_Workshop_Example_Systems_June_2026/NZC_Workshop_All Sector_12day_MultiPeriods_WIP/case/results_tdr12days_062026/results_period_2/undiscounted_costs_by_zone.csv
2026-09-26 21:58:13 | INFO | 1 | MacroEnergy | write_flow.jl:66 | Writing flow results to /home/al3792/NZC_MGA/NZC_Workshop_Example_Systems_June_2026/NZC_Workshop_All Sector_12day_MultiPeriods_WIP/case/results_tdr12days_062026/results_period_2/flows.csv
2026-09-26 21:58:21 | INFO | 1 | MacroEnergy | write_non_served_demand.jl:44 | Writing non-served demand results to /home/al3792/NZC_MGA/NZC_Workshop_Example_Systems_June_2026/NZC_Workshop_All Sector_12day_MultiPeriods_WIP/case/results_tdr12days_062026/results_period_2/non_served_demand.csv
2026-09-26 21:58:22 | INFO | 1 | MacroEnergy | write_storage_level.jl:58 | Writing storage level results to /home/al3792/NZC_MGA/NZC_Workshop_Example_Systems_June_2026/NZC_Workshop_All Sector_12day_MultiPeriods_WIP/case/results_tdr12days_062026/results_period_2/storage_level.csv
2026-09-26 21:58:22 | INFO | 1 | MacroEnergy | write_curtailment.jl:44 | Writing curtailment results to /home/al3792/NZC_MGA/NZC_Workshop_Example_Systems_June_2026/NZC_Workshop_All Sector_12day_MultiPeriods_WIP/case/results_tdr12days_062026/results_period_2/curtailment.csv
2026-09-26 21:58:22 | INFO | 1 | MacroEnergy | write_time_weights.jl:49 | Writing time weights to /home/al3792/NZC_MGA/NZC_Workshop_Example_Systems_June_2026/NZC_Workshop_All Sector_12day_MultiPeriods_WIP/case/results_tdr12days_062026/results_period_2/time_weights.csv
2026-09-26 21:58:22 | INFO | 1 | MacroEnergy | write_duals.jl:39 | Writing constraint dual values to /home/al3792/NZC_MGA/NZC_Workshop_Example_Systems_June_2026/NZC_Workshop_All Sector_12day_MultiPeriods_WIP/case/results_tdr12days_062026/results_period_2
2026-09-26 21:58:22 | INFO | 1 | MacroEnergy | write_duals.jl:83 | Writing balance constraint dual values to /home/al3792/NZC_MGA/NZC_Workshop_Example_Systems_June_2026/NZC_Workshop_All Sector_12day_MultiPeriods_WIP/case/results_tdr12days_062026/results_period_2
2026-09-26 21:58:22 | INFO | 1 | MacroEnergy | write_duals.jl:177 | Writing CO2 cap constraint dual values to /home/al3792/NZC_MGA/NZC_Workshop_Example_Systems_June_2026/NZC_Workshop_All Sector_12day_MultiPeriods_WIP/case/results_tdr12days_062026/results_period_2
2026-09-26 21:58:22 | INFO | 1 | MacroEnergy | write_outputs.jl:305 | Writing objective value to /home/al3792/NZC_MGA/NZC_Workshop_Example_Systems_June_2026/NZC_Workshop_All Sector_12day_MultiPeriods_WIP/case/results_tdr12days_062026/results_period_2/objective_value.csv
2026-09-26 21:58:22 | INFO | 1 | MacroEnergy | write_outputs.jl:13 | Writing results for period 3
2026-09-26 21:58:22 | INFO | 1 | MacroEnergy | write_capacity.jl:68 | Writing capacity results to /home/al3792/NZC_MGA/NZC_Workshop_Example_Systems_June_2026/NZC_Workshop_All Sector_12day_MultiPeriods_WIP/case/results_tdr12days_062026/results_period_3/capacity.csv
2026-09-26 21:58:40 | INFO | 1 | MacroEnergy | write_cost.jl:36 | Writing total discounted costs to /home/al3792/NZC_MGA/NZC_Workshop_Example_Systems_June_2026/NZC_Workshop_All Sector_12day_MultiPeriods_WIP/case/results_tdr12days_062026/results_period_3/costs.csv
2026-09-26 21:58:42 | INFO | 1 | MacroEnergy | write_cost.jl:79 | Writing total undiscounted costs to /home/al3792/NZC_MGA/NZC_Workshop_Example_Systems_June_2026/NZC_Workshop_All Sector_12day_MultiPeriods_WIP/case/results_tdr12days_062026/results_period_3/undiscounted_costs.csv
2026-09-26 21:58:49 | WARN | 1 | MacroEnergy | write_cost.jl:953 | Objective value validation failed. Validation difference: 8.360205712094385e10
2026-09-26 21:58:49 | INFO | 1 | MacroEnergy | write_cost.jl:564 | Writing detailed discounted costs by type to /home/al3792/NZC_MGA/NZC_Workshop_Example_Systems_June_2026/NZC_Workshop_All Sector_12day_MultiPeriods_WIP/case/results_tdr12days_062026/results_period_3/costs_by_type.csv
2026-09-26 21:58:52 | WARN | 1 | MacroEnergy | write_cost.jl:953 | Objective value validation failed. Validation difference: 8.360205712093994e10
2026-09-26 21:58:52 | INFO | 1 | MacroEnergy | write_cost.jl:572 | Writing detailed discounted costs by zone to /home/al3792/NZC_MGA/NZC_Workshop_Example_Systems_June_2026/NZC_Workshop_All Sector_12day_MultiPeriods_WIP/case/results_tdr12days_062026/results_period_3/costs_by_zone.csv
2026-09-26 21:58:54 | WARN | 1 | MacroEnergy | write_cost.jl:953 | Objective value validation failed. Validation difference: 2.0447283693390723e11
2026-09-26 21:58:54 | INFO | 1 | MacroEnergy | write_cost.jl:564 | Writing detailed undiscounted costs by type to /home/al3792/NZC_MGA/NZC_Workshop_Example_Systems_June_2026/NZC_Workshop_All Sector_12day_MultiPeriods_WIP/case/results_tdr12days_062026/results_period_3/undiscounted_costs_by_type.csv
2026-09-26 21:58:55 | WARN | 1 | MacroEnergy | write_cost.jl:953 | Objective value validation failed. Validation difference: 2.0447283693391504e11
2026-09-26 21:58:55 | INFO | 1 | MacroEnergy | write_cost.jl:572 | Writing detailed undiscounted costs by zone to /home/al3792/NZC_MGA/NZC_Workshop_Example_Systems_June_2026/NZC_Workshop_All Sector_12day_MultiPeriods_WIP/case/results_tdr12days_062026/results_period_3/undiscounted_costs_by_zone.csv
2026-09-26 21:58:55 | INFO | 1 | MacroEnergy | write_flow.jl:66 | Writing flow results to /home/al3792/NZC_MGA/NZC_Workshop_Example_Systems_June_2026/NZC_Workshop_All Sector_12day_MultiPeriods_WIP/case/results_tdr12days_062026/results_period_3/flows.csv
2026-09-26 21:59:04 | INFO | 1 | MacroEnergy | write_non_served_demand.jl:44 | Writing non-served demand results to /home/al3792/NZC_MGA/NZC_Workshop_Example_Systems_June_2026/NZC_Workshop_All Sector_12day_MultiPeriods_WIP/case/results_tdr12days_062026/results_period_3/non_served_demand.csv
2026-09-26 21:59:04 | INFO | 1 | MacroEnergy | write_storage_level.jl:58 | Writing storage level results to /home/al3792/NZC_MGA/NZC_Workshop_Example_Systems_June_2026/NZC_Workshop_All Sector_12day_MultiPeriods_WIP/case/results_tdr12days_062026/results_period_3/storage_level.csv
2026-09-26 21:59:04 | INFO | 1 | MacroEnergy | write_curtailment.jl:44 | Writing curtailment results to /home/al3792/NZC_MGA/NZC_Workshop_Example_Systems_June_2026/NZC_Workshop_All Sector_12day_MultiPeriods_WIP/case/results_tdr12days_062026/results_period_3/curtailment.csv
2026-09-26 21:59:04 | INFO | 1 | MacroEnergy | write_time_weights.jl:49 | Writing time weights to /home/al3792/NZC_MGA/NZC_Workshop_Example_Systems_June_2026/NZC_Workshop_All Sector_12day_MultiPeriods_WIP/case/results_tdr12days_062026/results_period_3/time_weights.csv
2026-09-26 21:59:04 | INFO | 1 | MacroEnergy | write_duals.jl:39 | Writing constraint dual values to /home/al3792/NZC_MGA/NZC_Workshop_Example_Systems_June_2026/NZC_Workshop_All Sector_12day_MultiPeriods_WIP/case/results_tdr12days_062026/results_period_3
2026-09-26 21:59:04 | INFO | 1 | MacroEnergy | write_duals.jl:83 | Writing balance constraint dual values to /home/al3792/NZC_MGA/NZC_Workshop_Example_Systems_June_2026/NZC_Workshop_All Sector_12day_MultiPeriods_WIP/case/results_tdr12days_062026/results_period_3
2026-09-26 21:59:05 | INFO | 1 | MacroEnergy | write_duals.jl:177 | Writing CO2 cap constraint dual values to /home/al3792/NZC_MGA/NZC_Workshop_Example_Systems_June_2026/NZC_Workshop_All Sector_12day_MultiPeriods_WIP/case/results_tdr12days_062026/results_period_3
2026-09-26 21:59:05 | INFO | 1 | MacroEnergy | write_outputs.jl:305 | Writing objective value to /home/al3792/NZC_MGA/NZC_Workshop_Example_Systems_June_2026/NZC_Workshop_All Sector_12day_MultiPeriods_WIP/case/results_tdr12days_062026/results_period_3/objective_value.csv
2026-09-26 21:59:05 | INFO | 1 | MacroEnergy | write_outputs.jl:13 | Writing results for period 4
2026-09-26 21:59:05 | INFO | 1 | MacroEnergy | write_capacity.jl:68 | Writing capacity results to /home/al3792/NZC_MGA/NZC_Workshop_Example_Systems_June_2026/NZC_Workshop_All Sector_12day_MultiPeriods_WIP/case/results_tdr12days_062026/results_period_4/capacity.csv
2026-09-26 21:59:22 | INFO | 1 | MacroEnergy | write_cost.jl:36 | Writing total discounted costs to /home/al3792/NZC_MGA/NZC_Workshop_Example_Systems_June_2026/NZC_Workshop_All Sector_12day_MultiPeriods_WIP/case/results_tdr12days_062026/results_period_4/costs.csv
2026-09-26 21:59:24 | INFO | 1 | MacroEnergy | write_cost.jl:79 | Writing total undiscounted costs to /home/al3792/NZC_MGA/NZC_Workshop_Example_Systems_June_2026/NZC_Workshop_All Sector_12day_MultiPeriods_WIP/case/results_tdr12days_062026/results_period_4/undiscounted_costs.csv
2026-09-26 21:59:32 | WARN | 1 | MacroEnergy | write_cost.jl:953 | Objective value validation failed. Validation difference: 6.44655278123186e10
2026-09-26 21:59:32 | INFO | 1 | MacroEnergy | write_cost.jl:564 | Writing detailed discounted costs by type to /home/al3792/NZC_MGA/NZC_Workshop_Example_Systems_June_2026/NZC_Workshop_All Sector_12day_MultiPeriods_WIP/case/results_tdr12days_062026/results_period_4/costs_by_type.csv
2026-09-26 21:59:34 | WARN | 1 | MacroEnergy | write_cost.jl:953 | Objective value validation failed. Validation difference: 6.4465527812318115e10
2026-09-26 21:59:34 | INFO | 1 | MacroEnergy | write_cost.jl:572 | Writing detailed discounted costs by zone to /home/al3792/NZC_MGA/NZC_Workshop_Example_Systems_June_2026/NZC_Workshop_All Sector_12day_MultiPeriods_WIP/case/results_tdr12days_062026/results_period_4/costs_by_zone.csv
2026-09-26 21:59:36 | WARN | 1 | MacroEnergy | write_cost.jl:953 | Objective value validation failed. Validation difference: 2.4485507281975488e11
2026-09-26 21:59:36 | INFO | 1 | MacroEnergy | write_cost.jl:564 | Writing detailed undiscounted costs by type to /home/al3792/NZC_MGA/NZC_Workshop_Example_Systems_June_2026/NZC_Workshop_All Sector_12day_MultiPeriods_WIP/case/results_tdr12days_062026/results_period_4/undiscounted_costs_by_type.csv
2026-09-26 21:59:38 | WARN | 1 | MacroEnergy | write_cost.jl:953 | Objective value validation failed. Validation difference: 2.4485507281975586e11
2026-09-26 21:59:38 | INFO | 1 | MacroEnergy | write_cost.jl:572 | Writing detailed undiscounted costs by zone to /home/al3792/NZC_MGA/NZC_Workshop_Example_Systems_June_2026/NZC_Workshop_All Sector_12day_MultiPeriods_WIP/case/results_tdr12days_062026/results_period_4/undiscounted_costs_by_zone.csv
2026-09-26 21:59:38 | INFO | 1 | MacroEnergy | write_flow.jl:66 | Writing flow results to /home/al3792/NZC_MGA/NZC_Workshop_Example_Systems_June_2026/NZC_Workshop_All Sector_12day_MultiPeriods_WIP/case/results_tdr12days_062026/results_period_4/flows.csv
2026-09-26 21:59:47 | INFO | 1 | MacroEnergy | write_non_served_demand.jl:44 | Writing non-served demand results to /home/al3792/NZC_MGA/NZC_Workshop_Example_Systems_June_2026/NZC_Workshop_All Sector_12day_MultiPeriods_WIP/case/results_tdr12days_062026/results_period_4/non_served_demand.csv
2026-09-26 21:59:47 | INFO | 1 | MacroEnergy | write_storage_level.jl:58 | Writing storage level results to /home/al3792/NZC_MGA/NZC_Workshop_Example_Systems_June_2026/NZC_Workshop_All Sector_12day_MultiPeriods_WIP/case/results_tdr12days_062026/results_period_4/storage_level.csv
2026-09-26 21:59:47 | INFO | 1 | MacroEnergy | write_curtailment.jl:44 | Writing curtailment results to /home/al3792/NZC_MGA/NZC_Workshop_Example_Systems_June_2026/NZC_Workshop_All Sector_12day_MultiPeriods_WIP/case/results_tdr12days_062026/results_period_4/curtailment.csv
2026-09-26 21:59:47 | INFO | 1 | MacroEnergy | write_time_weights.jl:49 | Writing time weights to /home/al3792/NZC_MGA/NZC_Workshop_Example_Systems_June_2026/NZC_Workshop_All Sector_12day_MultiPeriods_WIP/case/results_tdr12days_062026/results_period_4/time_weights.csv
2026-09-26 21:59:47 | INFO | 1 | MacroEnergy | write_duals.jl:39 | Writing constraint dual values to /home/al3792/NZC_MGA/NZC_Workshop_Example_Systems_June_2026/NZC_Workshop_All Sector_12day_MultiPeriods_WIP/case/results_tdr12days_062026/results_period_4
2026-09-26 21:59:47 | INFO | 1 | MacroEnergy | write_duals.jl:83 | Writing balance constraint dual values to /home/al3792/NZC_MGA/NZC_Workshop_Example_Systems_June_2026/NZC_Workshop_All Sector_12day_MultiPeriods_WIP/case/results_tdr12days_062026/results_period_4
2026-09-26 21:59:47 | INFO | 1 | MacroEnergy | write_duals.jl:177 | Writing CO2 cap constraint dual values to /home/al3792/NZC_MGA/NZC_Workshop_Example_Systems_June_2026/NZC_Workshop_All Sector_12day_MultiPeriods_WIP/case/results_tdr12days_062026/results_period_4
2026-09-26 21:59:47 | INFO | 1 | MacroEnergy | write_outputs.jl:305 | Writing objective value to /home/al3792/NZC_MGA/NZC_Workshop_Example_Systems_June_2026/NZC_Workshop_All Sector_12day_MultiPeriods_WIP/case/results_tdr12days_062026/results_period_4/objective_value.csv
2026-09-26 22:55:02 | INFO | 1 | MacroEnergy | write_outputs.jl:13 | Writing results for period 1
2026-09-26 22:55:02 | INFO | 1 | MacroEnergy | write_capacity.jl:68 | Writing capacity results to /home/al3792/NZC_MGA/NZC_Workshop_Example_Systems_June_2026/NZC_Workshop_All Sector_12day_MultiPeriods_WIP/case/results_tdr12days_062026/results/MGAResults_max_01/MGA_0.1_1/results_period_1/capacity.csv
2026-09-26 22:55:20 | INFO | 1 | MacroEnergy | write_cost.jl:36 | Writing total discounted costs to /home/al3792/NZC_MGA/NZC_Workshop_Example_Systems_June_2026/NZC_Workshop_All Sector_12day_MultiPeriods_WIP/case/results_tdr12days_062026/results/MGAResults_max_01/MGA_0.1_1/results_period_1/costs.csv
2026-09-26 22:55:21 | INFO | 1 | MacroEnergy | write_cost.jl:79 | Writing total undiscounted costs to /home/al3792/NZC_MGA/NZC_Workshop_Example_Systems_June_2026/NZC_Workshop_All Sector_12day_MultiPeriods_WIP/case/results_tdr12days_062026/results/MGAResults_max_01/MGA_0.1_1/results_period_1/undiscounted_costs.csv
2026-09-26 22:55:30 | WARN | 1 | MacroEnergy | write_cost.jl:953 | Objective value validation failed. Validation difference: 8.455068354196387e10
2026-09-26 22:55:30 | INFO | 1 | MacroEnergy | write_cost.jl:564 | Writing detailed discounted costs by type to /home/al3792/NZC_MGA/NZC_Workshop_Example_Systems_June_2026/NZC_Workshop_All Sector_12day_MultiPeriods_WIP/case/results_tdr12days_062026/results/MGAResults_max_01/MGA_0.1_1/results_period_1/costs_by_type.csv
2026-09-26 22:55:32 | WARN | 1 | MacroEnergy | write_cost.jl:953 | Objective value validation failed. Validation difference: 8.455068354196875e10
2026-09-26 22:55:32 | INFO | 1 | MacroEnergy | write_cost.jl:572 | Writing detailed discounted costs by zone to /home/al3792/NZC_MGA/NZC_Workshop_Example_Systems_June_2026/NZC_Workshop_All Sector_12day_MultiPeriods_WIP/case/results_tdr12days_062026/results/MGAResults_max_01/MGA_0.1_1/results_period_1/costs_by_zone.csv
2026-09-26 22:55:33 | WARN | 1 | MacroEnergy | write_cost.jl:953 | Objective value validation failed. Validation difference: 9.629969412549219e10
2026-09-26 22:55:33 | INFO | 1 | MacroEnergy | write_cost.jl:564 | Writing detailed undiscounted costs by type to /home/al3792/NZC_MGA/NZC_Workshop_Example_Systems_June_2026/NZC_Workshop_All Sector_12day_MultiPeriods_WIP/case/results_tdr12days_062026/results/MGAResults_max_01/MGA_0.1_1/results_period_1/undiscounted_costs_by_type.csv
2026-09-26 22:55:35 | WARN | 1 | MacroEnergy | write_cost.jl:953 | Objective value validation failed. Validation difference: 9.629969412548535e10
2026-09-26 22:55:35 | INFO | 1 | MacroEnergy | write_cost.jl:572 | Writing detailed undiscounted costs by zone to /home/al3792/NZC_MGA/NZC_Workshop_Example_Systems_June_2026/NZC_Workshop_All Sector_12day_MultiPeriods_WIP/case/results_tdr12days_062026/results/MGAResults_max_01/MGA_0.1_1/results_period_1/undiscounted_costs_by_zone.csv
2026-09-26 22:55:35 | INFO | 1 | MacroEnergy | write_flow.jl:66 | Writing flow results to /home/al3792/NZC_MGA/NZC_Workshop_Example_Systems_June_2026/NZC_Workshop_All Sector_12day_MultiPeriods_WIP/case/results_tdr12days_062026/results/MGAResults_max_01/MGA_0.1_1/results_period_1/flows.csv
2026-09-26 22:55:45 | INFO | 1 | MacroEnergy | write_non_served_demand.jl:44 | Writing non-served demand results to /home/al3792/NZC_MGA/NZC_Workshop_Example_Systems_June_2026/NZC_Workshop_All Sector_12day_MultiPeriods_WIP/case/results_tdr12days_062026/results/MGAResults_max_01/MGA_0.1_1/results_period_1/non_served_demand.csv
2026-09-26 22:55:45 | INFO | 1 | MacroEnergy | write_storage_level.jl:58 | Writing storage level results to /home/al3792/NZC_MGA/NZC_Workshop_Example_Systems_June_2026/NZC_Workshop_All Sector_12day_MultiPeriods_WIP/case/results_tdr12days_062026/results/MGAResults_max_01/MGA_0.1_1/results_period_1/storage_level.csv
2026-09-26 22:55:45 | INFO | 1 | MacroEnergy | write_curtailment.jl:44 | Writing curtailment results to /home/al3792/NZC_MGA/NZC_Workshop_Example_Systems_June_2026/NZC_Workshop_All Sector_12day_MultiPeriods_WIP/case/results_tdr12days_062026/results/MGAResults_max_01/MGA_0.1_1/results_period_1/curtailment.csv
2026-09-26 22:55:45 | INFO | 1 | MacroEnergy | write_time_weights.jl:49 | Writing time weights to /home/al3792/NZC_MGA/NZC_Workshop_Example_Systems_June_2026/NZC_Workshop_All Sector_12day_MultiPeriods_WIP/case/results_tdr12days_062026/results/MGAResults_max_01/MGA_0.1_1/results_period_1/time_weights.csv
2026-09-26 22:55:45 | INFO | 1 | MacroEnergy | write_duals.jl:39 | Writing constraint dual values to /home/al3792/NZC_MGA/NZC_Workshop_Example_Systems_June_2026/NZC_Workshop_All Sector_12day_MultiPeriods_WIP/case/results_tdr12days_062026/results/MGAResults_max_01/MGA_0.1_1/results_period_1
2026-09-26 22:55:45 | INFO | 1 | MacroEnergy | write_duals.jl:83 | Writing balance constraint dual values to /home/al3792/NZC_MGA/NZC_Workshop_Example_Systems_June_2026/NZC_Workshop_All Sector_12day_MultiPeriods_WIP/case/results_tdr12days_062026/results/MGAResults_max_01/MGA_0.1_1/results_period_1
2026-09-26 22:55:45 | INFO | 1 | MacroEnergy | write_duals.jl:177 | Writing CO2 cap constraint dual values to /home/al3792/NZC_MGA/NZC_Workshop_Example_Systems_June_2026/NZC_Workshop_All Sector_12day_MultiPeriods_WIP/case/results_tdr12days_062026/results/MGAResults_max_01/MGA_0.1_1/results_period_1
2026-09-26 22:55:45 | INFO | 1 | MacroEnergy | write_duals.jl:224 | No CO2 cap constraints found to export
2026-09-26 22:55:45 | INFO | 1 | MacroEnergy | write_outputs.jl:305 | Writing objective value to /home/al3792/NZC_MGA/NZC_Workshop_Example_Systems_June_2026/NZC_Workshop_All Sector_12day_MultiPeriods_WIP/case/results_tdr12days_062026/results/MGAResults_max_01/MGA_0.1_1/results_period_1/objective_value.csv
2026-09-26 22:55:45 | INFO | 1 | MacroEnergy | write_outputs.jl:13 | Writing results for period 2
2026-09-26 22:55:45 | INFO | 1 | MacroEnergy | write_capacity.jl:68 | Writing capacity results to /home/al3792/NZC_MGA/NZC_Workshop_Example_Systems_June_2026/NZC_Workshop_All Sector_12day_MultiPeriods_WIP/case/results_tdr12days_062026/results/MGAResults_max_01/MGA_0.1_1/results_period_2/capacity.csv
2026-09-26 22:56:03 | INFO | 1 | MacroEnergy | write_cost.jl:36 | Writing total discounted costs to /home/al3792/NZC_MGA/NZC_Workshop_Example_Systems_June_2026/NZC_Workshop_All Sector_12day_MultiPeriods_WIP/case/results_tdr12days_062026/results/MGAResults_max_01/MGA_0.1_1/results_period_2/costs.csv
2026-09-26 22:56:04 | INFO | 1 | MacroEnergy | write_cost.jl:79 | Writing total undiscounted costs to /home/al3792/NZC_MGA/NZC_Workshop_Example_Systems_June_2026/NZC_Workshop_All Sector_12day_MultiPeriods_WIP/case/results_tdr12days_062026/results/MGAResults_max_01/MGA_0.1_1/results_period_2/undiscounted_costs.csv
2026-09-26 22:56:12 | WARN | 1 | MacroEnergy | write_cost.jl:953 | Objective value validation failed. Validation difference: 2.0864522134708984e11
2026-09-26 22:56:12 | INFO | 1 | MacroEnergy | write_cost.jl:564 | Writing detailed discounted costs by type to /home/al3792/NZC_MGA/NZC_Workshop_Example_Systems_June_2026/NZC_Workshop_All Sector_12day_MultiPeriods_WIP/case/results_tdr12days_062026/results/MGAResults_max_01/MGA_0.1_1/results_period_2/costs_by_type.csv
2026-09-26 22:56:15 | WARN | 1 | MacroEnergy | write_cost.jl:953 | Objective value validation failed. Validation difference: 2.086452213470869e11
2026-09-26 22:56:15 | INFO | 1 | MacroEnergy | write_cost.jl:572 | Writing detailed discounted costs by zone to /home/al3792/NZC_MGA/NZC_Workshop_Example_Systems_June_2026/NZC_Workshop_All Sector_12day_MultiPeriods_WIP/case/results_tdr12days_062026/results/MGAResults_max_01/MGA_0.1_1/results_period_2/costs_by_zone.csv
2026-09-26 22:56:17 | WARN | 1 | MacroEnergy | write_cost.jl:953 | Objective value validation failed. Validation difference: 3.285974558940293e11
2026-09-26 22:56:17 | INFO | 1 | MacroEnergy | write_cost.jl:564 | Writing detailed undiscounted costs by type to /home/al3792/NZC_MGA/NZC_Workshop_Example_Systems_June_2026/NZC_Workshop_All Sector_12day_MultiPeriods_WIP/case/results_tdr12days_062026/results/MGAResults_max_01/MGA_0.1_1/results_period_2/undiscounted_costs_by_type.csv
2026-09-26 22:56:18 | WARN | 1 | MacroEnergy | write_cost.jl:953 | Objective value validation failed. Validation difference: 3.2859745589402344e11
2026-09-26 22:56:18 | INFO | 1 | MacroEnergy | write_cost.jl:572 | Writing detailed undiscounted costs by zone to /home/al3792/NZC_MGA/NZC_Workshop_Example_Systems_June_2026/NZC_Workshop_All Sector_12day_MultiPeriods_WIP/case/results_tdr12days_062026/results/MGAResults_max_01/MGA_0.1_1/results_period_2/undiscounted_costs_by_zone.csv
2026-09-26 22:56:18 | INFO | 1 | MacroEnergy | write_flow.jl:66 | Writing flow results to /home/al3792/NZC_MGA/NZC_Workshop_Example_Systems_June_2026/NZC_Workshop_All Sector_12day_MultiPeriods_WIP/case/results_tdr12days_062026/results/MGAResults_max_01/MGA_0.1_1/results_period_2/flows.csv
2026-09-26 22:56:28 | INFO | 1 | MacroEnergy | write_non_served_demand.jl:44 | Writing non-served demand results to /home/al3792/NZC_MGA/NZC_Workshop_Example_Systems_June_2026/NZC_Workshop_All Sector_12day_MultiPeriods_WIP/case/results_tdr12days_062026/results/MGAResults_max_01/MGA_0.1_1/results_period_2/non_served_demand.csv
2026-09-26 22:56:28 | INFO | 1 | MacroEnergy | write_storage_level.jl:58 | Writing storage level results to /home/al3792/NZC_MGA/NZC_Workshop_Example_Systems_June_2026/NZC_Workshop_All Sector_12day_MultiPeriods_WIP/case/results_tdr12days_062026/results/MGAResults_max_01/MGA_0.1_1/results_period_2/storage_level.csv
2026-09-26 22:56:28 | INFO | 1 | MacroEnergy | write_curtailment.jl:44 | Writing curtailment results to /home/al3792/NZC_MGA/NZC_Workshop_Example_Systems_June_2026/NZC_Workshop_All Sector_12day_MultiPeriods_WIP/case/results_tdr12days_062026/results/MGAResults_max_01/MGA_0.1_1/results_period_2/curtailment.csv
2026-09-26 22:56:28 | INFO | 1 | MacroEnergy | write_time_weights.jl:49 | Writing time weights to /home/al3792/NZC_MGA/NZC_Workshop_Example_Systems_June_2026/NZC_Workshop_All Sector_12day_MultiPeriods_WIP/case/results_tdr12days_062026/results/MGAResults_max_01/MGA_0.1_1/results_period_2/time_weights.csv
2026-09-26 22:56:28 | INFO | 1 | MacroEnergy | write_duals.jl:39 | Writing constraint dual values to /home/al3792/NZC_MGA/NZC_Workshop_Example_Systems_June_2026/NZC_Workshop_All Sector_12day_MultiPeriods_WIP/case/results_tdr12days_062026/results/MGAResults_max_01/MGA_0.1_1/results_period_2
2026-09-26 22:56:28 | INFO | 1 | MacroEnergy | write_duals.jl:83 | Writing balance constraint dual values to /home/al3792/NZC_MGA/NZC_Workshop_Example_Systems_June_2026/NZC_Workshop_All Sector_12day_MultiPeriods_WIP/case/results_tdr12days_062026/results/MGAResults_max_01/MGA_0.1_1/results_period_2
2026-09-26 22:56:28 | INFO | 1 | MacroEnergy | write_duals.jl:177 | Writing CO2 cap constraint dual values to /home/al3792/NZC_MGA/NZC_Workshop_Example_Systems_June_2026/NZC_Workshop_All Sector_12day_MultiPeriods_WIP/case/results_tdr12days_062026/results/MGAResults_max_01/MGA_0.1_1/results_period_2
2026-09-26 22:56:28 | INFO | 1 | MacroEnergy | write_outputs.jl:305 | Writing objective value to /home/al3792/NZC_MGA/NZC_Workshop_Example_Systems_June_2026/NZC_Workshop_All Sector_12day_MultiPeriods_WIP/case/results_tdr12days_062026/results/MGAResults_max_01/MGA_0.1_1/results_period_2/objective_value.csv
2026-09-26 22:56:28 | INFO | 1 | MacroEnergy | write_outputs.jl:13 | Writing results for period 3
2026-09-26 22:56:28 | INFO | 1 | MacroEnergy | write_capacity.jl:68 | Writing capacity results to /home/al3792/NZC_MGA/NZC_Workshop_Example_Systems_June_2026/NZC_Workshop_All Sector_12day_MultiPeriods_WIP/case/results_tdr12days_062026/results/MGAResults_max_01/MGA_0.1_1/results_period_3/capacity.csv
2026-09-26 22:56:46 | INFO | 1 | MacroEnergy | write_cost.jl:36 | Writing total discounted costs to /home/al3792/NZC_MGA/NZC_Workshop_Example_Systems_June_2026/NZC_Workshop_All Sector_12day_MultiPeriods_WIP/case/results_tdr12days_062026/results/MGAResults_max_01/MGA_0.1_1/results_period_3/costs.csv
2026-09-26 22:56:48 | INFO | 1 | MacroEnergy | write_cost.jl:79 | Writing total undiscounted costs to /home/al3792/NZC_MGA/NZC_Workshop_Example_Systems_June_2026/NZC_Workshop_All Sector_12day_MultiPeriods_WIP/case/results_tdr12days_062026/results/MGAResults_max_01/MGA_0.1_1/results_period_3/undiscounted_costs.csv
2026-09-26 22:56:56 | WARN | 1 | MacroEnergy | write_cost.jl:953 | Objective value validation failed. Validation difference: 1.0519328252819434e11
2026-09-26 22:56:56 | INFO | 1 | MacroEnergy | write_cost.jl:564 | Writing detailed discounted costs by type to /home/al3792/NZC_MGA/NZC_Workshop_Example_Systems_June_2026/NZC_Workshop_All Sector_12day_MultiPeriods_WIP/case/results_tdr12days_062026/results/MGAResults_max_01/MGA_0.1_1/results_period_3/costs_by_type.csv
2026-09-26 22:56:58 | WARN | 1 | MacroEnergy | write_cost.jl:953 | Objective value validation failed. Validation difference: 1.0519328252819678e11
2026-09-26 22:56:58 | INFO | 1 | MacroEnergy | write_cost.jl:572 | Writing detailed discounted costs by zone to /home/al3792/NZC_MGA/NZC_Workshop_Example_Systems_June_2026/NZC_Workshop_All Sector_12day_MultiPeriods_WIP/case/results_tdr12days_062026/results/MGAResults_max_01/MGA_0.1_1/results_period_3/costs_by_zone.csv
2026-09-26 22:57:00 | WARN | 1 | MacroEnergy | write_cost.jl:953 | Objective value validation failed. Validation difference: 2.5728037856394238e11
2026-09-26 22:57:00 | INFO | 1 | MacroEnergy | write_cost.jl:564 | Writing detailed undiscounted costs by type to /home/al3792/NZC_MGA/NZC_Workshop_Example_Systems_June_2026/NZC_Workshop_All Sector_12day_MultiPeriods_WIP/case/results_tdr12days_062026/results/MGAResults_max_01/MGA_0.1_1/results_period_3/undiscounted_costs_by_type.csv
2026-09-26 22:57:02 | WARN | 1 | MacroEnergy | write_cost.jl:953 | Objective value validation failed. Validation difference: 2.572803785639541e11
2026-09-26 22:57:02 | INFO | 1 | MacroEnergy | write_cost.jl:572 | Writing detailed undiscounted costs by zone to /home/al3792/NZC_MGA/NZC_Workshop_Example_Systems_June_2026/NZC_Workshop_All Sector_12day_MultiPeriods_WIP/case/results_tdr12days_062026/results/MGAResults_max_01/MGA_0.1_1/results_period_3/undiscounted_costs_by_zone.csv
2026-09-26 22:57:02 | INFO | 1 | MacroEnergy | write_flow.jl:66 | Writing flow results to /home/al3792/NZC_MGA/NZC_Workshop_Example_Systems_June_2026/NZC_Workshop_All Sector_12day_MultiPeriods_WIP/case/results_tdr12days_062026/results/MGAResults_max_01/MGA_0.1_1/results_period_3/flows.csv
2026-09-26 22:57:11 | INFO | 1 | MacroEnergy | write_non_served_demand.jl:44 | Writing non-served demand results to /home/al3792/NZC_MGA/NZC_Workshop_Example_Systems_June_2026/NZC_Workshop_All Sector_12day_MultiPeriods_WIP/case/results_tdr12days_062026/results/MGAResults_max_01/MGA_0.1_1/results_period_3/non_served_demand.csv
2026-09-26 22:57:11 | INFO | 1 | MacroEnergy | write_storage_level.jl:58 | Writing storage level results to /home/al3792/NZC_MGA/NZC_Workshop_Example_Systems_June_2026/NZC_Workshop_All Sector_12day_MultiPeriods_WIP/case/results_tdr12days_062026/results/MGAResults_max_01/MGA_0.1_1/results_period_3/storage_level.csv
2026-09-26 22:57:11 | INFO | 1 | MacroEnergy | write_curtailment.jl:44 | Writing curtailment results to /home/al3792/NZC_MGA/NZC_Workshop_Example_Systems_June_2026/NZC_Workshop_All Sector_12day_MultiPeriods_WIP/case/results_tdr12days_062026/results/MGAResults_max_01/MGA_0.1_1/results_period_3/curtailment.csv
2026-09-26 22:57:11 | INFO | 1 | MacroEnergy | write_time_weights.jl:49 | Writing time weights to /home/al3792/NZC_MGA/NZC_Workshop_Example_Systems_June_2026/NZC_Workshop_All Sector_12day_MultiPeriods_WIP/case/results_tdr12days_062026/results/MGAResults_max_01/MGA_0.1_1/results_period_3/time_weights.csv
2026-09-26 22:57:11 | INFO | 1 | MacroEnergy | write_duals.jl:39 | Writing constraint dual values to /home/al3792/NZC_MGA/NZC_Workshop_Example_Systems_June_2026/NZC_Workshop_All Sector_12day_MultiPeriods_WIP/case/results_tdr12days_062026/results/MGAResults_max_01/MGA_0.1_1/results_period_3
2026-09-26 22:57:11 | INFO | 1 | MacroEnergy | write_duals.jl:83 | Writing balance constraint dual values to /home/al3792/NZC_MGA/NZC_Workshop_Example_Systems_June_2026/NZC_Workshop_All Sector_12day_MultiPeriods_WIP/case/results_tdr12days_062026/results/MGAResults_max_01/MGA_0.1_1/results_period_3
2026-09-26 22:57:11 | INFO | 1 | MacroEnergy | write_duals.jl:177 | Writing CO2 cap constraint dual values to /home/al3792/NZC_MGA/NZC_Workshop_Example_Systems_June_2026/NZC_Workshop_All Sector_12day_MultiPeriods_WIP/case/results_tdr12days_062026/results/MGAResults_max_01/MGA_0.1_1/results_period_3
2026-09-26 22:57:11 | INFO | 1 | MacroEnergy | write_outputs.jl:305 | Writing objective value to /home/al3792/NZC_MGA/NZC_Workshop_Example_Systems_June_2026/NZC_Workshop_All Sector_12day_MultiPeriods_WIP/case/results_tdr12days_062026/results/MGAResults_max_01/MGA_0.1_1/results_period_3/objective_value.csv
2026-09-26 22:57:11 | INFO | 1 | MacroEnergy | write_outputs.jl:13 | Writing results for period 4
2026-09-26 22:57:11 | INFO | 1 | MacroEnergy | write_capacity.jl:68 | Writing capacity results to /home/al3792/NZC_MGA/NZC_Workshop_Example_Systems_June_2026/NZC_Workshop_All Sector_12day_MultiPeriods_WIP/case/results_tdr12days_062026/results/MGAResults_max_01/MGA_0.1_1/results_period_4/capacity.csv
2026-09-26 22:57:28 | INFO | 1 | MacroEnergy | write_cost.jl:36 | Writing total discounted costs to /home/al3792/NZC_MGA/NZC_Workshop_Example_Systems_June_2026/NZC_Workshop_All Sector_12day_MultiPeriods_WIP/case/results_tdr12days_062026/results/MGAResults_max_01/MGA_0.1_1/results_period_4/costs.csv
2026-09-26 22:57:30 | INFO | 1 | MacroEnergy | write_cost.jl:79 | Writing total undiscounted costs to /home/al3792/NZC_MGA/NZC_Workshop_Example_Systems_June_2026/NZC_Workshop_All Sector_12day_MultiPeriods_WIP/case/results_tdr12days_062026/results/MGAResults_max_01/MGA_0.1_1/results_period_4/undiscounted_costs.csv
2026-09-26 22:57:38 | WARN | 1 | MacroEnergy | write_cost.jl:953 | Objective value validation failed. Validation difference: 7.436430010314551e10
2026-09-26 22:57:38 | INFO | 1 | MacroEnergy | write_cost.jl:564 | Writing detailed discounted costs by type to /home/al3792/NZC_MGA/NZC_Workshop_Example_Systems_June_2026/NZC_Workshop_All Sector_12day_MultiPeriods_WIP/case/results_tdr12days_062026/results/MGAResults_max_01/MGA_0.1_1/results_period_4/costs_by_type.csv
2026-09-26 22:57:40 | WARN | 1 | MacroEnergy | write_cost.jl:953 | Objective value validation failed. Validation difference: 7.436430010314746e10
2026-09-26 22:57:40 | INFO | 1 | MacroEnergy | write_cost.jl:572 | Writing detailed discounted costs by zone to /home/al3792/NZC_MGA/NZC_Workshop_Example_Systems_June_2026/NZC_Workshop_All Sector_12day_MultiPeriods_WIP/case/results_tdr12days_062026/results/MGAResults_max_01/MGA_0.1_1/results_period_4/costs_by_zone.csv
2026-09-26 22:57:42 | WARN | 1 | MacroEnergy | write_cost.jl:953 | Objective value validation failed. Validation difference: 2.824529129740742e11
2026-09-26 22:57:42 | INFO | 1 | MacroEnergy | write_cost.jl:564 | Writing detailed undiscounted costs by type to /home/al3792/NZC_MGA/NZC_Workshop_Example_Systems_June_2026/NZC_Workshop_All Sector_12day_MultiPeriods_WIP/case/results_tdr12days_062026/results/MGAResults_max_01/MGA_0.1_1/results_period_4/undiscounted_costs_by_type.csv
2026-09-26 22:57:44 | WARN | 1 | MacroEnergy | write_cost.jl:953 | Objective value validation failed. Validation difference: 2.824529129740742e11
2026-09-26 22:57:44 | INFO | 1 | MacroEnergy | write_cost.jl:572 | Writing detailed undiscounted costs by zone to /home/al3792/NZC_MGA/NZC_Workshop_Example_Systems_June_2026/NZC_Workshop_All Sector_12day_MultiPeriods_WIP/case/results_tdr12days_062026/results/MGAResults_max_01/MGA_0.1_1/results_period_4/undiscounted_costs_by_zone.csv
2026-09-26 22:57:44 | INFO | 1 | MacroEnergy | write_flow.jl:66 | Writing flow results to /home/al3792/NZC_MGA/NZC_Workshop_Example_Systems_June_2026/NZC_Workshop_All Sector_12day_MultiPeriods_WIP/case/results_tdr12days_062026/results/MGAResults_max_01/MGA_0.1_1/results_period_4/flows.csv
2026-09-26 22:57:53 | INFO | 1 | MacroEnergy | write_non_served_demand.jl:44 | Writing non-served demand results to /home/al3792/NZC_MGA/NZC_Workshop_Example_Systems_June_2026/NZC_Workshop_All Sector_12day_MultiPeriods_WIP/case/results_tdr12days_062026/results/MGAResults_max_01/MGA_0.1_1/results_period_4/non_served_demand.csv
2026-09-26 22:57:53 | INFO | 1 | MacroEnergy | write_storage_level.jl:58 | Writing storage level results to /home/al3792/NZC_MGA/NZC_Workshop_Example_Systems_June_2026/NZC_Workshop_All Sector_12day_MultiPeriods_WIP/case/results_tdr12days_062026/results/MGAResults_max_01/MGA_0.1_1/results_period_4/storage_level.csv
2026-09-26 22:57:53 | INFO | 1 | MacroEnergy | write_curtailment.jl:44 | Writing curtailment results to /home/al3792/NZC_MGA/NZC_Workshop_Example_Systems_June_2026/NZC_Workshop_All Sector_12day_MultiPeriods_WIP/case/results_tdr12days_062026/results/MGAResults_max_01/MGA_0.1_1/results_period_4/curtailment.csv
2026-09-26 22:57:53 | INFO | 1 | MacroEnergy | write_time_weights.jl:49 | Writing time weights to /home/al3792/NZC_MGA/NZC_Workshop_Example_Systems_June_2026/NZC_Workshop_All Sector_12day_MultiPeriods_WIP/case/results_tdr12days_062026/results/MGAResults_max_01/MGA_0.1_1/results_period_4/time_weights.csv
2026-09-26 22:57:53 | INFO | 1 | MacroEnergy | write_duals.jl:39 | Writing constraint dual values to /home/al3792/NZC_MGA/NZC_Workshop_Example_Systems_June_2026/NZC_Workshop_All Sector_12day_MultiPeriods_WIP/case/results_tdr12days_062026/results/MGAResults_max_01/MGA_0.1_1/results_period_4
2026-09-26 22:57:53 | INFO | 1 | MacroEnergy | write_duals.jl:83 | Writing balance constraint dual values to /home/al3792/NZC_MGA/NZC_Workshop_Example_Systems_June_2026/NZC_Workshop_All Sector_12day_MultiPeriods_WIP/case/results_tdr12days_062026/results/MGAResults_max_01/MGA_0.1_1/results_period_4
2026-09-26 22:57:53 | INFO | 1 | MacroEnergy | write_duals.jl:177 | Writing CO2 cap constraint dual values to /home/al3792/NZC_MGA/NZC_Workshop_Example_Systems_June_2026/NZC_Workshop_All Sector_12day_MultiPeriods_WIP/case/results_tdr12days_062026/results/MGAResults_max_01/MGA_0.1_1/results_period_4
2026-09-26 22:57:53 | INFO | 1 | MacroEnergy | write_outputs.jl:305 | Writing objective value to /home/al3792/NZC_MGA/NZC_Workshop_Example_Systems_June_2026/NZC_Workshop_All Sector_12day_MultiPeriods_WIP/case/results_tdr12days_062026/results/MGAResults_max_01/MGA_0.1_1/results_period_4/objective_value.csv
2026-09-26 23:56:51 | INFO | 1 | MacroEnergy | write_outputs.jl:13 | Writing results for period 1
2026-09-26 23:56:51 | INFO | 1 | MacroEnergy | write_capacity.jl:68 | Writing capacity results to /home/al3792/NZC_MGA/NZC_Workshop_Example_Systems_June_2026/NZC_Workshop_All Sector_12day_MultiPeriods_WIP/case/results_tdr12days_062026/results/MGAResults_min_01/MGA_0.1_1/results_period_1/capacity.csv
2026-09-26 23:57:10 | INFO | 1 | MacroEnergy | write_cost.jl:36 | Writing total discounted costs to /home/al3792/NZC_MGA/NZC_Workshop_Example_Systems_June_2026/NZC_Workshop_All Sector_12day_MultiPeriods_WIP/case/results_tdr12days_062026/results/MGAResults_min_01/MGA_0.1_1/results_period_1/costs.csv
2026-09-26 23:57:11 | INFO | 1 | MacroEnergy | write_cost.jl:79 | Writing total undiscounted costs to /home/al3792/NZC_MGA/NZC_Workshop_Example_Systems_June_2026/NZC_Workshop_All Sector_12day_MultiPeriods_WIP/case/results_tdr12days_062026/results/MGAResults_min_01/MGA_0.1_1/results_period_1/undiscounted_costs.csv
2026-09-26 23:57:20 | WARN | 1 | MacroEnergy | write_cost.jl:953 | Objective value validation failed. Validation difference: 2.1268707436945977e12
2026-09-26 23:57:20 | INFO | 1 | MacroEnergy | write_cost.jl:564 | Writing detailed discounted costs by type to /home/al3792/NZC_MGA/NZC_Workshop_Example_Systems_June_2026/NZC_Workshop_All Sector_12day_MultiPeriods_WIP/case/results_tdr12days_062026/results/MGAResults_min_01/MGA_0.1_1/results_period_1/costs_by_type.csv
2026-09-26 23:57:21 | WARN | 1 | MacroEnergy | write_cost.jl:953 | Objective value validation failed. Validation difference: 2.1268707436945947e12
2026-09-26 23:57:21 | INFO | 1 | MacroEnergy | write_cost.jl:572 | Writing detailed discounted costs by zone to /home/al3792/NZC_MGA/NZC_Workshop_Example_Systems_June_2026/NZC_Workshop_All Sector_12day_MultiPeriods_WIP/case/results_tdr12days_062026/results/MGAResults_min_01/MGA_0.1_1/results_period_1/costs_by_zone.csv
2026-09-26 23:57:23 | WARN | 1 | MacroEnergy | write_cost.jl:953 | Objective value validation failed. Validation difference: 2.4224168686024365e12
2026-09-26 23:57:23 | INFO | 1 | MacroEnergy | write_cost.jl:564 | Writing detailed undiscounted costs by type to /home/al3792/NZC_MGA/NZC_Workshop_Example_Systems_June_2026/NZC_Workshop_All Sector_12day_MultiPeriods_WIP/case/results_tdr12days_062026/results/MGAResults_min_01/MGA_0.1_1/results_period_1/undiscounted_costs_by_type.csv
2026-09-26 23:57:26 | WARN | 1 | MacroEnergy | write_cost.jl:953 | Objective value validation failed. Validation difference: 2.4224168686024336e12
2026-09-26 23:57:26 | INFO | 1 | MacroEnergy | write_cost.jl:572 | Writing detailed undiscounted costs by zone to /home/al3792/NZC_MGA/NZC_Workshop_Example_Systems_June_2026/NZC_Workshop_All Sector_12day_MultiPeriods_WIP/case/results_tdr12days_062026/results/MGAResults_min_01/MGA_0.1_1/results_period_1/undiscounted_costs_by_zone.csv
2026-09-26 23:57:26 | INFO | 1 | MacroEnergy | write_flow.jl:66 | Writing flow results to /home/al3792/NZC_MGA/NZC_Workshop_Example_Systems_June_2026/NZC_Workshop_All Sector_12day_MultiPeriods_WIP/case/results_tdr12days_062026/results/MGAResults_min_01/MGA_0.1_1/results_period_1/flows.csv
2026-09-26 23:57:34 | INFO | 1 | MacroEnergy | write_non_served_demand.jl:44 | Writing non-served demand results to /home/al3792/NZC_MGA/NZC_Workshop_Example_Systems_June_2026/NZC_Workshop_All Sector_12day_MultiPeriods_WIP/case/results_tdr12days_062026/results/MGAResults_min_01/MGA_0.1_1/results_period_1/non_served_demand.csv
2026-09-26 23:57:35 | INFO | 1 | MacroEnergy | write_storage_level.jl:58 | Writing storage level results to /home/al3792/NZC_MGA/NZC_Workshop_Example_Systems_June_2026/NZC_Workshop_All Sector_12day_MultiPeriods_WIP/case/results_tdr12days_062026/results/MGAResults_min_01/MGA_0.1_1/results_period_1/storage_level.csv
2026-09-26 23:57:35 | INFO | 1 | MacroEnergy | write_curtailment.jl:44 | Writing curtailment results to /home/al3792/NZC_MGA/NZC_Workshop_Example_Systems_June_2026/NZC_Workshop_All Sector_12day_MultiPeriods_WIP/case/results_tdr12days_062026/results/MGAResults_min_01/MGA_0.1_1/results_period_1/curtailment.csv
2026-09-26 23:57:35 | INFO | 1 | MacroEnergy | write_time_weights.jl:49 | Writing time weights to /home/al3792/NZC_MGA/NZC_Workshop_Example_Systems_June_2026/NZC_Workshop_All Sector_12day_MultiPeriods_WIP/case/results_tdr12days_062026/results/MGAResults_min_01/MGA_0.1_1/results_period_1/time_weights.csv
2026-09-26 23:57:35 | INFO | 1 | MacroEnergy | write_duals.jl:39 | Writing constraint dual values to /home/al3792/NZC_MGA/NZC_Workshop_Example_Systems_June_2026/NZC_Workshop_All Sector_12day_MultiPeriods_WIP/case/results_tdr12days_062026/results/MGAResults_min_01/MGA_0.1_1/results_period_1
2026-09-26 23:57:35 | INFO | 1 | MacroEnergy | write_duals.jl:83 | Writing balance constraint dual values to /home/al3792/NZC_MGA/NZC_Workshop_Example_Systems_June_2026/NZC_Workshop_All Sector_12day_MultiPeriods_WIP/case/results_tdr12days_062026/results/MGAResults_min_01/MGA_0.1_1/results_period_1
2026-09-26 23:57:35 | INFO | 1 | MacroEnergy | write_duals.jl:177 | Writing CO2 cap constraint dual values to /home/al3792/NZC_MGA/NZC_Workshop_Example_Systems_June_2026/NZC_Workshop_All Sector_12day_MultiPeriods_WIP/case/results_tdr12days_062026/results/MGAResults_min_01/MGA_0.1_1/results_period_1
2026-09-26 23:57:35 | INFO | 1 | MacroEnergy | write_duals.jl:224 | No CO2 cap constraints found to export
2026-09-26 23:57:35 | INFO | 1 | MacroEnergy | write_outputs.jl:305 | Writing objective value to /home/al3792/NZC_MGA/NZC_Workshop_Example_Systems_June_2026/NZC_Workshop_All Sector_12day_MultiPeriods_WIP/case/results_tdr12days_062026/results/MGAResults_min_01/MGA_0.1_1/results_period_1/objective_value.csv
2026-09-26 23:57:35 | INFO | 1 | MacroEnergy | write_outputs.jl:13 | Writing results for period 2
2026-09-26 23:57:35 | INFO | 1 | MacroEnergy | write_capacity.jl:68 | Writing capacity results to /home/al3792/NZC_MGA/NZC_Workshop_Example_Systems_June_2026/NZC_Workshop_All Sector_12day_MultiPeriods_WIP/case/results_tdr12days_062026/results/MGAResults_min_01/MGA_0.1_1/results_period_2/capacity.csv
2026-09-26 23:57:52 | INFO | 1 | MacroEnergy | write_cost.jl:36 | Writing total discounted costs to /home/al3792/NZC_MGA/NZC_Workshop_Example_Systems_June_2026/NZC_Workshop_All Sector_12day_MultiPeriods_WIP/case/results_tdr12days_062026/results/MGAResults_min_01/MGA_0.1_1/results_period_2/costs.csv
2026-09-26 23:57:54 | INFO | 1 | MacroEnergy | write_cost.jl:79 | Writing total undiscounted costs to /home/al3792/NZC_MGA/NZC_Workshop_Example_Systems_June_2026/NZC_Workshop_All Sector_12day_MultiPeriods_WIP/case/results_tdr12days_062026/results/MGAResults_min_01/MGA_0.1_1/results_period_2/undiscounted_costs.csv
2026-09-26 23:58:02 | WARN | 1 | MacroEnergy | write_cost.jl:953 | Objective value validation failed. Validation difference: 2.2960903099973164e12
2026-09-26 23:58:02 | INFO | 1 | MacroEnergy | write_cost.jl:564 | Writing detailed discounted costs by type to /home/al3792/NZC_MGA/NZC_Workshop_Example_Systems_June_2026/NZC_Workshop_All Sector_12day_MultiPeriods_WIP/case/results_tdr12days_062026/results/MGAResults_min_01/MGA_0.1_1/results_period_2/costs_by_type.csv
2026-09-26 23:58:05 | WARN | 1 | MacroEnergy | write_cost.jl:953 | Objective value validation failed. Validation difference: 2.2960903099973105e12
2026-09-26 23:58:05 | INFO | 1 | MacroEnergy | write_cost.jl:572 | Writing detailed discounted costs by zone to /home/al3792/NZC_MGA/NZC_Workshop_Example_Systems_June_2026/NZC_Workshop_All Sector_12day_MultiPeriods_WIP/case/results_tdr12days_062026/results/MGAResults_min_01/MGA_0.1_1/results_period_2/costs_by_zone.csv
2026-09-26 23:58:06 | WARN | 1 | MacroEnergy | write_cost.jl:953 | Objective value validation failed. Validation difference: 3.616135703930824e12
2026-09-26 23:58:06 | INFO | 1 | MacroEnergy | write_cost.jl:564 | Writing detailed undiscounted costs by type to /home/al3792/NZC_MGA/NZC_Workshop_Example_Systems_June_2026/NZC_Workshop_All Sector_12day_MultiPeriods_WIP/case/results_tdr12days_062026/results/MGAResults_min_01/MGA_0.1_1/results_period_2/undiscounted_costs_by_type.csv
2026-09-26 23:58:08 | WARN | 1 | MacroEnergy | write_cost.jl:953 | Objective value validation failed. Validation difference: 3.6161357039308438e12
2026-09-26 23:58:08 | INFO | 1 | MacroEnergy | write_cost.jl:572 | Writing detailed undiscounted costs by zone to /home/al3792/NZC_MGA/NZC_Workshop_Example_Systems_June_2026/NZC_Workshop_All Sector_12day_MultiPeriods_WIP/case/results_tdr12days_062026/results/MGAResults_min_01/MGA_0.1_1/results_period_2/undiscounted_costs_by_zone.csv
2026-09-26 23:58:08 | INFO | 1 | MacroEnergy | write_flow.jl:66 | Writing flow results to /home/al3792/NZC_MGA/NZC_Workshop_Example_Systems_June_2026/NZC_Workshop_All Sector_12day_MultiPeriods_WIP/case/results_tdr12days_062026/results/MGAResults_min_01/MGA_0.1_1/results_period_2/flows.csv
2026-09-26 23:58:17 | INFO | 1 | MacroEnergy | write_non_served_demand.jl:44 | Writing non-served demand results to /home/al3792/NZC_MGA/NZC_Workshop_Example_Systems_June_2026/NZC_Workshop_All Sector_12day_MultiPeriods_WIP/case/results_tdr12days_062026/results/MGAResults_min_01/MGA_0.1_1/results_period_2/non_served_demand.csv
2026-09-26 23:58:17 | INFO | 1 | MacroEnergy | write_storage_level.jl:58 | Writing storage level results to /home/al3792/NZC_MGA/NZC_Workshop_Example_Systems_June_2026/NZC_Workshop_All Sector_12day_MultiPeriods_WIP/case/results_tdr12days_062026/results/MGAResults_min_01/MGA_0.1_1/results_period_2/storage_level.csv
2026-09-26 23:58:17 | INFO | 1 | MacroEnergy | write_curtailment.jl:44 | Writing curtailment results to /home/al3792/NZC_MGA/NZC_Workshop_Example_Systems_June_2026/NZC_Workshop_All Sector_12day_MultiPeriods_WIP/case/results_tdr12days_062026/results/MGAResults_min_01/MGA_0.1_1/results_period_2/curtailment.csv
2026-09-26 23:58:17 | INFO | 1 | MacroEnergy | write_time_weights.jl:49 | Writing time weights to /home/al3792/NZC_MGA/NZC_Workshop_Example_Systems_June_2026/NZC_Workshop_All Sector_12day_MultiPeriods_WIP/case/results_tdr12days_062026/results/MGAResults_min_01/MGA_0.1_1/results_period_2/time_weights.csv
2026-09-26 23:58:17 | INFO | 1 | MacroEnergy | write_duals.jl:39 | Writing constraint dual values to /home/al3792/NZC_MGA/NZC_Workshop_Example_Systems_June_2026/NZC_Workshop_All Sector_12day_MultiPeriods_WIP/case/results_tdr12days_062026/results/MGAResults_min_01/MGA_0.1_1/results_period_2
2026-09-26 23:58:17 | INFO | 1 | MacroEnergy | write_duals.jl:83 | Writing balance constraint dual values to /home/al3792/NZC_MGA/NZC_Workshop_Example_Systems_June_2026/NZC_Workshop_All Sector_12day_MultiPeriods_WIP/case/results_tdr12days_062026/results/MGAResults_min_01/MGA_0.1_1/results_period_2
2026-09-26 23:58:17 | INFO | 1 | MacroEnergy | write_duals.jl:177 | Writing CO2 cap constraint dual values to /home/al3792/NZC_MGA/NZC_Workshop_Example_Systems_June_2026/NZC_Workshop_All Sector_12day_MultiPeriods_WIP/case/results_tdr12days_062026/results/MGAResults_min_01/MGA_0.1_1/results_period_2
2026-09-26 23:58:17 | INFO | 1 | MacroEnergy | write_outputs.jl:305 | Writing objective value to /home/al3792/NZC_MGA/NZC_Workshop_Example_Systems_June_2026/NZC_Workshop_All Sector_12day_MultiPeriods_WIP/case/results_tdr12days_062026/results/MGAResults_min_01/MGA_0.1_1/results_period_2/objective_value.csv
2026-09-26 23:58:17 | INFO | 1 | MacroEnergy | write_outputs.jl:13 | Writing results for period 3
2026-09-26 23:58:17 | INFO | 1 | MacroEnergy | write_capacity.jl:68 | Writing capacity results to /home/al3792/NZC_MGA/NZC_Workshop_Example_Systems_June_2026/NZC_Workshop_All Sector_12day_MultiPeriods_WIP/case/results_tdr12days_062026/results/MGAResults_min_01/MGA_0.1_1/results_period_3/capacity.csv
2026-09-26 23:58:35 | INFO | 1 | MacroEnergy | write_cost.jl:36 | Writing total discounted costs to /home/al3792/NZC_MGA/NZC_Workshop_Example_Systems_June_2026/NZC_Workshop_All Sector_12day_MultiPeriods_WIP/case/results_tdr12days_062026/results/MGAResults_min_01/MGA_0.1_1/results_period_3/costs.csv
2026-09-26 23:58:37 | INFO | 1 | MacroEnergy | write_cost.jl:79 | Writing total undiscounted costs to /home/al3792/NZC_MGA/NZC_Workshop_Example_Systems_June_2026/NZC_Workshop_All Sector_12day_MultiPeriods_WIP/case/results_tdr12days_062026/results/MGAResults_min_01/MGA_0.1_1/results_period_3/undiscounted_costs.csv
2026-09-26 23:58:46 | WARN | 1 | MacroEnergy | write_cost.jl:953 | Objective value validation failed. Validation difference: 2.118465810515167e12
2026-09-26 23:58:46 | INFO | 1 | MacroEnergy | write_cost.jl:564 | Writing detailed discounted costs by type to /home/al3792/NZC_MGA/NZC_Workshop_Example_Systems_June_2026/NZC_Workshop_All Sector_12day_MultiPeriods_WIP/case/results_tdr12days_062026/results/MGAResults_min_01/MGA_0.1_1/results_period_3/costs_by_type.csv
2026-09-26 23:58:47 | WARN | 1 | MacroEnergy | write_cost.jl:953 | Objective value validation failed. Validation difference: 2.118465810515168e12
2026-09-26 23:58:47 | INFO | 1 | MacroEnergy | write_cost.jl:572 | Writing detailed discounted costs by zone to /home/al3792/NZC_MGA/NZC_Workshop_Example_Systems_June_2026/NZC_Workshop_All Sector_12day_MultiPeriods_WIP/case/results_tdr12days_062026/results/MGAResults_min_01/MGA_0.1_1/results_period_3/costs_by_zone.csv
2026-09-26 23:58:49 | WARN | 1 | MacroEnergy | write_cost.jl:953 | Objective value validation failed. Validation difference: 5.181316454866819e12
2026-09-26 23:58:49 | INFO | 1 | MacroEnergy | write_cost.jl:564 | Writing detailed undiscounted costs by type to /home/al3792/NZC_MGA/NZC_Workshop_Example_Systems_June_2026/NZC_Workshop_All Sector_12day_MultiPeriods_WIP/case/results_tdr12days_062026/results/MGAResults_min_01/MGA_0.1_1/results_period_3/undiscounted_costs_by_type.csv
2026-09-26 23:58:51 | WARN | 1 | MacroEnergy | write_cost.jl:953 | Objective value validation failed. Validation difference: 5.181316454866796e12
2026-09-26 23:58:51 | INFO | 1 | MacroEnergy | write_cost.jl:572 | Writing detailed undiscounted costs by zone to /home/al3792/NZC_MGA/NZC_Workshop_Example_Systems_June_2026/NZC_Workshop_All Sector_12day_MultiPeriods_WIP/case/results_tdr12days_062026/results/MGAResults_min_01/MGA_0.1_1/results_period_3/undiscounted_costs_by_zone.csv
2026-09-26 23:58:51 | INFO | 1 | MacroEnergy | write_flow.jl:66 | Writing flow results to /home/al3792/NZC_MGA/NZC_Workshop_Example_Systems_June_2026/NZC_Workshop_All Sector_12day_MultiPeriods_WIP/case/results_tdr12days_062026/results/MGAResults_min_01/MGA_0.1_1/results_period_3/flows.csv
2026-09-26 23:59:00 | INFO | 1 | MacroEnergy | write_non_served_demand.jl:44 | Writing non-served demand results to /home/al3792/NZC_MGA/NZC_Workshop_Example_Systems_June_2026/NZC_Workshop_All Sector_12day_MultiPeriods_WIP/case/results_tdr12days_062026/results/MGAResults_min_01/MGA_0.1_1/results_period_3/non_served_demand.csv
2026-09-26 23:59:00 | INFO | 1 | MacroEnergy | write_storage_level.jl:58 | Writing storage level results to /home/al3792/NZC_MGA/NZC_Workshop_Example_Systems_June_2026/NZC_Workshop_All Sector_12day_MultiPeriods_WIP/case/results_tdr12days_062026/results/MGAResults_min_01/MGA_0.1_1/results_period_3/storage_level.csv
2026-09-26 23:59:00 | INFO | 1 | MacroEnergy | write_curtailment.jl:44 | Writing curtailment results to /home/al3792/NZC_MGA/NZC_Workshop_Example_Systems_June_2026/NZC_Workshop_All Sector_12day_MultiPeriods_WIP/case/results_tdr12days_062026/results/MGAResults_min_01/MGA_0.1_1/results_period_3/curtailment.csv
2026-09-26 23:59:00 | INFO | 1 | MacroEnergy | write_time_weights.jl:49 | Writing time weights to /home/al3792/NZC_MGA/NZC_Workshop_Example_Systems_June_2026/NZC_Workshop_All Sector_12day_MultiPeriods_WIP/case/results_tdr12days_062026/results/MGAResults_min_01/MGA_0.1_1/results_period_3/time_weights.csv
2026-09-26 23:59:00 | INFO | 1 | MacroEnergy | write_duals.jl:39 | Writing constraint dual values to /home/al3792/NZC_MGA/NZC_Workshop_Example_Systems_June_2026/NZC_Workshop_All Sector_12day_MultiPeriods_WIP/case/results_tdr12days_062026/results/MGAResults_min_01/MGA_0.1_1/results_period_3
2026-09-26 23:59:00 | INFO | 1 | MacroEnergy | write_duals.jl:83 | Writing balance constraint dual values to /home/al3792/NZC_MGA/NZC_Workshop_Example_Systems_June_2026/NZC_Workshop_All Sector_12day_MultiPeriods_WIP/case/results_tdr12days_062026/results/MGAResults_min_01/MGA_0.1_1/results_period_3
2026-09-26 23:59:00 | INFO | 1 | MacroEnergy | write_duals.jl:177 | Writing CO2 cap constraint dual values to /home/al3792/NZC_MGA/NZC_Workshop_Example_Systems_June_2026/NZC_Workshop_All Sector_12day_MultiPeriods_WIP/case/results_tdr12days_062026/results/MGAResults_min_01/MGA_0.1_1/results_period_3
2026-09-26 23:59:00 | INFO | 1 | MacroEnergy | write_outputs.jl:305 | Writing objective value to /home/al3792/NZC_MGA/NZC_Workshop_Example_Systems_June_2026/NZC_Workshop_All Sector_12day_MultiPeriods_WIP/case/results_tdr12days_062026/results/MGAResults_min_01/MGA_0.1_1/results_period_3/objective_value.csv
2026-09-26 23:59:00 | INFO | 1 | MacroEnergy | write_outputs.jl:13 | Writing results for period 4
2026-09-26 23:59:00 | INFO | 1 | MacroEnergy | write_capacity.jl:68 | Writing capacity results to /home/al3792/NZC_MGA/NZC_Workshop_Example_Systems_June_2026/NZC_Workshop_All Sector_12day_MultiPeriods_WIP/case/results_tdr12days_062026/results/MGAResults_min_01/MGA_0.1_1/results_period_4/capacity.csv
2026-09-26 23:59:17 | INFO | 1 | MacroEnergy | write_cost.jl:36 | Writing total discounted costs to /home/al3792/NZC_MGA/NZC_Workshop_Example_Systems_June_2026/NZC_Workshop_All Sector_12day_MultiPeriods_WIP/case/results_tdr12days_062026/results/MGAResults_min_01/MGA_0.1_1/results_period_4/costs.csv
2026-09-26 23:59:19 | INFO | 1 | MacroEnergy | write_cost.jl:79 | Writing total undiscounted costs to /home/al3792/NZC_MGA/NZC_Workshop_Example_Systems_June_2026/NZC_Workshop_All Sector_12day_MultiPeriods_WIP/case/results_tdr12days_062026/results/MGAResults_min_01/MGA_0.1_1/results_period_4/undiscounted_costs.csv
2026-09-26 23:59:28 | WARN | 1 | MacroEnergy | write_cost.jl:953 | Objective value validation failed. Validation difference: 2.0038446974068992e12
2026-09-26 23:59:28 | INFO | 1 | MacroEnergy | write_cost.jl:564 | Writing detailed discounted costs by type to /home/al3792/NZC_MGA/NZC_Workshop_Example_Systems_June_2026/NZC_Workshop_All Sector_12day_MultiPeriods_WIP/case/results_tdr12days_062026/results/MGAResults_min_01/MGA_0.1_1/results_period_4/costs_by_type.csv
2026-09-26 23:59:29 | WARN | 1 | MacroEnergy | write_cost.jl:953 | Objective value validation failed. Validation difference: 2.0038446974068992e12
2026-09-26 23:59:29 | INFO | 1 | MacroEnergy | write_cost.jl:572 | Writing detailed discounted costs by zone to /home/al3792/NZC_MGA/NZC_Workshop_Example_Systems_June_2026/NZC_Workshop_All Sector_12day_MultiPeriods_WIP/case/results_tdr12days_062026/results/MGAResults_min_01/MGA_0.1_1/results_period_4/costs_by_zone.csv
2026-09-26 23:59:32 | WARN | 1 | MacroEnergy | write_cost.jl:953 | Objective value validation failed. Validation difference: 7.611068364039394e12
2026-09-26 23:59:32 | INFO | 1 | MacroEnergy | write_cost.jl:564 | Writing detailed undiscounted costs by type to /home/al3792/NZC_MGA/NZC_Workshop_Example_Systems_June_2026/NZC_Workshop_All Sector_12day_MultiPeriods_WIP/case/results_tdr12days_062026/results/MGAResults_min_01/MGA_0.1_1/results_period_4/undiscounted_costs_by_type.csv
2026-09-26 23:59:33 | WARN | 1 | MacroEnergy | write_cost.jl:953 | Objective value validation failed. Validation difference: 7.611068364039366e12
2026-09-26 23:59:33 | INFO | 1 | MacroEnergy | write_cost.jl:572 | Writing detailed undiscounted costs by zone to /home/al3792/NZC_MGA/NZC_Workshop_Example_Systems_June_2026/NZC_Workshop_All Sector_12day_MultiPeriods_WIP/case/results_tdr12days_062026/results/MGAResults_min_01/MGA_0.1_1/results_period_4/undiscounted_costs_by_zone.csv
2026-09-26 23:59:33 | INFO | 1 | MacroEnergy | write_flow.jl:66 | Writing flow results to /home/al3792/NZC_MGA/NZC_Workshop_Example_Systems_June_2026/NZC_Workshop_All Sector_12day_MultiPeriods_WIP/case/results_tdr12days_062026/results/MGAResults_min_01/MGA_0.1_1/results_period_4/flows.csv
2026-09-26 23:59:42 | INFO | 1 | MacroEnergy | write_non_served_demand.jl:44 | Writing non-served demand results to /home/al3792/NZC_MGA/NZC_Workshop_Example_Systems_June_2026/NZC_Workshop_All Sector_12day_MultiPeriods_WIP/case/results_tdr12days_062026/results/MGAResults_min_01/MGA_0.1_1/results_period_4/non_served_demand.csv
2026-09-26 23:59:42 | INFO | 1 | MacroEnergy | write_storage_level.jl:58 | Writing storage level results to /home/al3792/NZC_MGA/NZC_Workshop_Example_Systems_June_2026/NZC_Workshop_All Sector_12day_MultiPeriods_WIP/case/results_tdr12days_062026/results/MGAResults_min_01/MGA_0.1_1/results_period_4/storage_level.csv
2026-09-26 23:59:42 | INFO | 1 | MacroEnergy | write_curtailment.jl:44 | Writing curtailment results to /home/al3792/NZC_MGA/NZC_Workshop_Example_Systems_June_2026/NZC_Workshop_All Sector_12day_MultiPeriods_WIP/case/results_tdr12days_062026/results/MGAResults_min_01/MGA_0.1_1/results_period_4/curtailment.csv
2026-09-26 23:59:43 | INFO | 1 | MacroEnergy | write_time_weights.jl:49 | Writing time weights to /home/al3792/NZC_MGA/NZC_Workshop_Example_Systems_June_2026/NZC_Workshop_All Sector_12day_MultiPeriods_WIP/case/results_tdr12days_062026/results/MGAResults_min_01/MGA_0.1_1/results_period_4/time_weights.csv
2026-09-26 23:59:43 | INFO | 1 | MacroEnergy | write_duals.jl:39 | Writing constraint dual values to /home/al3792/NZC_MGA/NZC_Workshop_Example_Systems_June_2026/NZC_Workshop_All Sector_12day_MultiPeriods_WIP/case/results_tdr12days_062026/results/MGAResults_min_01/MGA_0.1_1/results_period_4
2026-09-26 23:59:43 | INFO | 1 | MacroEnergy | write_duals.jl:83 | Writing balance constraint dual values to /home/al3792/NZC_MGA/NZC_Workshop_Example_Systems_June_2026/NZC_Workshop_All Sector_12day_MultiPeriods_WIP/case/results_tdr12days_062026/results/MGAResults_min_01/MGA_0.1_1/results_period_4
2026-09-26 23:59:43 | INFO | 1 | MacroEnergy | write_duals.jl:177 | Writing CO2 cap constraint dual values to /home/al3792/NZC_MGA/NZC_Workshop_Example_Systems_June_2026/NZC_Workshop_All Sector_12day_MultiPeriods_WIP/case/results_tdr12days_062026/results/MGAResults_min_01/MGA_0.1_1/results_period_4
2026-09-26 23:59:43 | INFO | 1 | MacroEnergy | write_outputs.jl:305 | Writing objective value to /home/al3792/NZC_MGA/NZC_Workshop_Example_Systems_June_2026/NZC_Workshop_All Sector_12day_MultiPeriods_WIP/case/results_tdr12days_062026/results/MGAResults_min_01/MGA_0.1_1/results_period_4/objective_value.csv
2026-09-26 23:59:50 | INFO | 1 | MacroEnergy | run_tools.jl:213 | MGA finished in 7202.12 seconds
