
Gurobi 13.0.2 (mac64[arm]) logging started Thu Sep 17 20:12:53 2026

Set parameter LogFile to value "/Users/al3792/Documents_Local/NZC_June_2026/NZC_Workshop_Example_Systems_June_2026/NZC_Workshop_All Sector_12day_MultiPeriods_WIP/case/mga_gurobi.log"

Gurobi 13.0.2 (mac64[arm]) logging started Thu Sep 17 20:17:34 2026

Set parameter LogFile to value "/Users/al3792/Documents_Local/NZC_June_2026/NZC_Workshop_Example_Systems_June_2026/NZC_Workshop_All Sector_12day_MultiPeriods_WIP/case/mga_gurobi.log"
Gurobi Optimizer version 13.0.2 build v13.0.2rc1 (mac64[arm] - Darwin 25.6.0 25G83)

CPU model: Apple M4 Pro
Thread count: 14 physical cores, 14 logical processors, using up to 14 threads

Non-default parameters:
Method  2
BarConvTol  0.001
Crossover  0

Optimize a model with 21242202 rows, 16507597 columns and 73682284 nonzeros (Max)
Model fingerprint: 0x78949e2e
Model has 32 linear objective coefficients
Coefficient statistics:
  Matrix range     [1e-03, 1e+06]
  Objective range  [2e-02, 1e+00]
  Bounds range     [1e+00, 1e+00]
  RHS range        [1e-03, 3e+08]

Presolve removed 10156167 rows and 3002468 columns (presolve time = 5s)...
Presolve removed 10664450 rows and 5890000 columns (presolve time = 10s)...
Presolve removed 15779525 rows and 10534358 columns (presolve time = 17s)...
Presolve removed 15876290 rows and 10631092 columns (presolve time = 20s)...
Presolve removed 16024465 rows and 10677518 columns (presolve time = 26s)...
Presolve removed 16060230 rows and 10792363 columns (presolve time = 30s)...
Presolve removed 16060230 rows and 10792363 columns
Presolve time: 30.85s
Presolved: 5181972 rows, 5715234 columns, 33162246 nonzeros
Elapsed ordering time = 5s
Elapsed ordering time = 10s
Elapsed ordering time = 15s
Elapsed ordering time = 20s
Elapsed ordering time = 30s
Ordering time: 80.74s
Elapsed ordering time = 152s
Elapsed ordering time = 205s
Elapsed ordering time = 210s
Elapsed ordering time = 215s
Elapsed ordering time = 220s
Elapsed ordering time = 225s
Elapsed ordering time = 230s
Elapsed ordering time = 245s
Elapsed ordering time = 250s
Elapsed ordering time = 255s
Elapsed ordering time = 260s
Elapsed ordering time = 265s
Elapsed ordering time = 270s
Elapsed ordering time = 275s
Elapsed ordering time = 280s
Elapsed ordering time = 285s
Elapsed ordering time = 290s
Elapsed ordering time = 295s
Elapsed ordering time = 300s
Elapsed ordering time = 305s
Elapsed ordering time = 310s
Elapsed ordering time = 315s
Elapsed ordering time = 320s
Elapsed ordering time = 325s
Elapsed ordering time = 330s
Elapsed ordering time = 335s
Elapsed ordering time = 340s
Elapsed ordering time = 345s
Elapsed ordering time = 350s
Elapsed ordering time = 355s
Elapsed ordering time = 360s
Elapsed ordering time = 365s
Elapsed ordering time = 370s
Elapsed ordering time = 375s
Elapsed ordering time = 380s
Elapsed ordering time = 385s
Elapsed ordering time = 390s
Elapsed ordering time = 395s
Elapsed ordering time = 400s
Elapsed ordering time = 405s
Elapsed ordering time = 410s
Elapsed ordering time = 415s
Elapsed ordering time = 420s
Elapsed ordering time = 425s
Elapsed ordering time = 430s
Elapsed ordering time = 435s
Elapsed ordering time = 440s
Elapsed ordering time = 445s
Elapsed ordering time = 450s
Elapsed ordering time = 455s
Elapsed ordering time = 460s
Elapsed ordering time = 465s
Elapsed ordering time = 470s
Elapsed ordering time = 475s
Elapsed ordering time = 480s
Elapsed ordering time = 485s
Elapsed ordering time = 490s
Elapsed ordering time = 495s
Elapsed ordering time = 500s
Elapsed ordering time = 505s
Elapsed ordering time = 510s
Elapsed ordering time = 515s
Elapsed ordering time = 520s
Elapsed ordering time = 525s
Elapsed ordering time = 530s
Ordering time: 568.20s
Elapsed ordering time = 573s
Elapsed ordering time = 575s
Elapsed ordering time = 580s
Elapsed ordering time = 585s
Elapsed ordering time = 590s
Elapsed ordering time = 599s
Elapsed ordering time = 602s
Elapsed ordering time = 606s
Elapsed ordering time = 610s
Elapsed ordering time = 615s
Elapsed ordering time = 620s
Elapsed ordering time = 625s
Elapsed ordering time = 630s
Elapsed ordering time = 635s
Elapsed ordering time = 640s
Elapsed ordering time = 645s
Ordering time: 649.99s

Barrier statistics:
 Dense cols : 4260
 Free vars  : 672
 AA' NZ     : 1.341e+08
 Factor NZ  : 7.517e+08 (roughly 10.0 GB of memory)
 Factor Ops : 2.007e+12 (roughly 3 seconds per iteration)
 Threads    : 14

                  Objective                Residual
Iter       Primal          Dual         Primal    Dual     Compl     Time
   0   5.78462595e+05  8.72988503e+05  1.93e+09 2.33e-01  3.25e+04   810s
   1   5.73161217e+05  1.16887189e+06  1.83e+09 1.59e+00  3.04e+04   814s
   2   5.71747135e+05  1.52040869e+06  1.69e+09 1.46e+00  2.80e+04   823s
   3   5.72896954e+05  1.90947676e+06  1.58e+09 1.35e+00  2.60e+04   832s
   4   5.70512083e+05  2.88504562e+06  1.46e+09 1.02e+00  2.12e+04   842s
   5   5.67701576e+05  4.03718797e+06  1.33e+09 7.36e-01  1.67e+04   853s
   6   5.93409113e+05  5.01904101e+06  8.66e+08 5.12e-01  1.12e+04   865s
   7   6.06203232e+05  5.96355570e+06  7.39e+08 1.91e-01  6.15e+03   876s
   8   6.18246715e+05  5.90970537e+06  4.61e+08 1.23e-01  3.86e+03   889s
   9   6.03410113e+05  5.43689069e+06  3.36e+08 5.90e-02  2.69e+03   898s
  10   5.35266242e+05  5.12911018e+06  2.23e+08 3.13e-02  1.71e+03   908s
  11   3.34179159e+05  4.80339685e+06  8.64e+07 1.93e-02  6.93e+02   918s
  12   2.69892016e+05  4.42488342e+06  6.44e+07 1.37e-02  5.18e+02   927s
  13   2.11570294e+05  4.08347906e+06  4.78e+07 1.01e-02  3.88e+02   935s
  14   1.38645347e+05  3.70027257e+06  2.91e+07 7.18e-03  2.41e+02   944s
  15   1.17972388e+05  3.16968719e+06  2.44e+07 4.19e-03  1.95e+02   953s
  16   8.17309916e+04  2.80952286e+06  1.65e+07 3.01e-03  1.32e+02   964s
  17   6.04318758e+04  2.47361560e+06  1.21e+07 2.13e-03  9.62e+01   974s
  18   3.85083959e+04  2.22985338e+06  7.61e+06 1.62e-03  6.10e+01   985s
  19   3.03635006e+04  1.90268028e+06  5.96e+06 1.18e-03  4.63e+01   997s
  20   2.46480915e+04  1.63479791e+06  4.84e+06 7.85e-04  3.73e+01  1007s
  21   2.10834537e+04  1.54226102e+06  4.13e+06 6.99e-04  3.20e+01  1016s
  22   1.52274443e+04  1.41025733e+06  2.97e+06 5.71e-04  2.33e+01  1026s
  23   1.22319832e+04  1.27781470e+06  2.37e+06 4.45e-04  1.87e+01  1036s
  24   8.54543199e+03  1.17516792e+06  1.66e+06 3.69e-04  1.33e+01  1047s
  25   6.81795865e+03  9.81019816e+05  1.31e+06 3.78e-04  1.05e+01  1057s
  26   5.11774348e+03  8.13663942e+05  9.67e+05 2.77e-04  7.76e+00  1068s
  27   4.19256631e+03  6.71600548e+05  7.78e+05 2.13e-04  6.16e+00  1078s
  28   3.23351865e+03  5.89423280e+05  5.79e+05 1.78e-04  4.68e+00  1088s
  29   2.72188946e+03  4.70330649e+05  4.69e+05 1.31e-04  3.71e+00  1099s
  30   2.27588709e+03  3.64299823e+05  3.76e+05 9.17e-05  2.90e+00  1109s
  31   1.94174121e+03  3.23389289e+05  3.06e+05 7.86e-05  2.39e+00  1119s
  32   1.76514446e+03  2.72408353e+05  2.69e+05 6.55e-05  2.05e+00  1129s
  33   1.54884048e+03  2.39766753e+05  2.24e+05 5.53e-05  1.71e+00  1139s
  34   1.48788930e+03  2.20981923e+05  2.13e+05 5.29e-05  1.61e+00  1149s
  35   1.34878362e+03  2.13649233e+05  1.85e+05 5.16e-05  1.43e+00  1158s
  36   1.29347927e+03  2.02923883e+05  1.74e+05 4.64e-05  1.35e+00  1168s
  37   1.23133634e+03  1.79819197e+05  1.63e+05 1.02e-04  1.23e+00  1178s
  38   1.16284510e+03  1.59021568e+05  1.49e+05 1.57e-04  1.11e+00  1188s
  39   1.04135044e+03  1.47030204e+05  1.26e+05 1.44e-04  9.49e-01  1198s
  40   9.74316223e+02  1.32215095e+05  1.12e+05 1.28e-04  8.43e-01  1208s
  41   9.39914201e+02  1.22080507e+05  1.06e+05 1.17e-04  7.84e-01  1218s
  42   9.04911136e+02  1.12006331e+05  9.87e+04 1.17e-04  7.28e-01  1228s
  43   8.33739782e+02  1.03177977e+05  8.42e+04 1.41e-04  6.28e-01  1239s
  44   7.60259730e+02  8.56000534e+04  6.87e+04 1.92e-04  5.12e-01  1250s
  45   7.07061358e+02  7.44287285e+04  5.73e+04 1.86e-04  4.29e-01  1261s
  46   6.61135230e+02  6.65460627e+04  4.77e+04 2.10e-04  3.61e-01  1271s
  47   6.33039906e+02  5.67789813e+04  4.19e+04 2.29e-04  3.12e-01  1281s
  48   6.29596423e+02  5.34268706e+04  4.12e+04 2.30e-04  3.02e-01  1292s
  49   6.08299698e+02  4.88048413e+04  3.72e+04 2.40e-04  2.71e-01  1302s
  50   5.88510944e+02  4.60316127e+04  3.33e+04 2.43e-04  2.45e-01  1312s
  51   5.78602956e+02  4.31077073e+04  3.17e+04 2.40e-04  2.31e-01  1321s
  52   5.65245820e+02  3.91821854e+04  2.95e+04 2.46e-04  2.11e-01  1331s
  53   5.43046902e+02  3.56076438e+04  2.58e+04 2.59e-04  1.84e-01  1341s
  54   5.31618875e+02  3.23579345e+04  2.40e+04 2.68e-04  1.68e-01  1351s
  55   5.17017415e+02  2.98746463e+04  2.16e+04 2.94e-04  1.50e-01  1362s
  56   4.96659614e+02  2.75860813e+04  1.82e+04 3.13e-04  1.28e-01  1372s
  57   4.89756205e+02  2.49024763e+04  1.70e+04 3.06e-04  1.16e-01  1382s
  58   4.72556934e+02  2.22654266e+04  1.40e+04 3.13e-04  9.66e-02  1392s
  59   4.60506120e+02  2.06235017e+04  1.20e+04 2.93e-04  8.35e-02  1402s
  60   4.49836539e+02  1.88512405e+04  1.02e+04 2.78e-04  7.17e-02  1412s
  61   4.42767140e+02  1.70271615e+04  9.09e+03 2.64e-04  6.24e-02  1423s
  62   4.34713738e+02  1.61226186e+04  7.83e+03 2.52e-04  5.51e-02  1433s
  63   4.33291632e+02  1.55407871e+04  7.56e+03 2.48e-04  5.26e-02  1443s
  64   4.28937788e+02  1.42067367e+04  6.87e+03 2.41e-04  4.66e-02  1452s
  65   4.23917122e+02  1.27298164e+04  6.08e+03 2.37e-04  4.01e-02  1462s
  66   4.21326030e+02  1.09559030e+04  5.58e+03 2.22e-04  3.40e-02  1472s
  67   4.12822517e+02  9.24313786e+03  4.20e+03 2.07e-04  2.55e-02  1483s
  68   4.07345817e+02  7.32735436e+03  3.26e+03 1.79e-04  1.85e-02  1493s
  69   4.02135651e+02  5.77094825e+03  2.25e+03 1.47e-04  1.26e-02  1503s
  70   4.01011769e+02  4.57777915e+03  1.56e+03 1.15e-04  8.85e-03  1512s
  71   4.08235973e+02  3.13224000e+03  9.81e+02 7.37e-05  5.23e-03  1523s
  72   4.40019176e+02  2.98382014e+03  7.62e+02 6.91e-05  4.67e-03  1533s
  73   5.44759215e+02  2.77629350e+03  6.84e+02 6.29e-05  4.07e-03  1542s
  74   7.40108521e+02  2.67476000e+03  5.91e+02 5.51e-05  3.52e-03  1553s
  75   8.45120359e+02  2.63654768e+03  5.45e+02 5.26e-05  3.25e-03  1563s
  76   1.06702573e+03  2.56540026e+03  4.44e+02 4.48e-05  2.71e-03  1573s
  77   1.17255392e+03  2.51930877e+03  3.98e+02 4.14e-05  2.43e-03  1583s
  78   1.31896070e+03  2.44730640e+03  3.33e+02 3.65e-05  2.03e-03  1593s
  79   1.45152396e+03  2.39045568e+03  2.75e+02 3.12e-05  1.69e-03  1603s
  80   1.57462862e+03  2.33391414e+03  2.21e+02 2.69e-05  1.36e-03  1613s
  81   1.65053563e+03  2.29275720e+03  1.88e+02 2.17e-05  1.15e-03  1623s
  82   1.71010867e+03  2.26474196e+03  1.64e+02 1.92e-05  9.96e-04  1633s
  83   1.77912669e+03  2.24305626e+03  1.36e+02 1.61e-05  8.31e-04  1643s
  84   1.80006282e+03  2.23167702e+03  1.27e+02 1.51e-05  7.74e-04  1653s
  85   1.83177056e+03  2.20914142e+03  1.14e+02 1.28e-05  6.78e-04  1663s
  86   1.89214992e+03  2.19762485e+03  8.89e+01 1.20e-05  5.46e-04  1673s
  87   1.93841524e+03  2.17718895e+03  6.94e+01 1.17e-05  4.26e-04  1683s
  88   1.95542848e+03  2.16571736e+03  6.23e+01 1.14e-05  3.76e-04  1694s
  89   1.98135962e+03  2.15615151e+03  5.19e+01 1.18e-05  3.13e-04  1704s
  90   2.01061551e+03  2.14728519e+03  4.03e+01 1.43e-05  2.44e-04  1714s
  91   2.03055517e+03  2.14062903e+03  3.26e+01 8.15e-06  1.97e-04  1724s
  92   2.04690115e+03  2.13669025e+03  2.62e+01 7.80e-06  1.60e-04  1735s
  93   2.06167669e+03  2.13365530e+03  2.08e+01 5.87e-06  1.28e-04  1745s
  94   2.07214173e+03  2.13008275e+03  1.68e+01 5.61e-06  1.03e-04  1755s
  95   2.08267042e+03  2.12743911e+03  1.28e+01 4.75e-06  7.95e-05  1765s
  96   2.08882300e+03  2.12535185e+03  1.05e+01 6.87e-06  6.48e-05  1775s
  97   2.09583341e+03  2.12392975e+03  7.93e+00 5.20e-06  4.98e-05  1785s
  98   2.09912197e+03  2.12264561e+03  6.71e+00 7.33e-06  4.17e-05  1795s
  99   2.10348186e+03  2.12136565e+03  5.10e+00 2.01e-05  3.17e-05  1805s
 100   2.10652332e+03  2.12095430e+03  4.01e+00 1.64e-05  2.55e-05  1815s
 101   2.10869795e+03  2.12031749e+03  3.21e+00 1.61e-05  2.05e-05  1826s
 102   2.11131291e+03  2.11966572e+03  2.25e+00 5.26e-05  1.47e-05  1836s
 103   2.11251663e+03  2.11932326e+03  1.82e+00 5.65e-05  1.19e-05  1846s
 104   2.11358858e+03  2.11902529e+03  1.43e+00 4.71e-05  9.52e-06  1856s
 105   2.11456013e+03  2.11876290e+03  1.09e+00 3.83e-05  7.34e-06  1866s
 106   2.11498530e+03  2.11858467e+03  9.40e-01 4.05e-05  6.29e-06  1875s
 107   2.11529805e+03  2.11849240e+03  8.30e-01 4.23e-05  5.58e-06  1885s
 108   2.11575217e+03  2.11833121e+03  6.72e-01 7.94e-05  4.50e-06  1895s
 109   2.11611171e+03  2.11819326e+03  5.48e-01 8.92e-05  3.63e-06  1905s

Barrier solved model in 109 iterations and 1905.26 seconds (3974.54 work units)
Optimal objective 2.11611171e+03


User-callback calls 370541, time in user-callback 0.58 sec
