
libgomp: Invalid value for environment variable OMP_NUM_THREADS: invalid
Set parameter LicenseID to value 197246
Set parameter GURO_PAR_SPECIAL
Set parameter TokenServer to value "license.rc.princeton.edu"
Set parameter Method to value 2
Set parameter Crossover to value 0
Set parameter BarConvTol to value 0.001
Set parameter Method to value 2
Set parameter Crossover to value 0
Set parameter BarConvTol to value 0.001
Gurobi Optimizer version 13.0.3 build v13.0.3rc0 (linux64 - "Red Hat Enterprise Linux 9.8 (Plow)")

CPU model: AMD EPYC 9654 96-Core Processor, instruction set [SSE2|AVX|AVX2|AVX512]
Thread count: 192 physical cores, 192 logical processors, using up to 32 threads

Non-default parameters:
Method  2
BarConvTol  0.001
Crossover  0

Optimize a model with 21242202 rows, 16507597 columns and 73682284 nonzeros (Max)
Model fingerprint: 0x08a41f71
Model has 32 linear objective coefficients
Coefficient statistics:
  Matrix range     [1e-03, 1e+06]
  Objective range  [2e-02, 1e+00]
  Bounds range     [1e+00, 1e+00]
  RHS range        [1e-03, 3e+08]

Presolve removed 10156167 rows and 3002468 columns (presolve time = 5s)...
Presolve removed 10664450 rows and 5890000 columns (presolve time = 11s)...
Presolve removed 15779525 rows and 10534358 columns (presolve time = 20s)...
Presolve removed 15876290 rows and 10631092 columns (presolve time = 26s)...
Presolve removed 15876577 rows and 10631092 columns (presolve time = 30s)...
Presolve removed 16060230 rows and 10792363 columns (presolve time = 35s)...
Presolve removed 16060230 rows and 10792363 columns
Presolve time: 37.90s
Presolved: 5181972 rows, 5715234 columns, 33162246 nonzeros
Elapsed ordering time = 6s
Elapsed ordering time = 10s
Elapsed ordering time = 15s
Elapsed ordering time = 20s
Elapsed ordering time = 25s
Elapsed ordering time = 43s
Elapsed ordering time = 45s
Elapsed ordering time = 50s
Ordering time: 99.10s
Elapsed ordering time = 137s
Elapsed ordering time = 144s
Elapsed ordering time = 145s
Elapsed ordering time = 150s
Elapsed ordering time = 155s
Elapsed ordering time = 160s
Elapsed ordering time = 165s
Elapsed ordering time = 170s
Elapsed ordering time = 175s
Elapsed ordering time = 180s
Elapsed ordering time = 185s
Elapsed ordering time = 190s
Elapsed ordering time = 195s
Elapsed ordering time = 200s
Elapsed ordering time = 205s
Elapsed ordering time = 210s
Elapsed ordering time = 215s
Elapsed ordering time = 220s
Elapsed ordering time = 225s
Elapsed ordering time = 230s
Elapsed ordering time = 235s
Elapsed ordering time = 240s
Elapsed ordering time = 245s
Elapsed ordering time = 250s
Elapsed ordering time = 255s
Elapsed ordering time = 260s
Elapsed ordering time = 265s
Elapsed ordering time = 270s
Elapsed ordering time = 275s
Elapsed ordering time = 280s
Elapsed ordering time = 285s
Elapsed ordering time = 290s
Elapsed ordering time = 295s
Elapsed ordering time = 300s
Elapsed ordering time = 305s
Elapsed ordering time = 310s
Elapsed ordering time = 315s
Elapsed ordering time = 320s
Elapsed ordering time = 325s
Elapsed ordering time = 330s
Elapsed ordering time = 335s
Elapsed ordering time = 340s
Elapsed ordering time = 345s
Elapsed ordering time = 350s
Elapsed ordering time = 355s
Elapsed ordering time = 360s
Elapsed ordering time = 365s
Elapsed ordering time = 370s
Elapsed ordering time = 375s
Elapsed ordering time = 380s
Elapsed ordering time = 385s
Elapsed ordering time = 390s
Elapsed ordering time = 395s
Elapsed ordering time = 400s
Elapsed ordering time = 405s
Elapsed ordering time = 410s
Elapsed ordering time = 415s
Elapsed ordering time = 420s
Elapsed ordering time = 425s
Ordering time: 448.82s
Elapsed ordering time = 455s
Elapsed ordering time = 455s
Elapsed ordering time = 460s
Elapsed ordering time = 465s
Elapsed ordering time = 470s
Elapsed ordering time = 475s
Elapsed ordering time = 489s
Elapsed ordering time = 492s
Elapsed ordering time = 496s
Elapsed ordering time = 501s
Elapsed ordering time = 505s
Elapsed ordering time = 510s
Elapsed ordering time = 515s
Elapsed ordering time = 520s
Elapsed ordering time = 525s
Elapsed ordering time = 530s
Elapsed ordering time = 535s
Elapsed ordering time = 540s
Elapsed ordering time = 545s
Ordering time: 550.82s

Barrier statistics:
 Dense cols : 4260
 Free vars  : 672
 AA' NZ     : 1.341e+08
 Factor NZ  : 7.517e+08 (roughly 10.0 GB of memory)
 Factor Ops : 2.007e+12 (roughly 4 seconds per iteration)
 Threads    : 32

                  Objective                Residual
Iter       Primal          Dual         Primal    Dual     Compl     Time
   0   6.32913852e+05  7.59861207e+05  1.93e+09 6.35e-01  5.65e+04   760s
   1   6.38717696e+05  1.01744873e+06  1.83e+09 6.81e+00  5.29e+04   775s
   2   6.50729839e+05  1.32293661e+06  1.69e+09 6.26e+00  4.87e+04   809s
   3   6.64433970e+05  1.66248788e+06  1.58e+09 5.75e+00  4.52e+04   842s
   4   6.76181028e+05  2.06146744e+06  1.44e+09 5.10e+00  4.04e+04   877s
   5   6.83130121e+05  2.74988409e+06  1.36e+09 4.27e+00  3.54e+04   921s
   6   6.89575399e+05  3.81294261e+06  1.28e+09 3.04e+00  2.83e+04   961s
   7   7.36619157e+05  5.22429911e+06  7.77e+08 1.68e+00  1.66e+04  1000s
   8   7.57427845e+05  5.58102909e+06  6.09e+08 7.73e-01  1.06e+04  1046s
   9   7.23185378e+05  5.39596548e+06  3.80e+08 5.09e-01  6.83e+03  1086s
  10   6.85166541e+05  4.92930606e+06  2.84e+08 1.16e-01  4.18e+03  1127s
  11   5.21823268e+05  4.66006736e+06  1.67e+08 6.30e-02  2.47e+03  1161s
  12   3.14150873e+05  4.39742869e+06  7.70e+07 3.91e-02  1.17e+03  1190s
  13   2.71634723e+05  4.25995493e+06  6.39e+07 3.25e-02  9.66e+02  1221s
  14   2.26804057e+05  3.97612944e+06  5.10e+07 2.39e-02  7.77e+02  1250s
  15   1.78814339e+05  3.75125882e+06  3.88e+07 1.89e-02  5.93e+02  1279s
  16   1.52875310e+05  3.42962615e+06  3.24e+07 1.30e-02  4.91e+02  1312s
  17   1.27551753e+05  3.03830765e+06  2.65e+07 8.41e-03  3.94e+02  1347s
  18   9.63099832e+04  2.52742455e+06  1.96e+07 4.42e-03  2.88e+02  1391s
  19   6.93142313e+04  2.18580072e+06  1.40e+07 3.23e-03  2.03e+02  1439s
  20   4.49421493e+04  2.04344185e+06  9.02e+06 2.82e-03  1.32e+02  1486s
  21   3.67934057e+04  1.81256104e+06  7.34e+06 2.05e-03  1.07e+02  1523s
  22   2.41419673e+04  1.58034653e+06  4.76e+06 1.40e-03  7.00e+01  1570s
  23   1.63293007e+04  1.36770952e+06  3.19e+06 1.02e-03  4.74e+01  1615s
  24   9.69581553e+03  1.20552046e+06  1.86e+06 7.71e-04  2.85e+01  1657s
  25   8.56010649e+03  1.10821379e+06  1.63e+06 6.70e-04  2.50e+01  1701s
  26   7.01410930e+03  9.39141597e+05  1.31e+06 5.12e-04  2.00e+01  1743s
  27   5.33806693e+03  7.62063283e+05  9.73e+05 3.73e-04  1.48e+01  1790s
  28   4.16939105e+03  5.98750881e+05  7.33e+05 3.75e-04  1.11e+01  1831s
  29   3.41087427e+03  5.30386748e+05  5.69e+05 3.21e-04  8.71e+00  1875s
  30   2.84611399e+03  4.37048237e+05  4.51e+05 2.48e-04  6.84e+00  1913s
  31   2.40741307e+03  3.38936260e+05  3.59e+05 1.76e-04  5.34e+00  1949s
  32   2.09622431e+03  3.11841684e+05  2.93e+05 1.59e-04  4.45e+00  1987s
  33   2.05735231e+03  2.66167916e+05  2.85e+05 1.31e-04  4.15e+00  2029s
  34   1.99864251e+03  2.55582830e+05  2.73e+05 1.25e-04  3.97e+00  2064s
  35   1.78772207e+03  2.46092533e+05  2.31e+05 1.20e-04  3.43e+00  2101s
  36   1.73616444e+03  2.36238431e+05  2.20e+05 1.14e-04  3.28e+00  2137s
  37   1.61906369e+03  2.22970382e+05  1.97e+05 1.06e-04  2.95e+00  2178s
  38   1.59152679e+03  2.19264741e+05  1.91e+05 1.04e-04  2.88e+00  2216s
  39   1.50762255e+03  2.11545622e+05  1.74e+05 9.96e-05  2.66e+00  2257s
  40   1.45437028e+03  1.87166203e+05  1.63e+05 5.59e-05  2.44e+00  2302s
  41   1.35207798e+03  1.67001171e+05  1.43e+05 4.80e-05  2.12e+00  2346s
  42   1.29896353e+03  1.51661063e+05  1.32e+05 4.40e-05  1.95e+00  2387s
  43   1.25253947e+03  1.42779928e+05  1.23e+05 4.28e-05  1.81e+00  2429s
  44   1.22138122e+03  1.30509245e+05  1.17e+05 3.48e-05  1.69e+00  2465s
  45   1.17596248e+03  1.27003209e+05  1.08e+05 3.52e-05  1.58e+00  2505s
  46   1.10494441e+03  1.18903735e+05  9.30e+04 3.31e-05  1.39e+00  2542s
  47   1.08812647e+03  1.01146420e+05  8.96e+04 3.42e-05  1.29e+00  2580s
  48   1.02326666e+03  8.90295426e+04  7.67e+04 3.73e-05  1.10e+00  2618s
  49   9.55831415e+02  7.89130438e+04  6.29e+04 3.23e-05  9.20e-01  2657s
  50   9.28382646e+02  7.08153586e+04  5.74e+04 2.95e-05  8.32e-01  2696s
  51   8.90882023e+02  6.74330163e+04  5.01e+04 3.01e-05  7.41e-01  2736s
  52   8.69278866e+02  5.61832338e+04  4.59e+04 2.44e-05  6.55e-01  2779s
  53   8.42669169e+02  5.10728132e+04  4.12e+04 2.54e-05  5.85e-01  2821s
  54   8.09873247e+02  4.85798030e+04  3.50e+04 2.23e-05  5.11e-01  2858s
  55   7.99095616e+02  4.37074863e+04  3.34e+04 1.91e-05  4.74e-01  2905s
  56   7.82231016e+02  3.98704256e+04  3.10e+04 2.12e-05  4.33e-01  2945s
  57   7.68602581e+02  3.59980021e+04  2.89e+04 1.87e-05  3.94e-01  2987s
  58   7.43468858e+02  3.47068398e+04  2.51e+04 1.67e-05  3.51e-01  3026s
  59   7.25923860e+02  3.17820232e+04  2.24e+04 1.72e-05  3.12e-01  3063s
  60   7.12882027e+02  2.94717556e+04  2.04e+04 2.33e-05  2.82e-01  3115s
  61   6.99399439e+02  2.74047195e+04  1.83e+04 2.24e-05  2.52e-01  3164s
  62   6.82729833e+02  2.39550295e+04  1.56e+04 3.88e-05  2.12e-01  3208s
  63   6.66569344e+02  2.22321931e+04  1.31e+04 3.46e-05  1.81e-01  3250s
  64   6.55310957e+02  1.96178318e+04  1.13e+04 2.82e-05  1.54e-01  3292s
  65   6.46067982e+02  1.82537311e+04  9.90e+03 2.67e-05  1.35e-01  3337s
  66   6.35321658e+02  1.71910037e+04  8.26e+03 2.47e-05  1.17e-01  3374s
  67   6.28425969e+02  1.54692362e+04  7.23e+03 2.00e-05  1.00e-01  3414s
  68   6.20927288e+02  1.33387281e+04  6.11e+03 1.95e-05  8.17e-02  3456s
  69   6.16396730e+02  1.28304373e+04  5.38e+03 1.85e-05  7.42e-02  3499s
  70   6.10710000e+02  1.07573827e+04  4.52e+03 1.72e-05  5.86e-02  3537s
  71   6.02462248e+02  9.16366467e+03  3.25e+03 1.83e-05  4.38e-02  3576s
  72   5.99020931e+02  8.44494297e+03  2.69e+03 1.66e-05  3.77e-02  3617s
  73   5.97018825e+02  7.28854878e+03  2.32e+03 1.16e-05  3.09e-02  3651s
  74   5.93832376e+02  5.53347401e+03  1.60e+03 1.38e-05  2.07e-02  3689s
  75   5.93409697e+02  3.91335315e+03  1.16e+03 9.73e-06  1.30e-02  3737s
  76   6.17641978e+02  3.54674722e+03  6.36e+02 8.28e-06  1.03e-02  3776s
  77   6.56902973e+02  3.08630483e+03  5.53e+02 6.54e-06  8.48e-03  3812s
  78   8.18508854e+02  3.10772476e+03  4.66e+02 6.46e-06  7.92e-03  3853s
  79   9.94678137e+02  3.01650683e+03  4.08e+02 6.07e-06  6.97e-03  3884s
  80   1.19208872e+03  2.93339778e+03  3.41e+02 6.20e-06  5.98e-03  3927s
  81   1.30278056e+03  2.76382078e+03  3.07e+02 5.24e-06  5.04e-03  3972s
  82   1.38487668e+03  2.69630743e+03  2.81e+02 4.89e-05  4.52e-03  4013s
  83   1.49171394e+03  2.60419340e+03  2.47e+02 3.80e-05  3.85e-03  4047s
  84   1.66625358e+03  2.55985004e+03  1.91e+02 3.23e-05  3.08e-03  4082s
  85   1.75851300e+03  2.50989716e+03  1.62e+02 2.61e-05  2.59e-03  4118s
  86   1.81780911e+03  2.47527276e+03  1.44e+02 2.16e-05  2.27e-03  4155s
  87   1.90643106e+03  2.45684668e+03  1.17e+02 1.91e-05  1.89e-03  4195s
  88   1.94416722e+03  2.44573394e+03  1.06e+02 1.77e-05  1.72e-03  4235s
  89   2.00044771e+03  2.41892494e+03  8.95e+01 1.41e-05  1.44e-03  4274s
  90   2.04174699e+03  2.40193057e+03  7.71e+01 1.19e-05  1.24e-03  4312s
  91   2.08396579e+03  2.37923297e+03  6.42e+01 1.24e-05  1.01e-03  4356s
  92   2.12406761e+03  2.37082269e+03  5.25e+01 1.12e-05  8.45e-04  4395s
  93   2.15113927e+03  2.36404695e+03  4.46e+01 1.12e-05  7.28e-04  4431s
  94   2.17613151e+03  2.35296032e+03  3.74e+01 8.53e-06  6.05e-04  4471s
  95   2.20644471e+03  2.35020150e+03  2.90e+01 7.38e-06  4.89e-04  4511s
  96   2.21853295e+03  2.34171117e+03  2.56e+01 5.99e-06  4.20e-04  4552s
  97   2.23392409e+03  2.33539754e+03  2.13e+01 7.91e-06  3.47e-04  4592s
  98   2.24595680e+03  2.33182648e+03  1.79e+01 9.62e-06  2.93e-04  4624s
  99   2.25387274e+03  2.32876644e+03  1.57e+01 1.15e-05  2.56e-04  4660s
 100   2.26514196e+03  2.32480328e+03  1.26e+01 9.57e-06  2.04e-04  4699s
 101   2.27658424e+03  2.32289666e+03  9.60e+00 8.98e-06  1.58e-04  4735s
 102   2.28127720e+03  2.32099028e+03  8.34e+00 1.18e-05  1.36e-04  4772s
 103   2.28748640e+03  2.31972629e+03  6.67e+00 9.80e-06  1.10e-04  4808s
 104   2.29080873e+03  2.31868309e+03  5.81e+00 9.77e-06  9.50e-05  4845s
 105   2.29494617e+03  2.31761496e+03  4.70e+00 1.13e-05  7.72e-05  4893s
 106   2.29790477e+03  2.31670783e+03  3.91e+00 1.12e-05  6.41e-05  4930s
 107   2.30180909e+03  2.31604583e+03  2.87e+00 1.06e-05  4.83e-05  4972s
 108   2.30375945e+03  2.31546104e+03  2.36e+00 9.31e-06  3.97e-05  5010s
 109   2.30540115e+03  2.31496475e+03  1.94e+00 9.46e-06  3.25e-05  5047s
 110   2.30623906e+03  2.31473393e+03  1.72e+00 8.96e-06  2.88e-05  5083s
 111   2.30762306e+03  2.31456656e+03  1.38e+00 9.00e-06  2.35e-05  5121s
 112   2.30836683e+03  2.31431793e+03  1.19e+00 1.07e-05  2.02e-05  5156s
 113   2.30921721e+03  2.31413956e+03  9.69e-01 1.09e-05  1.66e-05  5191s
 114   2.30934748e+03  2.31401449e+03  9.37e-01 9.06e-06  1.58e-05  5225s
 115   2.31003509e+03  2.31393091e+03  7.68e-01 9.35e-06  1.32e-05  5266s
 116   2.31074500e+03  2.31384830e+03  5.94e-01 8.28e-06  1.04e-05  5307s
 117   2.31093330e+03  2.31375278e+03  5.43e-01 6.12e-06  9.49e-06  5343s
 118   2.31129431e+03  2.31363131e+03  4.52e-01 7.47e-06  7.86e-06  5377s
 119   2.31132687e+03  2.31360082e+03  4.44e-01 6.86e-06  7.65e-06  5414s

Barrier solved model in 119 iterations and 5413.57 seconds (2426.87 work units)
Optimal objective 2.31132687e+03

Warning: Changing status from GRB_OPTIMAL to GRB_SUBOPTIMALdue to big uncrush violation 1.77116e+11 (presolved model = 0.45066).

User-callback calls 470855, time in user-callback 0.65 sec
Gurobi Optimizer version 13.0.3 build v13.0.3rc0 (linux64 - "Red Hat Enterprise Linux 9.8 (Plow)")

CPU model: AMD EPYC 9654 96-Core Processor, instruction set [SSE2|AVX|AVX2|AVX512]
Thread count: 192 physical cores, 192 logical processors, using up to 32 threads

Non-default parameters:
Method  2
BarConvTol  0.001
Crossover  0

Optimize a model with 21242202 rows, 16507597 columns and 73682284 nonzeros (Min)
Model fingerprint: 0xadcb1754
Model has 32 linear objective coefficients
Coefficient statistics:
  Matrix range     [1e-03, 1e+06]
  Objective range  [2e-02, 1e+00]
  Bounds range     [1e+00, 1e+00]
  RHS range        [1e-03, 3e+08]

Presolve removed 10156167 rows and 3002468 columns (presolve time = 5s)...
Presolve removed 10664450 rows and 5890000 columns (presolve time = 10s)...
Presolve removed 15779525 rows and 10534358 columns (presolve time = 19s)...
Presolve removed 15785167 rows and 10540000 columns (presolve time = 20s)...
Presolve removed 15876290 rows and 10631092 columns (presolve time = 25s)...
Presolve removed 16024465 rows and 10677518 columns (presolve time = 30s)...
Presolve removed 16060230 rows and 10792363 columns (presolve time = 36s)...
Presolve removed 16060230 rows and 10792363 columns
Presolve time: 36.58s
Presolved: 5181972 rows, 5715234 columns, 33162246 nonzeros
Elapsed ordering time = 6s
Elapsed ordering time = 10s
Elapsed ordering time = 15s
Elapsed ordering time = 20s
Elapsed ordering time = 25s
Elapsed ordering time = 36s
Elapsed ordering time = 40s
Elapsed ordering time = 45s
Ordering time: 145.79s
Elapsed ordering time = 185s
Elapsed ordering time = 192s
Elapsed ordering time = 195s
Elapsed ordering time = 200s
Elapsed ordering time = 205s
Elapsed ordering time = 210s
Elapsed ordering time = 215s
Elapsed ordering time = 220s
Elapsed ordering time = 225s
Elapsed ordering time = 230s
Elapsed ordering time = 235s
Elapsed ordering time = 240s
Elapsed ordering time = 245s
Elapsed ordering time = 250s
Elapsed ordering time = 255s
Elapsed ordering time = 260s
Elapsed ordering time = 265s
Elapsed ordering time = 270s
Elapsed ordering time = 275s
Elapsed ordering time = 280s
Elapsed ordering time = 285s
Elapsed ordering time = 290s
Elapsed ordering time = 295s
Elapsed ordering time = 300s
Elapsed ordering time = 305s
Elapsed ordering time = 310s
Elapsed ordering time = 315s
Elapsed ordering time = 320s
Elapsed ordering time = 325s
Elapsed ordering time = 330s
Elapsed ordering time = 335s
Elapsed ordering time = 340s
Elapsed ordering time = 345s
Elapsed ordering time = 350s
Elapsed ordering time = 355s
Elapsed ordering time = 360s
Elapsed ordering time = 365s
Elapsed ordering time = 370s
Elapsed ordering time = 375s
Elapsed ordering time = 380s
Elapsed ordering time = 385s
Elapsed ordering time = 390s
Elapsed ordering time = 395s
Elapsed ordering time = 400s
Elapsed ordering time = 405s
Elapsed ordering time = 410s
Elapsed ordering time = 415s
Elapsed ordering time = 420s
Elapsed ordering time = 425s
Elapsed ordering time = 430s
Elapsed ordering time = 435s
Elapsed ordering time = 440s
Elapsed ordering time = 445s
Elapsed ordering time = 450s
Elapsed ordering time = 455s
Elapsed ordering time = 460s
Elapsed ordering time = 465s
Elapsed ordering time = 470s
Elapsed ordering time = 475s
Elapsed ordering time = 480s
Ordering time: 503.94s
Elapsed ordering time = 510s
Elapsed ordering time = 515s
Elapsed ordering time = 520s
Elapsed ordering time = 525s
Elapsed ordering time = 530s
Elapsed ordering time = 551s
Elapsed ordering time = 556s
Elapsed ordering time = 561s
Elapsed ordering time = 565s
Elapsed ordering time = 571s
Elapsed ordering time = 575s
Elapsed ordering time = 580s
Elapsed ordering time = 585s
Elapsed ordering time = 590s
Elapsed ordering time = 595s
Elapsed ordering time = 600s
Elapsed ordering time = 605s
Ordering time: 615.91s

Barrier statistics:
 Dense cols : 4260
 Free vars  : 672
 AA' NZ     : 1.341e+08
 Factor NZ  : 7.517e+08 (roughly 10.0 GB of memory)
 Factor Ops : 2.007e+12 (roughly 4 seconds per iteration)
 Threads    : 32

                  Objective                Residual
Iter       Primal          Dual         Primal    Dual     Compl     Time
   0   6.32911331e+05 -5.09502693e+04  1.93e+09 0.00e+00  3.79e+03   822s
   1   6.29308345e+05 -6.82755748e+04  1.83e+09 9.56e-02  3.55e+03   843s
   2   6.28829328e+05 -8.81667340e+04  1.69e+09 9.00e-02  3.28e+03   879s
   3   6.31270957e+05 -1.07680357e+05  1.57e+09 8.30e-02  3.06e+03   922s
   4   6.30072095e+05 -1.37310517e+05  1.45e+09 7.35e-02  2.73e+03   956s
   5   6.27558238e+05 -1.92494779e+05  1.35e+09 6.00e-02  2.35e+03   989s
   6   6.18032346e+05 -2.57628627e+05  1.01e+09 4.23e-02  1.70e+03  1031s
   7   6.08736974e+05 -3.55712164e+05  7.81e+08 3.22e-02  9.07e+02  1076s
   8   5.87837638e+05 -3.55592702e+05  6.08e+08 2.60e-02  6.00e+02  1120s
   9   5.25868210e+05 -3.44056938e+05  3.94e+08 2.44e-02  3.72e+02  1167s
  10   4.71017351e+05 -3.16649529e+05  2.93e+08 1.13e-02  2.49e+02  1202s
  11   3.36883069e+05 -2.96217360e+05  1.69e+08 4.74e-03  1.44e+02  1239s
  12   1.82923841e+05 -2.77826410e+05  7.26e+07 4.53e-03  6.38e+01  1264s
  13   1.43661598e+05 -2.59726059e+05  5.45e+07 3.52e-03  4.78e+01  1293s
  14   1.15432915e+05 -2.44858014e+05  4.21e+07 3.17e-03  3.73e+01  1319s
  15   1.05403040e+05 -2.28789818e+05  3.80e+07 2.69e-03  3.38e+01  1347s
  16   9.89953144e+04 -2.02507719e+05  3.54e+07 1.75e-03  3.14e+01  1374s
  17   6.98601062e+04 -1.87868215e+05  2.45e+07 1.40e-03  2.19e+01  1406s
  18   5.14526653e+04 -1.64370245e+05  1.72e+07 1.13e-03  1.55e+01  1444s
  19   3.59693273e+04 -1.44684904e+05  1.18e+07 1.46e-03  1.07e+01  1481s
  20   2.52854314e+04 -1.36160858e+05  8.00e+06 1.24e-03  7.38e+00  1519s
  21   2.04412804e+04 -1.20185567e+05  6.37e+06 8.67e-04  5.82e+00  1556s
  22   1.64789271e+04 -9.99741740e+04  5.06e+06 5.63e-04  4.53e+00  1593s
  23   1.29438517e+04 -9.02826344e+04  3.91e+06 4.48e-04  3.51e+00  1639s
  24   8.52915586e+03 -8.45162427e+04  2.51e+06 4.04e-04  2.30e+00  1681s
  25   6.52203724e+03 -7.43464990e+04  1.84e+06 3.14e-04  1.71e+00  1721s
  26   5.39028403e+03 -6.69768879e+04  1.47e+06 2.64e-04  1.38e+00  1765s
  27   4.29581984e+03 -5.32773819e+04  1.13e+06 1.81e-04  1.03e+00  1802s
  28   3.79072240e+03 -4.49614141e+04  9.78e+05 1.99e-04  8.70e-01  1843s
  29   2.92805482e+03 -3.68699938e+04  6.98e+05 1.46e-04  6.28e-01  1894s
  30   2.33955372e+03 -3.24152533e+04  5.14e+05 1.25e-04  4.75e-01  1944s
  31   2.03462884e+03 -2.65876891e+04  4.18e+05 9.96e-05  3.81e-01  1983s
  32   1.90997036e+03 -2.12566088e+04  3.79e+05 1.11e-04  3.32e-01  2018s
  33   1.59846283e+03 -1.72881076e+04  2.81e+05 8.70e-05  2.49e-01  2071s
  34   1.51400448e+03 -1.57255941e+04  2.55e+05 7.91e-05  2.24e-01  2115s
  35   1.44011842e+03 -1.36309171e+04  2.32e+05 6.82e-05  2.00e-01  2159s
  36   1.37664760e+03 -1.31642514e+04  2.14e+05 6.54e-05  1.85e-01  2200s
  37   1.25822797e+03 -1.21773572e+04  1.79e+05 5.99e-05  1.58e-01  2245s
  38   1.22932602e+03 -1.13964340e+04  1.70e+05 5.56e-05  1.50e-01  2280s
  39   1.19097342e+03 -1.02141688e+04  1.60e+05 4.98e-05  1.38e-01  2328s
  40   1.16885143e+03 -9.76097570e+03  1.54e+05 4.74e-05  1.32e-01  2365s
  41   1.08270864e+03 -8.65066205e+03  1.29e+05 4.19e-05  1.12e-01  2402s
  42   1.04707038e+03 -7.87898920e+03  1.20e+05 3.83e-05  1.03e-01  2453s
  43   1.00725799e+03 -7.61940451e+03  1.09e+05 3.69e-05  9.54e-02  2488s
  44   9.78143506e+02 -6.73756989e+03  1.01e+05 3.76e-05  8.73e-02  2532s
  45   9.44196192e+02 -5.83776321e+03  9.19e+04 3.32e-05  7.80e-02  2576s
  46   8.81051608e+02 -5.00026154e+03  7.43e+04 2.83e-05  6.41e-02  2620s
  47   8.46008044e+02 -4.29559637e+03  6.45e+04 2.45e-05  5.54e-02  2662s
  48   8.03536972e+02 -3.55803453e+03  5.26e+04 2.59e-05  4.55e-02  2712s
  49   7.74620181e+02 -3.20835753e+03  4.51e+04 2.37e-05  3.94e-02  2757s
  50   7.60456805e+02 -2.74671301e+03  4.15e+04 2.04e-05  3.55e-02  2795s
  51   7.41503095e+02 -2.55089911e+03  3.76e+04 1.89e-05  3.24e-02  2845s
  52   7.25036743e+02 -2.29951586e+03  3.38e+04 1.72e-05  2.91e-02  2890s
  53   7.05725381e+02 -2.05706450e+03  3.04e+04 1.54e-05  2.61e-02  2938s
  54   6.99600381e+02 -1.79292151e+03  2.91e+04 1.34e-05  2.42e-02  2986s
  55   6.84876609e+02 -1.53576429e+03  2.63e+04 1.22e-05  2.15e-02  3028s
  56   6.67458422e+02 -1.47186795e+03  2.29e+04 1.18e-05  1.93e-02  3067s
  57   6.51430300e+02 -1.20532532e+03  1.96e+04 1.23e-05  1.63e-02  3113s
  58   6.37570658e+02 -1.06968136e+03  1.69e+04 1.15e-05  1.42e-02  3159s
  59   6.29197128e+02 -9.49366828e+02  1.52e+04 1.49e-05  1.27e-02  3209s
  60   6.16582967e+02 -7.25889947e+02  1.27e+04 1.43e-05  1.04e-02  3257s
  61   6.09319572e+02 -5.98854896e+02  1.12e+04 1.25e-05  9.08e-03  3311s
  62   5.98738701e+02 -4.76211203e+02  9.15e+03 1.09e-05  7.50e-03  3359s
  63   5.91433121e+02 -3.87375107e+02  7.74e+03 9.53e-06  6.43e-03  3405s
  64   5.89756833e+02 -3.27610297e+02  7.40e+03 8.62e-06  5.99e-03  3451s
  65   5.85254569e+02 -2.57079914e+02  6.52e+03 8.20e-06  5.27e-03  3499s
  66   5.82818010e+02 -2.32707367e+02  6.05e+03 8.11e-06  4.94e-03  3549s
  67   5.77475324e+02 -1.54439018e+02  4.92e+03 7.59e-06  4.12e-03  3593s
  68   5.75277494e+02 -4.99420453e+01  4.38e+03 7.38e-06  3.44e-03  3634s
  69   5.69899278e+02  3.26292257e+01  3.26e+03 7.21e-06  2.66e-03  3672s
  70   5.67154259e+02  6.39535926e+01  2.81e+03 6.66e-06  2.38e-03  3721s
  71   5.62972348e+02  1.41274131e+02  2.22e+03 5.25e-06  1.88e-03  3767s
  72   5.60555053e+02  1.83404818e+02  1.92e+03 4.50e-06  1.62e-03  3813s
  73   5.56989772e+02  2.32156002e+02  1.54e+03 3.67e-06  1.33e-03  3858s
  74   5.53770318e+02  2.66185302e+02  1.22e+03 5.24e-06  1.12e-03  3902s
  75   5.52260591e+02  3.21446657e+02  1.07e+03 4.33e-06  8.81e-04  3944s
  76   5.48796198e+02  3.43040048e+02  7.24e+02 4.11e-06  7.37e-04  3989s
  77   5.46756695e+02  3.84921387e+02  5.57e+02 4.48e-06  5.62e-04  4028s
  78   5.44688011e+02  4.14617602e+02  4.14e+02 6.14e-06  4.39e-04  4074s
  79   5.43092267e+02  4.23174468e+02  3.20e+02 5.35e-06  3.96e-04  4109s
  80   5.42412705e+02  4.38178354e+02  2.85e+02 3.56e-06  3.42e-04  4155s
  81   5.41864286e+02  4.48732611e+02  2.60e+02 3.26e-06  3.04e-04  4195s
  82   5.41237848e+02  4.49176370e+02  2.56e+02 3.24e-06  3.00e-04  4235s
  83   5.39988038e+02  4.52686082e+02  2.23e+02 3.11e-06  2.82e-04  4280s
  84   5.39009878e+02  4.56708712e+02  2.11e+02 1.52e-05  2.66e-04  4317s
  85   5.37748255e+02  4.58773452e+02  1.96e+02 1.47e-05  2.54e-04  4356s
  86   5.36326178e+02  4.63066955e+02  1.82e+02 1.35e-05  2.35e-04  4399s
  87   5.35312040e+02  4.64767095e+02  1.72e+02 1.31e-05  2.26e-04  4441s
  88   5.34636189e+02  4.66795964e+02  1.66e+02 1.25e-05  2.17e-04  4483s
  89   5.33965485e+02  4.67988368e+02  1.60e+02 1.21e-05  2.11e-04  4519s
  90   5.33517935e+02  4.69967309e+02  1.56e+02 1.15e-05  2.03e-04  4558s
  91   5.33388153e+02  4.71071737e+02  1.55e+02 1.12e-05  1.99e-04  4598s
  92   5.33152758e+02  4.71299341e+02  1.53e+02 1.11e-05  1.98e-04  4632s
  93   5.32411941e+02  4.73436717e+02  1.48e+02 1.03e-05  1.88e-04  4672s
  94   5.31900724e+02  4.74754978e+02  1.44e+02 9.85e-06  1.82e-04  4702s
  95   5.31675403e+02  4.75154658e+02  1.42e+02 9.61e-06  1.80e-04  4737s
  96   5.30412395e+02  4.76220199e+02  1.33e+02 9.05e-06  1.72e-04  4775s
  97   5.30265482e+02  4.77980346e+02  1.27e+02 7.63e-06  1.66e-04  4817s
  98   5.29774454e+02  4.81092309e+02  1.21e+02 5.82e-06  1.55e-04  4854s
  99   5.29808816e+02  4.84298049e+02  1.15e+02 5.41e-06  1.44e-04  4900s
 100   5.28985100e+02  4.89549093e+02  9.17e+01 4.76e-06  1.24e-04  4934s
 101   5.28749995e+02  4.97018717e+02  7.80e+01 4.10e-06  9.94e-05  4976s
 102   5.28377781e+02  5.06878968e+02  5.77e+01 2.78e-06  6.69e-05  5018s
 103   5.28294683e+02  5.09420035e+02  5.34e+01 2.36e-06  5.86e-05  5064s
 104   5.28135016e+02  5.11144488e+02  4.68e+01 2.30e-06  5.27e-05  5104s
 105   5.27999712e+02  5.11863738e+02  4.09e+01 2.89e-06  4.99e-05  5143s
 106   5.27784889e+02  5.18426801e+02  2.66e+01 1.20e-06  2.88e-05  5180s
 107   5.27563696e+02  5.22740099e+02  1.34e+01 1.51e-06  1.48e-05  5222s
 108   5.27434698e+02  5.23230973e+02  5.63e+00 1.43e-06  1.28e-05  5262s
 109   5.27429661e+02  5.23253556e+02  5.34e+00 1.42e-06  1.27e-05  5295s
 110   5.27426809e+02  5.23561460e+02  5.19e+00 1.33e-06  1.18e-05  5328s
 111   5.27422024e+02  5.23595075e+02  5.10e+00 1.32e-06  1.17e-05  5356s

Barrier solved model in 111 iterations and 5355.60 seconds (2488.51 work units)
Optimal objective 5.27422024e+02

Warning: Changing status from GRB_OPTIMAL to GRB_SUBOPTIMALdue to big uncrush violation 2.03374e+12 (presolved model = 5.17458).

User-callback calls 425081, time in user-callback 0.74 sec
  Activating project at `~/NZC_MGA/MacroEnergy.jl`
Precompiling packages...
    MacroEnergy Being precompiled by another machine (hostname: della-h14n3, pid: 3047335, pidfile: /home/al3792/.julia/compiled/v1.12/MacroEnergy/Gkjoy_ohvyt.ji.pidfile)
  20834.5 ms  ✓ MacroEnergy
    MacroEnergyGurobiExt Being precompiled by another machine (hostname: della-h14n3, pid: 3047335, pidfile: /home/al3792/.julia/compiled/v1.12/MacroEnergyGurobiExt/brmCm_ohvyt.ji.pidfile)
  10405.7 ms  ✓ MacroEnergy → MacroEnergyGurobiExt
  2 dependencies successfully precompiled in 37 seconds. 199 already precompiled.
[ Info: Loading case from /home/al3792/NZC_MGA/NZC_Workshop_Example_Systems_June_2026/NZC_Workshop_All Sector_12day_MultiPeriods_WIP/case/system_data.json
[ Info: Loading system data
[ Info: Done loading system data. It took 1.01 seconds
[ Info: Done loading case data. It took 1.01 seconds
[ Info: *** Generating case ***
[ Info: Configuring case from settings/case_settings.json
[ Info: Configuring case
[ Info:  -- Setting solution algorithm
[ Info:  -- Solution algorithm set to MacroEnergy.Monolithic()
[ Info:  -- Setting expansion horizon
[ Info:  -- Expansion horizon set to MacroEnergy.PerfectForesight()
[ Info: Generating systems
[ Info: Generating system
[ Info:  ++ Added user commodities: 1 top-level, 0 subcommodities
[ Info:  ++ Creating new location: Region21Hainan
[ Info:  ++ Creating new location: Region26Tibet
[ Info: Using legacy parser for supply inputs of cog_Region1Beijing.
[ Info: Using legacy parser for supply inputs of cog_Region2Tianjin.
[ Info: Using legacy parser for supply inputs of cog_Region3Hebei.
[ Info: Using legacy parser for supply inputs of cog_Region4Shanxi.
[ Info: Using legacy parser for supply inputs of cog_Region5Innermongolia.
[ Info: Using legacy parser for supply inputs of cog_Region6Liaoning.
[ Info: Using legacy parser for supply inputs of cog_Region7Jilin.
[ Info: Using legacy parser for supply inputs of cog_Region8Heilongjiang.
[ Info: Using legacy parser for supply inputs of cog_Region9Shanghai.
[ Info: Using legacy parser for supply inputs of cog_Region10Jiangsu.
[ Info: Using legacy parser for supply inputs of cog_Region11Zhejiang.
[ Info: Using legacy parser for supply inputs of cog_Region12Anhui.
[ Info: Using legacy parser for supply inputs of cog_Region13Fujian.
[ Info: Using legacy parser for supply inputs of cog_Region14Jiangxi.
[ Info: Using legacy parser for supply inputs of cog_Region15Shandong.
[ Info: Using legacy parser for supply inputs of cog_Region16Henan.
[ Info: Using legacy parser for supply inputs of cog_Region17Hubei.
[ Info: Using legacy parser for supply inputs of cog_Region18Hunan.
[ Info: Using legacy parser for supply inputs of cog_Region19Guangdong.
[ Info: Using legacy parser for supply inputs of cog_Region20Guangxi.
[ Info: Using legacy parser for supply inputs of cog_Region21Hainan.
[ Info: Using legacy parser for supply inputs of cog_Region22Chongqing.
[ Info: Using legacy parser for supply inputs of cog_Region23Sichuan.
[ Info: Using legacy parser for supply inputs of cog_Region24Guizhou.
[ Info: Using legacy parser for supply inputs of cog_Region25Yunnan.
[ Info: Using legacy parser for supply inputs of cog_Region26Tibet.
[ Info: Using legacy parser for supply inputs of cog_Region27Shaanxi.
[ Info: Using legacy parser for supply inputs of cog_Region28Gansu.
[ Info: Using legacy parser for supply inputs of cog_Region29Qinghai.
[ Info: Using legacy parser for supply inputs of cog_Region30Ningxia.
[ Info: Using legacy parser for supply inputs of cog_Region31Xinjiang.
[ Info: Done generating system. It took 115.39 seconds
[ Info: Generating system
[ Info:  ++ Added user commodities: 1 top-level, 0 subcommodities
[ Info:  ++ Creating new location: Region21Hainan
[ Info:  ++ Creating new location: Region26Tibet
[ Info: Using legacy parser for supply inputs of cog_Region1Beijing.
[ Info: Using legacy parser for supply inputs of cog_Region2Tianjin.
[ Info: Using legacy parser for supply inputs of cog_Region3Hebei.
[ Info: Using legacy parser for supply inputs of cog_Region4Shanxi.
[ Info: Using legacy parser for supply inputs of cog_Region5Innermongolia.
[ Info: Using legacy parser for supply inputs of cog_Region6Liaoning.
[ Info: Using legacy parser for supply inputs of cog_Region7Jilin.
[ Info: Using legacy parser for supply inputs of cog_Region8Heilongjiang.
[ Info: Using legacy parser for supply inputs of cog_Region9Shanghai.
[ Info: Using legacy parser for supply inputs of cog_Region10Jiangsu.
[ Info: Using legacy parser for supply inputs of cog_Region11Zhejiang.
[ Info: Using legacy parser for supply inputs of cog_Region12Anhui.
[ Info: Using legacy parser for supply inputs of cog_Region13Fujian.
[ Info: Using legacy parser for supply inputs of cog_Region14Jiangxi.
[ Info: Using legacy parser for supply inputs of cog_Region15Shandong.
[ Info: Using legacy parser for supply inputs of cog_Region16Henan.
[ Info: Using legacy parser for supply inputs of cog_Region17Hubei.
[ Info: Using legacy parser for supply inputs of cog_Region18Hunan.
[ Info: Using legacy parser for supply inputs of cog_Region19Guangdong.
[ Info: Using legacy parser for supply inputs of cog_Region20Guangxi.
[ Info: Using legacy parser for supply inputs of cog_Region21Hainan.
[ Info: Using legacy parser for supply inputs of cog_Region22Chongqing.
[ Info: Using legacy parser for supply inputs of cog_Region23Sichuan.
[ Info: Using legacy parser for supply inputs of cog_Region24Guizhou.
[ Info: Using legacy parser for supply inputs of cog_Region25Yunnan.
[ Info: Using legacy parser for supply inputs of cog_Region26Tibet.
[ Info: Using legacy parser for supply inputs of cog_Region27Shaanxi.
[ Info: Using legacy parser for supply inputs of cog_Region28Gansu.
[ Info: Using legacy parser for supply inputs of cog_Region29Qinghai.
[ Info: Using legacy parser for supply inputs of cog_Region30Ningxia.
[ Info: Using legacy parser for supply inputs of cog_Region31Xinjiang.
[ Info: Done generating system. It took 63.51 seconds
[ Info: Generating system
[ Info:  ++ Added user commodities: 1 top-level, 0 subcommodities
[ Info:  ++ Creating new location: Region21Hainan
[ Info:  ++ Creating new location: Region26Tibet
[ Info: Using legacy parser for supply inputs of cog_Region1Beijing.
[ Info: Using legacy parser for supply inputs of cog_Region2Tianjin.
[ Info: Using legacy parser for supply inputs of cog_Region3Hebei.
[ Info: Using legacy parser for supply inputs of cog_Region4Shanxi.
[ Info: Using legacy parser for supply inputs of cog_Region5Innermongolia.
[ Info: Using legacy parser for supply inputs of cog_Region6Liaoning.
[ Info: Using legacy parser for supply inputs of cog_Region7Jilin.
[ Info: Using legacy parser for supply inputs of cog_Region8Heilongjiang.
[ Info: Using legacy parser for supply inputs of cog_Region9Shanghai.
[ Info: Using legacy parser for supply inputs of cog_Region10Jiangsu.
[ Info: Using legacy parser for supply inputs of cog_Region11Zhejiang.
[ Info: Using legacy parser for supply inputs of cog_Region12Anhui.
[ Info: Using legacy parser for supply inputs of cog_Region13Fujian.
[ Info: Using legacy parser for supply inputs of cog_Region14Jiangxi.
[ Info: Using legacy parser for supply inputs of cog_Region15Shandong.
[ Info: Using legacy parser for supply inputs of cog_Region16Henan.
[ Info: Using legacy parser for supply inputs of cog_Region17Hubei.
[ Info: Using legacy parser for supply inputs of cog_Region18Hunan.
[ Info: Using legacy parser for supply inputs of cog_Region19Guangdong.
[ Info: Using legacy parser for supply inputs of cog_Region20Guangxi.
[ Info: Using legacy parser for supply inputs of cog_Region21Hainan.
[ Info: Using legacy parser for supply inputs of cog_Region22Chongqing.
[ Info: Using legacy parser for supply inputs of cog_Region23Sichuan.
[ Info: Using legacy parser for supply inputs of cog_Region24Guizhou.
[ Info: Using legacy parser for supply inputs of cog_Region25Yunnan.
[ Info: Using legacy parser for supply inputs of cog_Region26Tibet.
[ Info: Using legacy parser for supply inputs of cog_Region27Shaanxi.
[ Info: Using legacy parser for supply inputs of cog_Region28Gansu.
[ Info: Using legacy parser for supply inputs of cog_Region29Qinghai.
[ Info: Using legacy parser for supply inputs of cog_Region30Ningxia.
[ Info: Using legacy parser for supply inputs of cog_Region31Xinjiang.
[ Info: Done generating system. It took 63.34 seconds
[ Info: Generating system
[ Info:  ++ Added user commodities: 1 top-level, 0 subcommodities
[ Info:  ++ Creating new location: Region21Hainan
[ Info:  ++ Creating new location: Region26Tibet
[ Info: Using legacy parser for supply inputs of cog_Region1Beijing.
[ Info: Using legacy parser for supply inputs of cog_Region2Tianjin.
[ Info: Using legacy parser for supply inputs of cog_Region3Hebei.
[ Info: Using legacy parser for supply inputs of cog_Region4Shanxi.
[ Info: Using legacy parser for supply inputs of cog_Region5Innermongolia.
[ Info: Using legacy parser for supply inputs of cog_Region6Liaoning.
[ Info: Using legacy parser for supply inputs of cog_Region7Jilin.
[ Info: Using legacy parser for supply inputs of cog_Region8Heilongjiang.
[ Info: Using legacy parser for supply inputs of cog_Region9Shanghai.
[ Info: Using legacy parser for supply inputs of cog_Region10Jiangsu.
[ Info: Using legacy parser for supply inputs of cog_Region11Zhejiang.
[ Info: Using legacy parser for supply inputs of cog_Region12Anhui.
[ Info: Using legacy parser for supply inputs of cog_Region13Fujian.
[ Info: Using legacy parser for supply inputs of cog_Region14Jiangxi.
[ Info: Using legacy parser for supply inputs of cog_Region15Shandong.
[ Info: Using legacy parser for supply inputs of cog_Region16Henan.
[ Info: Using legacy parser for supply inputs of cog_Region17Hubei.
[ Info: Using legacy parser for supply inputs of cog_Region18Hunan.
[ Info: Using legacy parser for supply inputs of cog_Region19Guangdong.
[ Info: Using legacy parser for supply inputs of cog_Region20Guangxi.
[ Info: Using legacy parser for supply inputs of cog_Region21Hainan.
[ Info: Using legacy parser for supply inputs of cog_Region22Chongqing.
[ Info: Using legacy parser for supply inputs of cog_Region23Sichuan.
[ Info: Using legacy parser for supply inputs of cog_Region24Guizhou.
[ Info: Using legacy parser for supply inputs of cog_Region25Yunnan.
[ Info: Using legacy parser for supply inputs of cog_Region26Tibet.
[ Info: Using legacy parser for supply inputs of cog_Region27Shaanxi.
[ Info: Using legacy parser for supply inputs of cog_Region28Gansu.
[ Info: Using legacy parser for supply inputs of cog_Region29Qinghai.
[ Info: Using legacy parser for supply inputs of cog_Region30Ningxia.
[ Info: Using legacy parser for supply inputs of cog_Region31Xinjiang.
[ Info: Done generating system. It took 63.62 seconds
[ Info:  -- Discounting fixed costs for period 1
[ Info:  -- Computing retirement case for period 1
[ Info:  -- Discounting fixed costs for period 2
[ Info:  -- Computing retirement case for period 2
[ Info:  -- Discounting fixed costs for period 3
[ Info:  -- Computing retirement case for period 3
[ Info:  -- Discounting fixed costs for period 4
[ Info:  -- Computing retirement case for period 4
[ Info: *** Done generating case. It took 318.07 seconds ***
[ Info: *** Generating monolithic model ***
[ Info: Generating model
[ Info:  -- Period 1
[ Info:  -- Adding linking variables
[ Info:  -- Defining available capacity
[ Info:  -- Generating planning model
[ Info:  -- Including age-based retirements
[ Info:  -- Available capacity in period 1 is being carried over to period 2
[ Info:  -- Generating operational model
[ Info:  -- Period 2
[ Info:  -- Adding linking variables
[ Info:  -- Defining available capacity
[ Info:  -- Generating planning model
[ Info:  -- Including age-based retirements
[ Info:  -- Available capacity in period 2 is being carried over to period 3
[ Info:  -- Generating operational model
[ Info:  -- Period 3
[ Info:  -- Adding linking variables
[ Info:  -- Defining available capacity
[ Info:  -- Generating planning model
[ Info:  -- Including age-based retirements
[ Info:  -- Available capacity in period 3 is being carried over to period 4
[ Info:  -- Generating operational model
[ Info:  -- Period 4
[ Info:  -- Adding linking variables
[ Info:  -- Defining available capacity
[ Info:  -- Generating planning model
[ Info:  -- Including age-based retirements
[ Info:  -- Generating operational model
[ Info:  -- Adding MGA variables
[ Info: Scaling constraints and RHS
[ Info:  -- Model generation complete, it took 248.45361280441284 seconds
[ Info: Writing results for period 1
[ Info: Writing capacity results to /home/al3792/NZC_MGA/NZC_Workshop_Example_Systems_June_2026/NZC_Workshop_All Sector_12day_MultiPeriods_WIP/case/MGAResults_max/MGA_0.1_1/results_period_1/capacity.csv
[ Info: Writing total discounted costs to /home/al3792/NZC_MGA/NZC_Workshop_Example_Systems_June_2026/NZC_Workshop_All Sector_12day_MultiPeriods_WIP/case/MGAResults_max/MGA_0.1_1/results_period_1/costs.csv
[ Info: Writing total undiscounted costs to /home/al3792/NZC_MGA/NZC_Workshop_Example_Systems_June_2026/NZC_Workshop_All Sector_12day_MultiPeriods_WIP/case/MGAResults_max/MGA_0.1_1/results_period_1/undiscounted_costs.csv
┌ Warning: Objective value validation failed. Validation difference: 3.080419206334961e10
└ @ MacroEnergy ~/NZC_MGA/MacroEnergy.jl/src/write_outputs/write_cost.jl:953
[ Info: Writing detailed discounted costs by type to /home/al3792/NZC_MGA/NZC_Workshop_Example_Systems_June_2026/NZC_Workshop_All Sector_12day_MultiPeriods_WIP/case/MGAResults_max/MGA_0.1_1/results_period_1/costs_by_type.csv
┌ Warning: Objective value validation failed. Validation difference: 3.0804192063348633e10
└ @ MacroEnergy ~/NZC_MGA/MacroEnergy.jl/src/write_outputs/write_cost.jl:953
[ Info: Writing detailed discounted costs by zone to /home/al3792/NZC_MGA/NZC_Workshop_Example_Systems_June_2026/NZC_Workshop_All Sector_12day_MultiPeriods_WIP/case/MGAResults_max/MGA_0.1_1/results_period_1/costs_by_zone.csv
┌ Warning: Objective value validation failed. Validation difference: 3.508468706853906e10
└ @ MacroEnergy ~/NZC_MGA/MacroEnergy.jl/src/write_outputs/write_cost.jl:953
[ Info: Writing detailed undiscounted costs by type to /home/al3792/NZC_MGA/NZC_Workshop_Example_Systems_June_2026/NZC_Workshop_All Sector_12day_MultiPeriods_WIP/case/MGAResults_max/MGA_0.1_1/results_period_1/undiscounted_costs_by_type.csv
┌ Warning: Objective value validation failed. Validation difference: 3.508468706853516e10
└ @ MacroEnergy ~/NZC_MGA/MacroEnergy.jl/src/write_outputs/write_cost.jl:953
[ Info: Writing detailed undiscounted costs by zone to /home/al3792/NZC_MGA/NZC_Workshop_Example_Systems_June_2026/NZC_Workshop_All Sector_12day_MultiPeriods_WIP/case/MGAResults_max/MGA_0.1_1/results_period_1/undiscounted_costs_by_zone.csv
[ Info: Writing flow results to /home/al3792/NZC_MGA/NZC_Workshop_Example_Systems_June_2026/NZC_Workshop_All Sector_12day_MultiPeriods_WIP/case/MGAResults_max/MGA_0.1_1/results_period_1/flows.csv
[ Info: Writing non-served demand results to /home/al3792/NZC_MGA/NZC_Workshop_Example_Systems_June_2026/NZC_Workshop_All Sector_12day_MultiPeriods_WIP/case/MGAResults_max/MGA_0.1_1/results_period_1/non_served_demand.csv
[ Info: Writing storage level results to /home/al3792/NZC_MGA/NZC_Workshop_Example_Systems_June_2026/NZC_Workshop_All Sector_12day_MultiPeriods_WIP/case/MGAResults_max/MGA_0.1_1/results_period_1/storage_level.csv
[ Info: Writing curtailment results to /home/al3792/NZC_MGA/NZC_Workshop_Example_Systems_June_2026/NZC_Workshop_All Sector_12day_MultiPeriods_WIP/case/MGAResults_max/MGA_0.1_1/results_period_1/curtailment.csv
[ Info: Writing time weights to /home/al3792/NZC_MGA/NZC_Workshop_Example_Systems_June_2026/NZC_Workshop_All Sector_12day_MultiPeriods_WIP/case/MGAResults_max/MGA_0.1_1/results_period_1/time_weights.csv
[ Info: Writing constraint dual values to /home/al3792/NZC_MGA/NZC_Workshop_Example_Systems_June_2026/NZC_Workshop_All Sector_12day_MultiPeriods_WIP/case/MGAResults_max/MGA_0.1_1/results_period_1
[ Info: Writing balance constraint dual values to /home/al3792/NZC_MGA/NZC_Workshop_Example_Systems_June_2026/NZC_Workshop_All Sector_12day_MultiPeriods_WIP/case/MGAResults_max/MGA_0.1_1/results_period_1
[ Info: Writing CO2 cap constraint dual values to /home/al3792/NZC_MGA/NZC_Workshop_Example_Systems_June_2026/NZC_Workshop_All Sector_12day_MultiPeriods_WIP/case/MGAResults_max/MGA_0.1_1/results_period_1
[ Info: Writing objective value to /home/al3792/NZC_MGA/NZC_Workshop_Example_Systems_June_2026/NZC_Workshop_All Sector_12day_MultiPeriods_WIP/case/MGAResults_max/MGA_0.1_1/results_period_1/objective_value.csv
[ Info: Writing results for period 2
[ Info: Writing capacity results to /home/al3792/NZC_MGA/NZC_Workshop_Example_Systems_June_2026/NZC_Workshop_All Sector_12day_MultiPeriods_WIP/case/MGAResults_max/MGA_0.1_1/results_period_2/capacity.csv
[ Info: Writing total discounted costs to /home/al3792/NZC_MGA/NZC_Workshop_Example_Systems_June_2026/NZC_Workshop_All Sector_12day_MultiPeriods_WIP/case/MGAResults_max/MGA_0.1_1/results_period_2/costs.csv
[ Info: Writing total undiscounted costs to /home/al3792/NZC_MGA/NZC_Workshop_Example_Systems_June_2026/NZC_Workshop_All Sector_12day_MultiPeriods_WIP/case/MGAResults_max/MGA_0.1_1/results_period_2/undiscounted_costs.csv
┌ Warning: Objective value validation failed. Validation difference: 4.390783585878125e10
└ @ MacroEnergy ~/NZC_MGA/MacroEnergy.jl/src/write_outputs/write_cost.jl:953
[ Info: Writing detailed discounted costs by type to /home/al3792/NZC_MGA/NZC_Workshop_Example_Systems_June_2026/NZC_Workshop_All Sector_12day_MultiPeriods_WIP/case/MGAResults_max/MGA_0.1_1/results_period_2/costs_by_type.csv
┌ Warning: Objective value validation failed. Validation difference: 4.39078358587832e10
└ @ MacroEnergy ~/NZC_MGA/MacroEnergy.jl/src/write_outputs/write_cost.jl:953
[ Info: Writing detailed discounted costs by zone to /home/al3792/NZC_MGA/NZC_Workshop_Example_Systems_June_2026/NZC_Workshop_All Sector_12day_MultiPeriods_WIP/case/MGAResults_max/MGA_0.1_1/results_period_2/costs_by_zone.csv
┌ Warning: Objective value validation failed. Validation difference: 6.91508919480586e10
└ @ MacroEnergy ~/NZC_MGA/MacroEnergy.jl/src/write_outputs/write_cost.jl:953
[ Info: Writing detailed undiscounted costs by type to /home/al3792/NZC_MGA/NZC_Workshop_Example_Systems_June_2026/NZC_Workshop_All Sector_12day_MultiPeriods_WIP/case/MGAResults_max/MGA_0.1_1/results_period_2/undiscounted_costs_by_type.csv
┌ Warning: Objective value validation failed. Validation difference: 6.915089194805078e10
└ @ MacroEnergy ~/NZC_MGA/MacroEnergy.jl/src/write_outputs/write_cost.jl:953
[ Info: Writing detailed undiscounted costs by zone to /home/al3792/NZC_MGA/NZC_Workshop_Example_Systems_June_2026/NZC_Workshop_All Sector_12day_MultiPeriods_WIP/case/MGAResults_max/MGA_0.1_1/results_period_2/undiscounted_costs_by_zone.csv
[ Info: Writing flow results to /home/al3792/NZC_MGA/NZC_Workshop_Example_Systems_June_2026/NZC_Workshop_All Sector_12day_MultiPeriods_WIP/case/MGAResults_max/MGA_0.1_1/results_period_2/flows.csv
[ Info: Writing non-served demand results to /home/al3792/NZC_MGA/NZC_Workshop_Example_Systems_June_2026/NZC_Workshop_All Sector_12day_MultiPeriods_WIP/case/MGAResults_max/MGA_0.1_1/results_period_2/non_served_demand.csv
[ Info: Writing storage level results to /home/al3792/NZC_MGA/NZC_Workshop_Example_Systems_June_2026/NZC_Workshop_All Sector_12day_MultiPeriods_WIP/case/MGAResults_max/MGA_0.1_1/results_period_2/storage_level.csv
[ Info: Writing curtailment results to /home/al3792/NZC_MGA/NZC_Workshop_Example_Systems_June_2026/NZC_Workshop_All Sector_12day_MultiPeriods_WIP/case/MGAResults_max/MGA_0.1_1/results_period_2/curtailment.csv
[ Info: Writing time weights to /home/al3792/NZC_MGA/NZC_Workshop_Example_Systems_June_2026/NZC_Workshop_All Sector_12day_MultiPeriods_WIP/case/MGAResults_max/MGA_0.1_1/results_period_2/time_weights.csv
[ Info: Writing constraint dual values to /home/al3792/NZC_MGA/NZC_Workshop_Example_Systems_June_2026/NZC_Workshop_All Sector_12day_MultiPeriods_WIP/case/MGAResults_max/MGA_0.1_1/results_period_2
[ Info: Writing balance constraint dual values to /home/al3792/NZC_MGA/NZC_Workshop_Example_Systems_June_2026/NZC_Workshop_All Sector_12day_MultiPeriods_WIP/case/MGAResults_max/MGA_0.1_1/results_period_2
[ Info: Writing CO2 cap constraint dual values to /home/al3792/NZC_MGA/NZC_Workshop_Example_Systems_June_2026/NZC_Workshop_All Sector_12day_MultiPeriods_WIP/case/MGAResults_max/MGA_0.1_1/results_period_2
[ Info: Writing objective value to /home/al3792/NZC_MGA/NZC_Workshop_Example_Systems_June_2026/NZC_Workshop_All Sector_12day_MultiPeriods_WIP/case/MGAResults_max/MGA_0.1_1/results_period_2/objective_value.csv
[ Info: Writing results for period 3
[ Info: Writing capacity results to /home/al3792/NZC_MGA/NZC_Workshop_Example_Systems_June_2026/NZC_Workshop_All Sector_12day_MultiPeriods_WIP/case/MGAResults_max/MGA_0.1_1/results_period_3/capacity.csv
[ Info: Writing total discounted costs to /home/al3792/NZC_MGA/NZC_Workshop_Example_Systems_June_2026/NZC_Workshop_All Sector_12day_MultiPeriods_WIP/case/MGAResults_max/MGA_0.1_1/results_period_3/costs.csv
[ Info: Writing total undiscounted costs to /home/al3792/NZC_MGA/NZC_Workshop_Example_Systems_June_2026/NZC_Workshop_All Sector_12day_MultiPeriods_WIP/case/MGAResults_max/MGA_0.1_1/results_period_3/undiscounted_costs.csv
┌ Warning: Objective value validation failed. Validation difference: 3.053369100067627e10
└ @ MacroEnergy ~/NZC_MGA/MacroEnergy.jl/src/write_outputs/write_cost.jl:953
[ Info: Writing detailed discounted costs by type to /home/al3792/NZC_MGA/NZC_Workshop_Example_Systems_June_2026/NZC_Workshop_All Sector_12day_MultiPeriods_WIP/case/MGAResults_max/MGA_0.1_1/results_period_3/costs_by_type.csv
┌ Warning: Objective value validation failed. Validation difference: 3.053369100066992e10
└ @ MacroEnergy ~/NZC_MGA/MacroEnergy.jl/src/write_outputs/write_cost.jl:953
[ Info: Writing detailed discounted costs by zone to /home/al3792/NZC_MGA/NZC_Workshop_Example_Systems_June_2026/NZC_Workshop_All Sector_12day_MultiPeriods_WIP/case/MGAResults_max/MGA_0.1_1/results_period_3/costs_by_zone.csv
┌ Warning: Objective value validation failed. Validation difference: 7.467890906043457e10
└ @ MacroEnergy ~/NZC_MGA/MacroEnergy.jl/src/write_outputs/write_cost.jl:953
[ Info: Writing detailed undiscounted costs by type to /home/al3792/NZC_MGA/NZC_Workshop_Example_Systems_June_2026/NZC_Workshop_All Sector_12day_MultiPeriods_WIP/case/MGAResults_max/MGA_0.1_1/results_period_3/undiscounted_costs_by_type.csv
┌ Warning: Objective value validation failed. Validation difference: 7.467890906043555e10
└ @ MacroEnergy ~/NZC_MGA/MacroEnergy.jl/src/write_outputs/write_cost.jl:953
[ Info: Writing detailed undiscounted costs by zone to /home/al3792/NZC_MGA/NZC_Workshop_Example_Systems_June_2026/NZC_Workshop_All Sector_12day_MultiPeriods_WIP/case/MGAResults_max/MGA_0.1_1/results_period_3/undiscounted_costs_by_zone.csv
[ Info: Writing flow results to /home/al3792/NZC_MGA/NZC_Workshop_Example_Systems_June_2026/NZC_Workshop_All Sector_12day_MultiPeriods_WIP/case/MGAResults_max/MGA_0.1_1/results_period_3/flows.csv
[ Info: Writing non-served demand results to /home/al3792/NZC_MGA/NZC_Workshop_Example_Systems_June_2026/NZC_Workshop_All Sector_12day_MultiPeriods_WIP/case/MGAResults_max/MGA_0.1_1/results_period_3/non_served_demand.csv
[ Info: Writing storage level results to /home/al3792/NZC_MGA/NZC_Workshop_Example_Systems_June_2026/NZC_Workshop_All Sector_12day_MultiPeriods_WIP/case/MGAResults_max/MGA_0.1_1/results_period_3/storage_level.csv
[ Info: Writing curtailment results to /home/al3792/NZC_MGA/NZC_Workshop_Example_Systems_June_2026/NZC_Workshop_All Sector_12day_MultiPeriods_WIP/case/MGAResults_max/MGA_0.1_1/results_period_3/curtailment.csv
[ Info: Writing time weights to /home/al3792/NZC_MGA/NZC_Workshop_Example_Systems_June_2026/NZC_Workshop_All Sector_12day_MultiPeriods_WIP/case/MGAResults_max/MGA_0.1_1/results_period_3/time_weights.csv
[ Info: Writing constraint dual values to /home/al3792/NZC_MGA/NZC_Workshop_Example_Systems_June_2026/NZC_Workshop_All Sector_12day_MultiPeriods_WIP/case/MGAResults_max/MGA_0.1_1/results_period_3
[ Info: Writing balance constraint dual values to /home/al3792/NZC_MGA/NZC_Workshop_Example_Systems_June_2026/NZC_Workshop_All Sector_12day_MultiPeriods_WIP/case/MGAResults_max/MGA_0.1_1/results_period_3
[ Info: Writing CO2 cap constraint dual values to /home/al3792/NZC_MGA/NZC_Workshop_Example_Systems_June_2026/NZC_Workshop_All Sector_12day_MultiPeriods_WIP/case/MGAResults_max/MGA_0.1_1/results_period_3
[ Info: Writing objective value to /home/al3792/NZC_MGA/NZC_Workshop_Example_Systems_June_2026/NZC_Workshop_All Sector_12day_MultiPeriods_WIP/case/MGAResults_max/MGA_0.1_1/results_period_3/objective_value.csv
[ Info: Writing results for period 4
[ Info: Writing capacity results to /home/al3792/NZC_MGA/NZC_Workshop_Example_Systems_June_2026/NZC_Workshop_All Sector_12day_MultiPeriods_WIP/case/MGAResults_max/MGA_0.1_1/results_period_4/capacity.csv
[ Info: Writing total discounted costs to /home/al3792/NZC_MGA/NZC_Workshop_Example_Systems_June_2026/NZC_Workshop_All Sector_12day_MultiPeriods_WIP/case/MGAResults_max/MGA_0.1_1/results_period_4/costs.csv
[ Info: Writing total undiscounted costs to /home/al3792/NZC_MGA/NZC_Workshop_Example_Systems_June_2026/NZC_Workshop_All Sector_12day_MultiPeriods_WIP/case/MGAResults_max/MGA_0.1_1/results_period_4/undiscounted_costs.csv
┌ Warning: Objective value validation failed. Validation difference: 3.3874440343664062e10
└ @ MacroEnergy ~/NZC_MGA/MacroEnergy.jl/src/write_outputs/write_cost.jl:953
[ Info: Writing detailed discounted costs by type to /home/al3792/NZC_MGA/NZC_Workshop_Example_Systems_June_2026/NZC_Workshop_All Sector_12day_MultiPeriods_WIP/case/MGAResults_max/MGA_0.1_1/results_period_4/costs_by_type.csv
┌ Warning: Objective value validation failed. Validation difference: 3.3874440343663086e10
└ @ MacroEnergy ~/NZC_MGA/MacroEnergy.jl/src/write_outputs/write_cost.jl:953
[ Info: Writing detailed discounted costs by zone to /home/al3792/NZC_MGA/NZC_Workshop_Example_Systems_June_2026/NZC_Workshop_All Sector_12day_MultiPeriods_WIP/case/MGAResults_max/MGA_0.1_1/results_period_4/costs_by_zone.csv
┌ Warning: Objective value validation failed. Validation difference: 1.286630054640039e11
└ @ MacroEnergy ~/NZC_MGA/MacroEnergy.jl/src/write_outputs/write_cost.jl:953
[ Info: Writing detailed undiscounted costs by type to /home/al3792/NZC_MGA/NZC_Workshop_Example_Systems_June_2026/NZC_Workshop_All Sector_12day_MultiPeriods_WIP/case/MGAResults_max/MGA_0.1_1/results_period_4/undiscounted_costs_by_type.csv
┌ Warning: Objective value validation failed. Validation difference: 1.2866300546399805e11
└ @ MacroEnergy ~/NZC_MGA/MacroEnergy.jl/src/write_outputs/write_cost.jl:953
[ Info: Writing detailed undiscounted costs by zone to /home/al3792/NZC_MGA/NZC_Workshop_Example_Systems_June_2026/NZC_Workshop_All Sector_12day_MultiPeriods_WIP/case/MGAResults_max/MGA_0.1_1/results_period_4/undiscounted_costs_by_zone.csv
[ Info: Writing flow results to /home/al3792/NZC_MGA/NZC_Workshop_Example_Systems_June_2026/NZC_Workshop_All Sector_12day_MultiPeriods_WIP/case/MGAResults_max/MGA_0.1_1/results_period_4/flows.csv
[ Info: Writing non-served demand results to /home/al3792/NZC_MGA/NZC_Workshop_Example_Systems_June_2026/NZC_Workshop_All Sector_12day_MultiPeriods_WIP/case/MGAResults_max/MGA_0.1_1/results_period_4/non_served_demand.csv
[ Info: Writing storage level results to /home/al3792/NZC_MGA/NZC_Workshop_Example_Systems_June_2026/NZC_Workshop_All Sector_12day_MultiPeriods_WIP/case/MGAResults_max/MGA_0.1_1/results_period_4/storage_level.csv
[ Info: Writing curtailment results to /home/al3792/NZC_MGA/NZC_Workshop_Example_Systems_June_2026/NZC_Workshop_All Sector_12day_MultiPeriods_WIP/case/MGAResults_max/MGA_0.1_1/results_period_4/curtailment.csv
[ Info: Writing time weights to /home/al3792/NZC_MGA/NZC_Workshop_Example_Systems_June_2026/NZC_Workshop_All Sector_12day_MultiPeriods_WIP/case/MGAResults_max/MGA_0.1_1/results_period_4/time_weights.csv
[ Info: Writing constraint dual values to /home/al3792/NZC_MGA/NZC_Workshop_Example_Systems_June_2026/NZC_Workshop_All Sector_12day_MultiPeriods_WIP/case/MGAResults_max/MGA_0.1_1/results_period_4
[ Info: Writing balance constraint dual values to /home/al3792/NZC_MGA/NZC_Workshop_Example_Systems_June_2026/NZC_Workshop_All Sector_12day_MultiPeriods_WIP/case/MGAResults_max/MGA_0.1_1/results_period_4
[ Info: Writing CO2 cap constraint dual values to /home/al3792/NZC_MGA/NZC_Workshop_Example_Systems_June_2026/NZC_Workshop_All Sector_12day_MultiPeriods_WIP/case/MGAResults_max/MGA_0.1_1/results_period_4
[ Info: Writing objective value to /home/al3792/NZC_MGA/NZC_Workshop_Example_Systems_June_2026/NZC_Workshop_All Sector_12day_MultiPeriods_WIP/case/MGAResults_max/MGA_0.1_1/results_period_4/objective_value.csv
[ Info: Writing results for period 1
[ Info: Writing capacity results to /home/al3792/NZC_MGA/NZC_Workshop_Example_Systems_June_2026/NZC_Workshop_All Sector_12day_MultiPeriods_WIP/case/MGAResults_min/MGA_0.1_1/results_period_1/capacity.csv
[ Info: Writing total discounted costs to /home/al3792/NZC_MGA/NZC_Workshop_Example_Systems_June_2026/NZC_Workshop_All Sector_12day_MultiPeriods_WIP/case/MGAResults_min/MGA_0.1_1/results_period_1/costs.csv
[ Info: Writing total undiscounted costs to /home/al3792/NZC_MGA/NZC_Workshop_Example_Systems_June_2026/NZC_Workshop_All Sector_12day_MultiPeriods_WIP/case/MGAResults_min/MGA_0.1_1/results_period_1/undiscounted_costs.csv
┌ Warning: Objective value validation failed. Validation difference: 1.7622330240210312e12
└ @ MacroEnergy ~/NZC_MGA/MacroEnergy.jl/src/write_outputs/write_cost.jl:953
[ Info: Writing detailed discounted costs by type to /home/al3792/NZC_MGA/NZC_Workshop_Example_Systems_June_2026/NZC_Workshop_All Sector_12day_MultiPeriods_WIP/case/MGAResults_min/MGA_0.1_1/results_period_1/costs_by_type.csv
┌ Warning: Objective value validation failed. Validation difference: 1.7622330240210283e12
└ @ MacroEnergy ~/NZC_MGA/MacroEnergy.jl/src/write_outputs/write_cost.jl:953
[ Info: Writing detailed discounted costs by zone to /home/al3792/NZC_MGA/NZC_Workshop_Example_Systems_June_2026/NZC_Workshop_All Sector_12day_MultiPeriods_WIP/case/MGAResults_min/MGA_0.1_1/results_period_1/costs_by_zone.csv
┌ Warning: Objective value validation failed. Validation difference: 2.007109748652789e12
└ @ MacroEnergy ~/NZC_MGA/MacroEnergy.jl/src/write_outputs/write_cost.jl:953
[ Info: Writing detailed undiscounted costs by type to /home/al3792/NZC_MGA/NZC_Workshop_Example_Systems_June_2026/NZC_Workshop_All Sector_12day_MultiPeriods_WIP/case/MGAResults_min/MGA_0.1_1/results_period_1/undiscounted_costs_by_type.csv
┌ Warning: Objective value validation failed. Validation difference: 2.0071097486527812e12
└ @ MacroEnergy ~/NZC_MGA/MacroEnergy.jl/src/write_outputs/write_cost.jl:953
[ Info: Writing detailed undiscounted costs by zone to /home/al3792/NZC_MGA/NZC_Workshop_Example_Systems_June_2026/NZC_Workshop_All Sector_12day_MultiPeriods_WIP/case/MGAResults_min/MGA_0.1_1/results_period_1/undiscounted_costs_by_zone.csv
[ Info: Writing flow results to /home/al3792/NZC_MGA/NZC_Workshop_Example_Systems_June_2026/NZC_Workshop_All Sector_12day_MultiPeriods_WIP/case/MGAResults_min/MGA_0.1_1/results_period_1/flows.csv
[ Info: Writing non-served demand results to /home/al3792/NZC_MGA/NZC_Workshop_Example_Systems_June_2026/NZC_Workshop_All Sector_12day_MultiPeriods_WIP/case/MGAResults_min/MGA_0.1_1/results_period_1/non_served_demand.csv
[ Info: Writing storage level results to /home/al3792/NZC_MGA/NZC_Workshop_Example_Systems_June_2026/NZC_Workshop_All Sector_12day_MultiPeriods_WIP/case/MGAResults_min/MGA_0.1_1/results_period_1/storage_level.csv
[ Info: Writing curtailment results to /home/al3792/NZC_MGA/NZC_Workshop_Example_Systems_June_2026/NZC_Workshop_All Sector_12day_MultiPeriods_WIP/case/MGAResults_min/MGA_0.1_1/results_period_1/curtailment.csv
[ Info: Writing time weights to /home/al3792/NZC_MGA/NZC_Workshop_Example_Systems_June_2026/NZC_Workshop_All Sector_12day_MultiPeriods_WIP/case/MGAResults_min/MGA_0.1_1/results_period_1/time_weights.csv
[ Info: Writing constraint dual values to /home/al3792/NZC_MGA/NZC_Workshop_Example_Systems_June_2026/NZC_Workshop_All Sector_12day_MultiPeriods_WIP/case/MGAResults_min/MGA_0.1_1/results_period_1
[ Info: Writing balance constraint dual values to /home/al3792/NZC_MGA/NZC_Workshop_Example_Systems_June_2026/NZC_Workshop_All Sector_12day_MultiPeriods_WIP/case/MGAResults_min/MGA_0.1_1/results_period_1
[ Info: Writing CO2 cap constraint dual values to /home/al3792/NZC_MGA/NZC_Workshop_Example_Systems_June_2026/NZC_Workshop_All Sector_12day_MultiPeriods_WIP/case/MGAResults_min/MGA_0.1_1/results_period_1
[ Info: Writing objective value to /home/al3792/NZC_MGA/NZC_Workshop_Example_Systems_June_2026/NZC_Workshop_All Sector_12day_MultiPeriods_WIP/case/MGAResults_min/MGA_0.1_1/results_period_1/objective_value.csv
[ Info: Writing results for period 2
[ Info: Writing capacity results to /home/al3792/NZC_MGA/NZC_Workshop_Example_Systems_June_2026/NZC_Workshop_All Sector_12day_MultiPeriods_WIP/case/MGAResults_min/MGA_0.1_1/results_period_2/capacity.csv
[ Info: Writing total discounted costs to /home/al3792/NZC_MGA/NZC_Workshop_Example_Systems_June_2026/NZC_Workshop_All Sector_12day_MultiPeriods_WIP/case/MGAResults_min/MGA_0.1_1/results_period_2/costs.csv
[ Info: Writing total undiscounted costs to /home/al3792/NZC_MGA/NZC_Workshop_Example_Systems_June_2026/NZC_Workshop_All Sector_12day_MultiPeriods_WIP/case/MGAResults_min/MGA_0.1_1/results_period_2/undiscounted_costs.csv
┌ Warning: Objective value validation failed. Validation difference: 1.824606075966209e12
└ @ MacroEnergy ~/NZC_MGA/MacroEnergy.jl/src/write_outputs/write_cost.jl:953
[ Info: Writing detailed discounted costs by type to /home/al3792/NZC_MGA/NZC_Workshop_Example_Systems_June_2026/NZC_Workshop_All Sector_12day_MultiPeriods_WIP/case/MGAResults_min/MGA_0.1_1/results_period_2/costs_by_type.csv
┌ Warning: Objective value validation failed. Validation difference: 1.824606075966208e12
└ @ MacroEnergy ~/NZC_MGA/MacroEnergy.jl/src/write_outputs/write_cost.jl:953
[ Info: Writing detailed discounted costs by zone to /home/al3792/NZC_MGA/NZC_Workshop_Example_Systems_June_2026/NZC_Workshop_All Sector_12day_MultiPeriods_WIP/case/MGAResults_min/MGA_0.1_1/results_period_2/costs_by_zone.csv
┌ Warning: Objective value validation failed. Validation difference: 2.8735904455405586e12
└ @ MacroEnergy ~/NZC_MGA/MacroEnergy.jl/src/write_outputs/write_cost.jl:953
[ Info: Writing detailed undiscounted costs by type to /home/al3792/NZC_MGA/NZC_Workshop_Example_Systems_June_2026/NZC_Workshop_All Sector_12day_MultiPeriods_WIP/case/MGAResults_min/MGA_0.1_1/results_period_2/undiscounted_costs_by_type.csv
┌ Warning: Objective value validation failed. Validation difference: 2.873590445540578e12
└ @ MacroEnergy ~/NZC_MGA/MacroEnergy.jl/src/write_outputs/write_cost.jl:953
[ Info: Writing detailed undiscounted costs by zone to /home/al3792/NZC_MGA/NZC_Workshop_Example_Systems_June_2026/NZC_Workshop_All Sector_12day_MultiPeriods_WIP/case/MGAResults_min/MGA_0.1_1/results_period_2/undiscounted_costs_by_zone.csv
[ Info: Writing flow results to /home/al3792/NZC_MGA/NZC_Workshop_Example_Systems_June_2026/NZC_Workshop_All Sector_12day_MultiPeriods_WIP/case/MGAResults_min/MGA_0.1_1/results_period_2/flows.csv
[ Info: Writing non-served demand results to /home/al3792/NZC_MGA/NZC_Workshop_Example_Systems_June_2026/NZC_Workshop_All Sector_12day_MultiPeriods_WIP/case/MGAResults_min/MGA_0.1_1/results_period_2/non_served_demand.csv
[ Info: Writing storage level results to /home/al3792/NZC_MGA/NZC_Workshop_Example_Systems_June_2026/NZC_Workshop_All Sector_12day_MultiPeriods_WIP/case/MGAResults_min/MGA_0.1_1/results_period_2/storage_level.csv
[ Info: Writing curtailment results to /home/al3792/NZC_MGA/NZC_Workshop_Example_Systems_June_2026/NZC_Workshop_All Sector_12day_MultiPeriods_WIP/case/MGAResults_min/MGA_0.1_1/results_period_2/curtailment.csv
[ Info: Writing time weights to /home/al3792/NZC_MGA/NZC_Workshop_Example_Systems_June_2026/NZC_Workshop_All Sector_12day_MultiPeriods_WIP/case/MGAResults_min/MGA_0.1_1/results_period_2/time_weights.csv
[ Info: Writing constraint dual values to /home/al3792/NZC_MGA/NZC_Workshop_Example_Systems_June_2026/NZC_Workshop_All Sector_12day_MultiPeriods_WIP/case/MGAResults_min/MGA_0.1_1/results_period_2
[ Info: Writing balance constraint dual values to /home/al3792/NZC_MGA/NZC_Workshop_Example_Systems_June_2026/NZC_Workshop_All Sector_12day_MultiPeriods_WIP/case/MGAResults_min/MGA_0.1_1/results_period_2
[ Info: Writing CO2 cap constraint dual values to /home/al3792/NZC_MGA/NZC_Workshop_Example_Systems_June_2026/NZC_Workshop_All Sector_12day_MultiPeriods_WIP/case/MGAResults_min/MGA_0.1_1/results_period_2
[ Info: Writing objective value to /home/al3792/NZC_MGA/NZC_Workshop_Example_Systems_June_2026/NZC_Workshop_All Sector_12day_MultiPeriods_WIP/case/MGAResults_min/MGA_0.1_1/results_period_2/objective_value.csv
[ Info: Writing results for period 3
[ Info: Writing capacity results to /home/al3792/NZC_MGA/NZC_Workshop_Example_Systems_June_2026/NZC_Workshop_All Sector_12day_MultiPeriods_WIP/case/MGAResults_min/MGA_0.1_1/results_period_3/capacity.csv
[ Info: Writing total discounted costs to /home/al3792/NZC_MGA/NZC_Workshop_Example_Systems_June_2026/NZC_Workshop_All Sector_12day_MultiPeriods_WIP/case/MGAResults_min/MGA_0.1_1/results_period_3/costs.csv
[ Info: Writing total undiscounted costs to /home/al3792/NZC_MGA/NZC_Workshop_Example_Systems_June_2026/NZC_Workshop_All Sector_12day_MultiPeriods_WIP/case/MGAResults_min/MGA_0.1_1/results_period_3/undiscounted_costs.csv
┌ Warning: Objective value validation failed. Validation difference: 1.7654003409343535e12
└ @ MacroEnergy ~/NZC_MGA/MacroEnergy.jl/src/write_outputs/write_cost.jl:953
[ Info: Writing detailed discounted costs by type to /home/al3792/NZC_MGA/NZC_Workshop_Example_Systems_June_2026/NZC_Workshop_All Sector_12day_MultiPeriods_WIP/case/MGAResults_min/MGA_0.1_1/results_period_3/costs_by_type.csv
┌ Warning: Objective value validation failed. Validation difference: 1.7654003409343564e12
└ @ MacroEnergy ~/NZC_MGA/MacroEnergy.jl/src/write_outputs/write_cost.jl:953
[ Info: Writing detailed discounted costs by zone to /home/al3792/NZC_MGA/NZC_Workshop_Example_Systems_June_2026/NZC_Workshop_All Sector_12day_MultiPeriods_WIP/case/MGAResults_min/MGA_0.1_1/results_period_3/costs_by_zone.csv
┌ Warning: Objective value validation failed. Validation difference: 4.3177934666245996e12
└ @ MacroEnergy ~/NZC_MGA/MacroEnergy.jl/src/write_outputs/write_cost.jl:953
[ Info: Writing detailed undiscounted costs by type to /home/al3792/NZC_MGA/NZC_Workshop_Example_Systems_June_2026/NZC_Workshop_All Sector_12day_MultiPeriods_WIP/case/MGAResults_min/MGA_0.1_1/results_period_3/undiscounted_costs_by_type.csv
┌ Warning: Objective value validation failed. Validation difference: 4.3177934666246133e12
└ @ MacroEnergy ~/NZC_MGA/MacroEnergy.jl/src/write_outputs/write_cost.jl:953
[ Info: Writing detailed undiscounted costs by zone to /home/al3792/NZC_MGA/NZC_Workshop_Example_Systems_June_2026/NZC_Workshop_All Sector_12day_MultiPeriods_WIP/case/MGAResults_min/MGA_0.1_1/results_period_3/undiscounted_costs_by_zone.csv
[ Info: Writing flow results to /home/al3792/NZC_MGA/NZC_Workshop_Example_Systems_June_2026/NZC_Workshop_All Sector_12day_MultiPeriods_WIP/case/MGAResults_min/MGA_0.1_1/results_period_3/flows.csv
[ Info: Writing non-served demand results to /home/al3792/NZC_MGA/NZC_Workshop_Example_Systems_June_2026/NZC_Workshop_All Sector_12day_MultiPeriods_WIP/case/MGAResults_min/MGA_0.1_1/results_period_3/non_served_demand.csv
[ Info: Writing storage level results to /home/al3792/NZC_MGA/NZC_Workshop_Example_Systems_June_2026/NZC_Workshop_All Sector_12day_MultiPeriods_WIP/case/MGAResults_min/MGA_0.1_1/results_period_3/storage_level.csv
[ Info: Writing curtailment results to /home/al3792/NZC_MGA/NZC_Workshop_Example_Systems_June_2026/NZC_Workshop_All Sector_12day_MultiPeriods_WIP/case/MGAResults_min/MGA_0.1_1/results_period_3/curtailment.csv
[ Info: Writing time weights to /home/al3792/NZC_MGA/NZC_Workshop_Example_Systems_June_2026/NZC_Workshop_All Sector_12day_MultiPeriods_WIP/case/MGAResults_min/MGA_0.1_1/results_period_3/time_weights.csv
[ Info: Writing constraint dual values to /home/al3792/NZC_MGA/NZC_Workshop_Example_Systems_June_2026/NZC_Workshop_All Sector_12day_MultiPeriods_WIP/case/MGAResults_min/MGA_0.1_1/results_period_3
[ Info: Writing balance constraint dual values to /home/al3792/NZC_MGA/NZC_Workshop_Example_Systems_June_2026/NZC_Workshop_All Sector_12day_MultiPeriods_WIP/case/MGAResults_min/MGA_0.1_1/results_period_3
[ Info: Writing CO2 cap constraint dual values to /home/al3792/NZC_MGA/NZC_Workshop_Example_Systems_June_2026/NZC_Workshop_All Sector_12day_MultiPeriods_WIP/case/MGAResults_min/MGA_0.1_1/results_period_3
[ Info: Writing objective value to /home/al3792/NZC_MGA/NZC_Workshop_Example_Systems_June_2026/NZC_Workshop_All Sector_12day_MultiPeriods_WIP/case/MGAResults_min/MGA_0.1_1/results_period_3/objective_value.csv
[ Info: Writing results for period 4
[ Info: Writing capacity results to /home/al3792/NZC_MGA/NZC_Workshop_Example_Systems_June_2026/NZC_Workshop_All Sector_12day_MultiPeriods_WIP/case/MGAResults_min/MGA_0.1_1/results_period_4/capacity.csv
[ Info: Writing total discounted costs to /home/al3792/NZC_MGA/NZC_Workshop_Example_Systems_June_2026/NZC_Workshop_All Sector_12day_MultiPeriods_WIP/case/MGAResults_min/MGA_0.1_1/results_period_4/costs.csv
[ Info: Writing total undiscounted costs to /home/al3792/NZC_MGA/NZC_Workshop_Example_Systems_June_2026/NZC_Workshop_All Sector_12day_MultiPeriods_WIP/case/MGAResults_min/MGA_0.1_1/results_period_4/undiscounted_costs.csv
┌ Warning: Objective value validation failed. Validation difference: 1.7897597569830728e12
└ @ MacroEnergy ~/NZC_MGA/MacroEnergy.jl/src/write_outputs/write_cost.jl:953
[ Info: Writing detailed discounted costs by type to /home/al3792/NZC_MGA/NZC_Workshop_Example_Systems_June_2026/NZC_Workshop_All Sector_12day_MultiPeriods_WIP/case/MGAResults_min/MGA_0.1_1/results_period_4/costs_by_type.csv
┌ Warning: Objective value validation failed. Validation difference: 1.7897597569830708e12
└ @ MacroEnergy ~/NZC_MGA/MacroEnergy.jl/src/write_outputs/write_cost.jl:953
[ Info: Writing detailed discounted costs by zone to /home/al3792/NZC_MGA/NZC_Workshop_Example_Systems_June_2026/NZC_Workshop_All Sector_12day_MultiPeriods_WIP/case/MGAResults_min/MGA_0.1_1/results_period_4/costs_by_zone.csv
┌ Warning: Objective value validation failed. Validation difference: 6.797923952505429e12
└ @ MacroEnergy ~/NZC_MGA/MacroEnergy.jl/src/write_outputs/write_cost.jl:953
[ Info: Writing detailed undiscounted costs by type to /home/al3792/NZC_MGA/NZC_Workshop_Example_Systems_June_2026/NZC_Workshop_All Sector_12day_MultiPeriods_WIP/case/MGAResults_min/MGA_0.1_1/results_period_4/undiscounted_costs_by_type.csv
┌ Warning: Objective value validation failed. Validation difference: 6.797923952505397e12
└ @ MacroEnergy ~/NZC_MGA/MacroEnergy.jl/src/write_outputs/write_cost.jl:953
[ Info: Writing detailed undiscounted costs by zone to /home/al3792/NZC_MGA/NZC_Workshop_Example_Systems_June_2026/NZC_Workshop_All Sector_12day_MultiPeriods_WIP/case/MGAResults_min/MGA_0.1_1/results_period_4/undiscounted_costs_by_zone.csv
[ Info: Writing flow results to /home/al3792/NZC_MGA/NZC_Workshop_Example_Systems_June_2026/NZC_Workshop_All Sector_12day_MultiPeriods_WIP/case/MGAResults_min/MGA_0.1_1/results_period_4/flows.csv
[ Info: Writing non-served demand results to /home/al3792/NZC_MGA/NZC_Workshop_Example_Systems_June_2026/NZC_Workshop_All Sector_12day_MultiPeriods_WIP/case/MGAResults_min/MGA_0.1_1/results_period_4/non_served_demand.csv
[ Info: Writing storage level results to /home/al3792/NZC_MGA/NZC_Workshop_Example_Systems_June_2026/NZC_Workshop_All Sector_12day_MultiPeriods_WIP/case/MGAResults_min/MGA_0.1_1/results_period_4/storage_level.csv
[ Info: Writing curtailment results to /home/al3792/NZC_MGA/NZC_Workshop_Example_Systems_June_2026/NZC_Workshop_All Sector_12day_MultiPeriods_WIP/case/MGAResults_min/MGA_0.1_1/results_period_4/curtailment.csv
[ Info: Writing time weights to /home/al3792/NZC_MGA/NZC_Workshop_Example_Systems_June_2026/NZC_Workshop_All Sector_12day_MultiPeriods_WIP/case/MGAResults_min/MGA_0.1_1/results_period_4/time_weights.csv
[ Info: Writing constraint dual values to /home/al3792/NZC_MGA/NZC_Workshop_Example_Systems_June_2026/NZC_Workshop_All Sector_12day_MultiPeriods_WIP/case/MGAResults_min/MGA_0.1_1/results_period_4
[ Info: Writing balance constraint dual values to /home/al3792/NZC_MGA/NZC_Workshop_Example_Systems_June_2026/NZC_Workshop_All Sector_12day_MultiPeriods_WIP/case/MGAResults_min/MGA_0.1_1/results_period_4
[ Info: Writing CO2 cap constraint dual values to /home/al3792/NZC_MGA/NZC_Workshop_Example_Systems_June_2026/NZC_Workshop_All Sector_12day_MultiPeriods_WIP/case/MGAResults_min/MGA_0.1_1/results_period_4
[ Info: Writing objective value to /home/al3792/NZC_MGA/NZC_Workshop_Example_Systems_June_2026/NZC_Workshop_All Sector_12day_MultiPeriods_WIP/case/MGAResults_min/MGA_0.1_1/results_period_4/objective_value.csv
Parameter scale=1000.0; MGA budget row: terms=7411192, divisor=1.0, RHS=1.5290000000000002e7, coefficient range=[5.4290729072361484e-11, 25308.11204800533]
MGA max: status=LOCALLY_SOLVED, system cost=1.5289999999994508e13, budget=1.5290000000000002e13
MGA max: objective=2311.3268669214904, system cost=1.5289999999994508e13, results=/home/al3792/NZC_MGA/NZC_Workshop_Example_Systems_June_2026/NZC_Workshop_All Sector_12day_MultiPeriods_WIP/case/MGAResults_max/MGA_0.1_1
MGA min: status=LOCALLY_SOLVED, system cost=1.529000000000359e13, budget=1.5290000000000002e13
MGA min: objective=527.4220244174718, system cost=1.529000000000359e13, results=/home/al3792/NZC_MGA/NZC_Workshop_Example_Systems_June_2026/NZC_Workshop_All Sector_12day_MultiPeriods_WIP/case/MGAResults_min/MGA_0.1_1
