
libgomp: Invalid value for environment variable OMP_NUM_THREADS: invalid
Set parameter LicenseID to value 197246
Set parameter GURO_PAR_SPECIAL
Set parameter TokenServer to value "license.rc.princeton.edu"
Set parameter Method to value 2
Set parameter Crossover to value 0
Set parameter BarConvTol to value 0.001
Set parameter Method to value 2
Set parameter Crossover to value 0
Set parameter BarConvTol to value 0.001
Gurobi Optimizer version 13.0.3 build v13.0.3rc0 (linux64 - "Red Hat Enterprise Linux 9.8 (Plow)")

CPU model: AMD EPYC 9654 96-Core Processor, instruction set [SSE2|AVX|AVX2|AVX512]
Thread count: 192 physical cores, 192 logical processors, using up to 32 threads

Non-default parameters:
Method  2
BarConvTol  0.001
Crossover  0

Optimize a model with 21242202 rows, 16507597 columns and 73682284 nonzeros (Max)
Model fingerprint: 0xe68a3b5d
Model has 32 linear objective coefficients
Coefficient statistics:
  Matrix range     [1e-03, 1e+06]
  Objective range  [1e-02, 1e+00]
  Bounds range     [1e+00, 1e+00]
  RHS range        [1e-03, 3e+08]

Presolve removed 10156167 rows and 3002468 columns (presolve time = 6s)...
Presolve removed 10658735 rows and 5884285 columns (presolve time = 11s)...
Presolve removed 15024450 rows and 10250000 columns (presolve time = 15s)...
Presolve removed 15779525 rows and 10534358 columns (presolve time = 22s)...
Presolve removed 15876290 rows and 10631092 columns (presolve time = 26s)...
Presolve removed 15876290 rows and 10631092 columns (presolve time = 30s)...
Presolve removed 16024465 rows and 10677518 columns (presolve time = 35s)...
Presolve removed 16060230 rows and 10792363 columns (presolve time = 41s)...
Presolve removed 16060230 rows and 10792363 columns
Presolve time: 41.98s
Presolved: 5181972 rows, 5715234 columns, 33162246 nonzeros
Elapsed ordering time = 7s
Elapsed ordering time = 10s
Elapsed ordering time = 15s
Elapsed ordering time = 20s
Elapsed ordering time = 25s
Elapsed ordering time = 30s
Elapsed ordering time = 43s
Elapsed ordering time = 45s
Elapsed ordering time = 50s
Ordering time: 116.44s
Elapsed ordering time = 162s
Elapsed ordering time = 170s
Elapsed ordering time = 170s
Elapsed ordering time = 175s
Elapsed ordering time = 180s
Elapsed ordering time = 185s
Elapsed ordering time = 190s
Elapsed ordering time = 195s
Elapsed ordering time = 201s
Elapsed ordering time = 205s
Elapsed ordering time = 210s
Elapsed ordering time = 215s
Elapsed ordering time = 220s
Elapsed ordering time = 225s
Elapsed ordering time = 230s
Elapsed ordering time = 235s
Elapsed ordering time = 240s
Elapsed ordering time = 245s
Elapsed ordering time = 250s
Elapsed ordering time = 255s
Elapsed ordering time = 260s
Elapsed ordering time = 265s
Elapsed ordering time = 270s
Elapsed ordering time = 275s
Elapsed ordering time = 280s
Elapsed ordering time = 285s
Elapsed ordering time = 290s
Elapsed ordering time = 295s
Elapsed ordering time = 300s
Elapsed ordering time = 305s
Elapsed ordering time = 310s
Elapsed ordering time = 315s
Elapsed ordering time = 320s
Elapsed ordering time = 325s
Elapsed ordering time = 330s
Elapsed ordering time = 335s
Elapsed ordering time = 340s
Elapsed ordering time = 345s
Elapsed ordering time = 350s
Elapsed ordering time = 355s
Elapsed ordering time = 360s
Elapsed ordering time = 365s
Elapsed ordering time = 370s
Elapsed ordering time = 375s
Elapsed ordering time = 380s
Elapsed ordering time = 385s
Elapsed ordering time = 390s
Elapsed ordering time = 395s
Elapsed ordering time = 400s
Elapsed ordering time = 405s
Elapsed ordering time = 410s
Elapsed ordering time = 415s
Elapsed ordering time = 420s
Elapsed ordering time = 425s
Elapsed ordering time = 430s
Elapsed ordering time = 435s
Elapsed ordering time = 440s
Elapsed ordering time = 445s
Elapsed ordering time = 450s
Elapsed ordering time = 455s
Elapsed ordering time = 460s
Elapsed ordering time = 465s
Elapsed ordering time = 470s
Elapsed ordering time = 475s
Elapsed ordering time = 480s
Elapsed ordering time = 485s
Elapsed ordering time = 490s
Elapsed ordering time = 495s
Elapsed ordering time = 500s
Elapsed ordering time = 505s
Elapsed ordering time = 510s
Elapsed ordering time = 515s
Elapsed ordering time = 520s
Elapsed ordering time = 525s
Elapsed ordering time = 530s
Elapsed ordering time = 535s
Elapsed ordering time = 540s
Elapsed ordering time = 545s
Elapsed ordering time = 550s
Elapsed ordering time = 555s
Elapsed ordering time = 560s
Ordering time: 586.58s
Elapsed ordering time = 594s
Elapsed ordering time = 595s
Elapsed ordering time = 600s
Elapsed ordering time = 605s
Elapsed ordering time = 610s
Elapsed ordering time = 615s
Elapsed ordering time = 631s
Elapsed ordering time = 635s
Elapsed ordering time = 641s
Elapsed ordering time = 645s
Elapsed ordering time = 650s
Elapsed ordering time = 656s
Elapsed ordering time = 661s
Elapsed ordering time = 665s
Elapsed ordering time = 670s
Elapsed ordering time = 675s
Elapsed ordering time = 680s
Elapsed ordering time = 685s
Ordering time: 700.29s

Barrier statistics:
 Dense cols : 4260
 Free vars  : 672
 AA' NZ     : 1.341e+08
 Factor NZ  : 7.517e+08 (roughly 10.0 GB of memory)
 Factor Ops : 2.007e+12 (roughly 5 seconds per iteration)
 Threads    : 32

                  Objective                Residual
Iter       Primal          Dual         Primal    Dual     Compl     Time
   0   6.48994890e+05  1.00634988e+06  1.93e+09 5.05e-01  7.48e+04   934s
   1   6.43780991e+05  1.34726142e+06  1.83e+09 1.86e+00  7.01e+04   954s
   2   6.39643080e+05  1.75060337e+06  1.69e+09 1.77e+00  6.46e+04   987s
   3   6.37518225e+05  2.20088473e+06  1.58e+09 1.61e+00  5.98e+04  1032s
   4   6.31188640e+05  2.73065676e+06  1.44e+09 1.45e+00  5.35e+04  1075s
   5   6.27804167e+05  3.62923103e+06  1.36e+09 1.21e+00  4.70e+04  1115s
   6   6.26702275e+05  5.06422090e+06  1.28e+09 8.41e-01  3.73e+04  1157s
[2026-09-17T23:32:41.020] error: *** JOB 14088616 ON della-h14n13 CANCELLED AT 2026-09-17T23:32:41 DUE TO TIME LIMIT ***
