
libgomp: Invalid value for environment variable OMP_NUM_THREADS: invalid
Set parameter LicenseID to value 197246
Set parameter GURO_PAR_SPECIAL
Set parameter TokenServer to value "license.rc.princeton.edu"
Set parameter Method to value 2
Set parameter Crossover to value 0
Set parameter BarConvTol to value 0.001
Set parameter Method to value 2
Set parameter Crossover to value 0
Set parameter BarConvTol to value 0.001
Gurobi Optimizer version 13.0.3 build v13.0.3rc0 (linux64 - "Red Hat Enterprise Linux 9.8 (Plow)")

CPU model: AMD EPYC 9654 96-Core Processor, instruction set [SSE2|AVX|AVX2|AVX512]
Thread count: 192 physical cores, 192 logical processors, using up to 32 threads

Non-default parameters:
Method  2
BarConvTol  0.001
Crossover  0

Optimize a model with 21242202 rows, 16507597 columns and 73682284 nonzeros (Max)
Model fingerprint: 0xb53075c2
Model has 32 linear objective coefficients
Coefficient statistics:
  Matrix range     [1e-03, 1e+06]
  Objective range  [6e-02, 1e+00]
  Bounds range     [1e+00, 1e+00]
  RHS range        [1e-03, 3e+08]

Presolve removed 10156167 rows and 3002468 columns (presolve time = 5s)...
Presolve removed 10658735 rows and 5884285 columns (presolve time = 10s)...
Presolve removed 15779525 rows and 10534358 columns (presolve time = 20s)...
Presolve removed 15785167 rows and 10540000 columns (presolve time = 20s)...
Presolve removed 15876290 rows and 10631092 columns (presolve time = 25s)...
Presolve removed 16024465 rows and 10677518 columns (presolve time = 30s)...
Presolve removed 16060230 rows and 10792363 columns (presolve time = 35s)...
Presolve removed 16060230 rows and 10792363 columns
Presolve time: 37.01s
Presolved: 5181972 rows, 5715234 columns, 33162246 nonzeros
Elapsed ordering time = 6s
Elapsed ordering time = 10s
Elapsed ordering time = 15s
Elapsed ordering time = 20s
Elapsed ordering time = 25s
Elapsed ordering time = 39s
Elapsed ordering time = 40s
Elapsed ordering time = 45s
Ordering time: 102.45s
Elapsed ordering time = 141s
Elapsed ordering time = 147s
Elapsed ordering time = 150s
Elapsed ordering time = 155s
Elapsed ordering time = 160s
Elapsed ordering time = 165s
Elapsed ordering time = 171s
Elapsed ordering time = 175s
Elapsed ordering time = 180s
Elapsed ordering time = 185s
Elapsed ordering time = 190s
Elapsed ordering time = 195s
Elapsed ordering time = 200s
Elapsed ordering time = 205s
Elapsed ordering time = 210s
Elapsed ordering time = 215s
Elapsed ordering time = 220s
Elapsed ordering time = 225s
Elapsed ordering time = 230s
Elapsed ordering time = 235s
Elapsed ordering time = 240s
Elapsed ordering time = 245s
Elapsed ordering time = 250s
Elapsed ordering time = 255s
Elapsed ordering time = 260s
Elapsed ordering time = 265s
Elapsed ordering time = 270s
Elapsed ordering time = 275s
Elapsed ordering time = 280s
Elapsed ordering time = 285s
Elapsed ordering time = 290s
Elapsed ordering time = 295s
Elapsed ordering time = 300s
Elapsed ordering time = 305s
Elapsed ordering time = 310s
Elapsed ordering time = 315s
Elapsed ordering time = 320s
Elapsed ordering time = 325s
Elapsed ordering time = 330s
Elapsed ordering time = 335s
Elapsed ordering time = 340s
Elapsed ordering time = 345s
Elapsed ordering time = 350s
Elapsed ordering time = 355s
Elapsed ordering time = 360s
Elapsed ordering time = 365s
Elapsed ordering time = 370s
Elapsed ordering time = 375s
Elapsed ordering time = 380s
Elapsed ordering time = 385s
Elapsed ordering time = 390s
Elapsed ordering time = 395s
Elapsed ordering time = 400s
Elapsed ordering time = 405s
Elapsed ordering time = 410s
Elapsed ordering time = 415s
Elapsed ordering time = 420s
Elapsed ordering time = 425s
Elapsed ordering time = 430s
Elapsed ordering time = 435s
Elapsed ordering time = 440s
Elapsed ordering time = 445s
Elapsed ordering time = 450s
Elapsed ordering time = 455s
Elapsed ordering time = 460s
Elapsed ordering time = 465s
Elapsed ordering time = 470s
Ordering time: 495.99s
Elapsed ordering time = 502s
Elapsed ordering time = 505s
Elapsed ordering time = 510s
Elapsed ordering time = 515s
Elapsed ordering time = 520s
Elapsed ordering time = 531s
Elapsed ordering time = 536s
Elapsed ordering time = 541s
Elapsed ordering time = 546s
Elapsed ordering time = 551s
Elapsed ordering time = 556s
Elapsed ordering time = 560s
Elapsed ordering time = 566s
Elapsed ordering time = 570s
Elapsed ordering time = 575s
Elapsed ordering time = 580s
Elapsed ordering time = 585s
Elapsed ordering time = 590s
Ordering time: 597.07s

Barrier statistics:
 Dense cols : 4260
 Free vars  : 672
 AA' NZ     : 1.341e+08
 Factor NZ  : 7.517e+08 (roughly 10.0 GB of memory)
 Factor Ops : 2.007e+12 (roughly 4 seconds per iteration)
 Threads    : 32

                  Objective                Residual
Iter       Primal          Dual         Primal    Dual     Compl     Time
   0   6.08993307e+05  7.86751342e+05  1.93e+09 2.05e-01  2.93e+04   799s
   1   6.07966851e+05  1.05324996e+06  1.83e+09 2.50e+00  2.74e+04   818s
   2   6.13195364e+05  1.37032607e+06  1.69e+09 2.40e+00  2.52e+04   845s
   3   6.21957248e+05  1.72106335e+06  1.58e+09 2.14e+00  2.34e+04   882s
   4   6.26959285e+05  2.14190348e+06  1.44e+09 1.92e+00  2.09e+04   914s
   5   6.29413114e+05  3.04848814e+06  1.36e+09 1.72e+00  1.78e+04   945s
   6   6.30653133e+05  3.91294942e+06  1.32e+09 1.22e+00  1.48e+04   979s
   7   6.50467263e+05  4.95790330e+06  7.97e+08 7.16e-01  9.20e+03  1023s
   8   6.69655553e+05  5.59120791e+06  6.68e+08 3.18e-01  5.71e+03  1062s
   9   6.76983922e+05  5.52634024e+06  4.49e+08 1.72e-01  3.68e+03  1106s
  10   6.46683688e+05  4.96417761e+06  3.09e+08 4.17e-02  2.27e+03  1148s
  11   5.44978461e+05  4.73744300e+06  2.04e+08 1.54e-02  1.48e+03  1184s
  12   2.88036910e+05  4.41214347e+06  6.98e+07 3.49e-03  5.36e+02  1211s
  13   2.30590263e+05  3.95618531e+06  5.30e+07 2.51e-03  4.05e+02  1236s
  14   1.81957822e+05  3.75711685e+06  4.00e+07 2.38e-03  3.08e+02  1256s
  15   1.49864399e+05  3.43996274e+06  3.19e+07 1.99e-03  2.43e+02  1279s
  16   1.26778438e+05  3.20550983e+06  2.64e+07 1.68e-03  2.01e+02  1304s
[2026-09-17T23:32:41.019] error: *** JOB 14088615 ON della-h14n8 CANCELLED AT 2026-09-17T23:32:41 DUE TO TIME LIMIT ***
