
libgomp: Invalid value for environment variable OMP_NUM_THREADS: invalid
Set parameter LicenseID to value 197246
Set parameter GURO_PAR_SPECIAL
Set parameter TokenServer to value "license.rc.princeton.edu"
Set parameter Method to value 2
Set parameter Crossover to value 0
Set parameter BarConvTol to value 0.001
Set parameter Method to value 2
Set parameter Crossover to value 0
Set parameter BarConvTol to value 0.001
Gurobi Optimizer version 13.0.3 build v13.0.3rc0 (linux64 - "Red Hat Enterprise Linux 9.8 (Plow)")

CPU model: Intel(R) Xeon(R) Gold 6242 CPU @ 2.80GHz, instruction set [SSE2|AVX|AVX2|AVX512]
Thread count: 32 physical cores, 32 logical processors, using up to 32 threads

Non-default parameters:
Method  2
BarConvTol  0.001
Crossover  0

Optimize a model with 21242202 rows, 16507597 columns and 73682284 nonzeros (Max)
Model fingerprint: 0xc930330a
Model has 32 linear objective coefficients
Coefficient statistics:
  Matrix range     [1e-03, 1e+06]
  Objective range  [1e-01, 9e-01]
  Bounds range     [1e+00, 1e+00]
  RHS range        [1e-03, 3e+08]

/var/spool/slurmd/job14087776/slurm_script: line 17: 3383674 Killed                  julia run_test.jl
[2026-09-17T22:51:06.786] error: Detected 1 oom_kill event in StepId=14087776.batch. Some of the step tasks have been OOM Killed.
