  Activating new project at `~/NZC_MGA/NZC_Workshop_Example_Systems_June_2026/NZC_Workshop_All Sector_12day_MultiPeriods_WIP/MacroEnergy.jl`
Precompiling packages...
Info Given MacroEnergy was explicitly requested, output will be shown live [0K
[0K
[0Klibgomp: Invalid value for environment variable OMP_NUM_THREADS: invalid
[0K
[0Klibgomp: Invalid value for environment variable OMP_NUM_THREADS: invalid
[0K
[0Klibgomp: Invalid value for environment variable OMP_NUM_THREADS: invalid
[0K
[0Klibgomp: Invalid value for environment variable OMP_NUM_THREADS: invalid
[0K
[0Klibgomp: Invalid value for environment variable OMP_NUM_THREADS: invalid
[0K
[0Klibgomp: Invalid value for environment variable OMP_NUM_THREADS: invalid
[0KWARNING: Constructor for type "Bool" was extended in `FixedPointDecimals` without explicit qualification or import.
[0K  NOTE: Assumed "Bool" refers to `Base.Bool`. This behavior is deprecated and may differ in future versions.`
[0K  NOTE: This behavior may have differed in Julia versions prior to 1.12.
[0K  Hint: If you intended to create a new generic function of the same name, use `function Bool end`.
[0K  Hint: To silence the warning, qualify `Bool` as `Base.Bool` in the method signature or explicitly `import Base: Bool`.
[0KERROR: LoadError: ArgumentError: Package MacroEnergy does not have JSONTables in its dependencies:
[0K- You may have a partially installed environment. Try `Pkg.instantiate()`
[0K  to ensure all packages in the environment are installed.
[0K- Or, if you have MacroEnergy checked out for development and have
[0K  added JSONTables as a dependency but haven't updated your primary
[0K  environment's manifest file, try `Pkg.resolve()`.
[0K- Otherwise you may need to report an issue with MacroEnergy
[0KStacktrace:
[0K  [1] macro expansion
[0K    @ ./loading.jl:2378 [inlined]
[0K  [2] macro expansion
[0K    @ ./lock.jl:376 [inlined]
[0K  [3] __require(into::Module, mod::Symbol)
[0K    @ Base ./loading.jl:2358
[0K  [4] require(into::Module, mod::Symbol)
[0K    @ Base ./loading.jl:2334
[0K  [5] top-level scope
[0K    @ ~/MacroEnergy.jl/src/MacroEnergy.jl:7
[0K  [6] include(mod::Module, _path::String)
[0K    @ Base ./Base.jl:306
[0K  [7] include_package_for_output(pkg::Base.PkgId, input::String, depot_path::Vector{String}, dl_load_path::Vector{String}, load_path::Vector{String}, concrete_deps::Vector{Pair{Base.PkgId, UInt128}}, source::Nothing)
[0K    @ Base ./loading.jl:2996
[0K  [8] top-level scope
[0K    @ stdin:5
[0K  [9] eval(m::Module, e::Any)
[0K    @ Core ./boot.jl:489
[0K [10] include_string(mapexpr::typeof(identity), mod::Module, code::String, filename::String)
[0K    @ Base ./loading.jl:2842
[0K [11] include_string
[0K    @ ./loading.jl:2852 [inlined]
[0K [12] exec_options(opts::Base.JLOptions)
[0K    @ Base ./client.jl:315
[0K [13] _start()
[0K    @ Base ./client.jl:550
[0Kin expression starting at /home/al3792/MacroEnergy.jl/src/MacroEnergy.jl:1
[0Kin expression starting at stdin:5
              ✗ MacroEnergy (serial)
  0 dependencies successfully precompiled in 291 seconds

ERROR: LoadError: The following 1 direct dependency failed to precompile:

MacroEnergy 

Failed to precompile MacroEnergy [260b7737-bf0e-4e84-9335-3af14438b1f5] to "/home/al3792/.julia/compiled/v1.12/MacroEnergy/jl_bBoZkm".
libgomp: Invalid value for environment variable OMP_NUM_THREADS: invalid

libgomp: Invalid value for environment variable OMP_NUM_THREADS: invalid

libgomp: Invalid value for environment variable OMP_NUM_THREADS: invalid

libgomp: Invalid value for environment variable OMP_NUM_THREADS: invalid

libgomp: Invalid value for environment variable OMP_NUM_THREADS: invalid

libgomp: Invalid value for environment variable OMP_NUM_THREADS: invalid
WARNING: Constructor for type "Bool" was extended in `FixedPointDecimals` without explicit qualification or import.
  NOTE: Assumed "Bool" refers to `Base.Bool`. This behavior is deprecated and may differ in future versions.`
  NOTE: This behavior may have differed in Julia versions prior to 1.12.
  Hint: If you intended to create a new generic function of the same name, use `function Bool end`.
  Hint: To silence the warning, qualify `Bool` as `Base.Bool` in the method signature or explicitly `import Base: Bool`.
ERROR: LoadError: ArgumentError: Package MacroEnergy does not have JSONTables in its dependencies:
- You may have a partially installed environment. Try `Pkg.instantiate()`
  to ensure all packages in the environment are installed.
- Or, if you have MacroEnergy checked out for development and have
  added JSONTables as a dependency but haven't updated your primary
  environment's manifest file, try `Pkg.resolve()`.
- Otherwise you may need to report an issue with MacroEnergy
Stacktrace:
  [1] macro expansion
    @ ./loading.jl:2378 [inlined]
  [2] macro expansion
    @ ./lock.jl:376 [inlined]
  [3] __require(into::Module, mod::Symbol)
    @ Base ./loading.jl:2358
  [4] require(into::Module, mod::Symbol)
    @ Base ./loading.jl:2334
  [5] top-level scope
    @ ~/MacroEnergy.jl/src/MacroEnergy.jl:7
  [6] include(mod::Module, _path::String)
    @ Base ./Base.jl:306
  [7] include_package_for_output(pkg::Base.PkgId, input::String, depot_path::Vector{String}, dl_load_path::Vector{String}, load_path::Vector{String}, concrete_deps::Vector{Pair{Base.PkgId, UInt128}}, source::Nothing)
    @ Base ./loading.jl:2996
  [8] top-level scope
    @ stdin:5
  [9] eval(m::Module, e::Any)
    @ Core ./boot.jl:489
 [10] include_string(mapexpr::typeof(identity), mod::Module, code::String, filename::String)
    @ Base ./loading.jl:2842
 [11] include_string
    @ ./loading.jl:2852 [inlined]
 [12] exec_options(opts::Base.JLOptions)
    @ Base ./client.jl:315
 [13] _start()
    @ Base ./client.jl:550
in expression starting at /home/al3792/MacroEnergy.jl/src/MacroEnergy.jl:1
in expression starting at stdin:
in expression starting at /home/al3792/NZC_MGA/NZC_Workshop_Example_Systems_June_2026/NZC_Workshop_All Sector_12day_MultiPeriods_WIP/case/run_test.jl:4
